a-@hotmail.com:Chocolate123!
1310567@my.brunel.ac.uk:Metalgea7
13jazen@gmail.com:!Bimmer13
131walters@gmail.com:kswiss69
13halof4n@gmail.com:my1Family
13octbr@gmail.com:lolsmd12
12brbrown@gmail.com:Nightfurry1!
14miyeung@gmail.com:str139656
1376061325@qq.com:Xrj990629
1586480364@qq.com:chenwen123
16karim.ibrahim@gmail.com:mcgill17
1611786161@qq.com:Yuan0130
16fitzhenry@oakhill.nsw.edu.au:zacben05
142906@epsstudents.org:Thomas123@
15soeren.behrens15@gmail.com:Nttqbc15!
17stephen17@gmail.com:Stephen17
13joshjd@gmail.com:Joshua13
17itod@mvcds.org:MAKE17@up
16ikittrell@gmail.com:!Nikeair1
12honza21@gmail.com:Hradiste1.
17jperez38@gmail.com:820Colgate
178keem@gmail.com:vulcha123
1977jgr@gmail.com:Papi72850$
195247csanders@gmail.com:chris1181
1998brandonh@gmail.com:1998hernandez
19agashathavan@gmail.com:London123*
1983cloud@gmail.com:Fantasy1
1michaelportes@gmail.com:Buceta12
2001neil@gmail.com:Dr@gonfly2001
1sully.schlegel1@gmail.com:suckthis1
1326944324@qq.com:Js990306
2002plata@gmail.com:meetoo12
17coyote@gmail.com:Coyote93!
1andonly071@gmail.com:Aydan@2004
2003leonardo28@gmail.com:l102803M
1tnyama00@gmail.com:L3tmein.
1598purple@gmail.com:Marley1.
1varunmadabhushi3@gmail.com:Bruh1213
1n.salim30@gmail.com:urbanoutlawz1
1ylfsgip@gmail.com:Pigsfly1
2003dnic@gmail.com:Dominic8$
12garcia27@gmail.com:Raphael12.
1hoopercla@gmail.com:Hoop6624
1reginald.sturdivant@gmail.com:#1RollTide
213732@mystisd.net:Marcelo456$
16112001l@gmail.com:lukastuka
1999tdvc@gmail.com:Madredeus1.
17bryanhernandez@gmail.com:Pollito1!
20parkc@aseschool.net:beastraw1
1justinmcgill@gmail.com:justus81
2018ismailh@gmail.com:hism2ila2
1shot077@gmail.com:Renald355
203santibeats@gmail.com:bionicle.1
21ebanerjee@aes.ac.in:Googgoog1!
2002felixliu@gmail.com:2002felixliu
21gabriel75@gmail.com:Gabriel12$
1912rene@gmail.com:M1necr@ft
23pacmantay@gmail.com:rookhard123
1jacksongraham@gmail.com:Maggie!35
21baccam16@gmail.com:Jumpman@23
2546506618@qq.com:180080Ci@
2161289armando@gmail.com:Jc0216991
1josefcrowther@gmail.com:Google100!
21ahmed.ali@gmail.com:aliahmed12
1991mdxx@gmail.com:B@pesta123
2900talibansoldier@gmail.com:Popcorn#1
27graydawg@gmail.com:Baseb@ll27
22gomezde@willmar.org:Copper@12
19fuyang@gmail.com:June2011#
20michael.m03@gmail.com:P455w0rd_
27andyjr@gmail.com:Fame$8899
19pastormartinez@gmail.com:Pm4040?!40
19nfisher@tcnschools.org:nathan23
2189114a@gmail.com:09171963aB@
19.97theodore@gmail.com:Starworld1!
2651815@gmail.com:123qweasd
2905158907@qq.com:ygx201511
23deltas@gmail.com:Delta2323
291893024@qq.com:a6931672
2014fta@gmail.com:Faraz*987
2tylerpeterson@gmail.com:60774950
2212puckett@charter.net:donkeykong1
2luisvasquez3@gmail.com:vasquezsanchez
28benicio@gmail.com:Linares7
2thehoopike@gmail.com:Christ_99
277bbarthur@gmail.com:Alarcon1993@@
15gbaysa@shcp.edu:Iamsoreal23!
1tylerbartlett1@gmail.com:1Lefty!1
22khanadam@gmail.com:nothing13579
2bbluhm@gmail.com:Ninjaman2244
2865408501@qq.com:Kevinwu.7242
2ldnixon24@gmail.com:firefox92
2whitec@gmail.com:Cw6996!!
1970karencurran@gmail.com:Nicholas@94
2bad2sadhomo@gmail.com:Jack2004..
2bandju@gmail.com:batman124
2003kevinle@gmail.com:Kevinle12345
21537@nsbnet.co.uk:j@mes001
2chengsj14@gmail.com:FriedRice
2687126832@qq.com:38462758B1
41benjoh12@gmail.com:Megaprime14!
2carloscorrea3@gmail.com:Montoya23$
404errorlinknotfound@gmail.com:cxkl4361
405okay@gmail.com:Andrea10
3apalacios@gmail.com:Adri@n2002
2707mds@gmail.com:Mango123@
402663929@qq.com:A122728539
372047810@qq.com:asdzxc123
2batman23@gmail.com:isaac2005
420asscheese@gmail.com:googlehug
1399sb@gmail.com:sukhi1399
24julian21@gmail.com:2Julian4
2kicks1cle6@gmail.com:Cavaliers2!
360battman@gmail.com:@Cowboy##12
441846869@qq.com:67127977
415smallville@gmail.com:Jordant23.
4kidgamin@gmail.com:mojo86867
4punkake@gmail.com:Zawarudo.1
525600152lin@gmail.com:Zaqxsw123.
48.tokyolove@gmail.com:akb48!!!
2353edgarvargas@gmail.com:tegarine23
4bloodykiller@gmail.com:Killer2544$
3olivergene@gmail.com:Southfield223$
5555chumchum@gmail.com:Chumchum5$
503321791@qq.com:AllanLi123_
54thbulldog@gmail.com:Homeboy1!
4kyleinprasueth@gmail.com:Liana1109
3dward.yu@gmail.com:Sleeper1!
6thgobs@gmail.com:skatenothate
23testy100@gmail.com:Book1002
4adamwills@gmail.com:22982298a
707jasonfarley@gmail.com:Jason707$
701mcdoom@gmail.com:yankees@124
6723.aw@gmail.com:123gonow
69antz96@gmail.com:505raiders
4gcustomkicks@gmail.com:#Cristo11
79101779@qq.com:X12311981m
7donart@gmail.com:12Donchi
724389192@qq.com:fcdqy98101800@i
673711713@qq.com:qq1616188124
770182201@qq.com:1qaz2wsx
834988@apps.district196.org:Falcon#19
685089@pdsb.net:123QWErty!@#
64gamerboy64@gmail.com:Lan@2016
75047132@qq.com:wso6565286
814663319@qq.com:Stan0302!
47shiz@gmail.com:april2003
5isaiahchambers@gmail.com:I2033029c
9001times4@gmail.com:bochie11
7999.ct@gmail.com:tolbert6
940187968@qq.com:abcd5787650
89rocha89@gmail.com:Alexrami1
a.cuevas2229@gmail.com:Adriancuevas7
7qwaszxxx@gmail.com:7qwasZX!
95jiale@gmail.com:shade123
7street8@gmail.com:*05Street
98erick@gmail.com:Jimenez12
913188578@bryantschools.org:k.michelle00
a.chandler383@gmail.com:Broncos1234$
757826887@qq.com:zhang0922
a.banfi412@gmail.com:$RFV7ujm
9kcharles@gmail.com:Master45
9439089@gmail.com:feng2007
a.scott170@gmail.com:Wash170!
a.crnolic@icloud.com:Bosnia1586!
8oyoya@gmail.com:Shady1984
9787@chiswickschool.org:Mohammed.123
82386@churchie.com.au:Simpsons@12
a0049413@gmail.com:Alisamir123
a.key70@yahoo.com:Anhoe8912
887796865@163.com:Woshizl123
a.ottley4114@gmail.com:Money$23
a.outlaw@hotmail.com:404678770
a.r.cotson@gmail.com:CoraNicole#82!
a.b.allarey@gmail.com:migs1029
a.gonzalez725@gmail.com:Fatboy1131
a.huggins36@yahoo.com:bloodmoney250
a1092134478@icloud.com:z9649825
a123brodie456@gmail.com:Awesome2000
aa5525510@gmail.com:Blackops1
a.feliciano2001@yahoo.com:abner2001
a_josecarlos@yahoo.com:Trickshot1998!
2735max@gmail.com:Dolphin77!
a2artiles@gmail.com:Andy@0214
702guitarist@gmail.com:Andrea1!
a.mejia2123@yahoo.com:Joksta2123
a_murillo16@yahoo.com:PEE16wee!
aadhihere@gmail.com:aadithya123
aaliyah.garcia4@icloud.com:letitgo99&
aah331101@yahoo.com:hummer22
a_mejia69@yahoo.com:Cartoon2248
8teamofficial@gmail.com:Aaron#143
a_abz@hotmail.co.uk:a596493b
a1inabox11@gmail.com:proqwer2
a_t_27@hotmail.de:oezdemir27
a88joker@gmail.com:unkool216
a.evelyn419@yahoo.com:Eren0214!
aangoo8@gmail.com:aqswde123
aaron.king9724@gmail.com:Aking53198
a_southall97@yahoo.com:Priv@te123!
aadityaa.kannan2002@gmail.com:Grapefruit1305
a2301772006@yahoo.com.tw:tim971512
a.oeur1@gmail.com:bodian1991
aangelazheng@ymail.com:Eckored1&
aaron_calaunan@yahoo.com:Avery925
aaron.c.padget@gmail.com:Sonic17!
a.jufairi@hotmail.com:tiger321
aaron.fourshrimp@gmail.com:shrimpy@46
a8yee@ucsd.edu:asdfasdf123
aaron.8492@gmail.com:imbored0409
aaron284@gmail.com:swordman2841
aaronbryanchin@hotmail.com:zgmfx10a
aaqibkamarudeen1998@gmail.com:Aaqib1998!
88saadiq@gmail.com:saadiq88
aaron_miu@yahoo.com:reePer123*
aarondwyer45@gmail.com:aszxdcfv12
aaromatth@gmail.com:6138260907
aaron.gibson07@gmail.com:Storox05!
aaldridge1234@me.com:donman65
a123johnmt123a@gmail.com:Johntran123
aa_bem@hotmail.com:nike1030
aaron_ali23@yahoo.com:jamaal23
963915437@qq.com:qcf123123
aaron.theway@gmail.com:Journey2@
7geraaa@gmail.com:bambino91
aaron.jaijai@gmail.com:allinxtc1
aaronisasian25@gmail.com:razer7160
aabatteries250@gmail.com:sikatuna23
aaron.mark.3323313@gmail.com:noraa2001
aaron-madden@hotmail.com:duffers6
aandrehernandez@gmail.com:Nathen16
a.aborde@yahoo.com:Maltese31
a1chackney@gmail.com:bigruf27
aaron.terrazas15@gmail.com:letsdance0
aaronmorris37@aol.com:Aaron100
aaron-falloutzz@hotmail.com:10Chiro!
aaron.lamar@gmail.com:Alanna17!
aaronmooreusa@gmail.com:Montessori08
aandi.anugrah@yahoo.com.au:316Anugrah
aaron.hall22986@gmail.com:indiana1
aaronjohnboone@gmail.com:Booney1234
aaronmastropieri@gmail.com:lordloss969
aaronator500@outlook.com:yowilly123
aaronlam.1997@gmail.com:thehuynh
aaronbulnes91@gmail.com:Jonas124$
aaronchea@yahoo.com:CoolGrey11
aaronhenry3737@gmail.com:Rock1992$
aaronmartinez138@gmail.com:Aaron123@
aaronmindel3@gmail.com:pinkcamo
aaroncrace@gmail.com:1Sagemo!
aaron.badure@gmail.com:Nascar#88
aamer.husain.17@gmail.com:narutouzumaki
aaronbantayy@gmail.com:iceland123
aaronperson97@gmail.com:thebeast1
aaronpacupac@gmail.com:uhmmm123
aahicks43@gmail.com:kingkong
a_mac98@hotmail.com:Hanwell98!
aaronscripts@gmail.com:Future_70
a.hakim_mursal@hotmail.com:Abdi!1234
aaronchoo1987@gmail.com:Aaronchoo12
aarav730@icloud.com:Raiders=1
aakkouche111@gmail.com:Tryagain#3
99016545@my.hartdistrict.org:joker123jonny
aaron.pwns89@gmail.com:Jade1223
aaronv206@icloud.com:Skylark206
aaronmariscal12@gmail.com:blackisthebest
aar2121@yahoo.com:Yeababy9
aaron.brinkley@icloud.com:Ajballhard#1
aaapa01@yahoo.com:Pens1994
aarorie16@gmail.com:batmanIS#01!
aaronpolanco24@gmail.com:badass24
aaliyah.reed@aol.com:Pancakes11!
aanchs17@gmail.com:Star*1234
aaroncheung95@hotmail.com:Daace2525
aaronwatkins974@gmail.com:Defjam13
aaliyan.ahmad1357@gmail.com:Aaliyan1357
a.kolaj@outlook.com:Button00!
aaron.le23@gmail.com:Legoman1
aaronkser@gmail.com:Mk40651!
aaguila721@yahoo.com:aga627721
aaronvue559@gmail.com:Evil_ryu101
aaugust86@gmail.com:Gladstone12
aalexisbeltran21@yahoo.com:Blackops1
aashir.meeran@gmail.com:welcome143
aackcell@hotmail.com:Clockworktoy
aaronraykeeter@gmail.com:Holacinco1!
abarre427@gmail.com:Fufu54321
aarondserna@yahoo.com:hellya$6913
aaronxie2003@gmail.com:Q13117God
aaronmartinezzavala@outlook.com:AaronM.1
aaronzhang0701@gmail.com:Zjc20030701
aarralx@yahoo.com:#Yoshi1408
abdallasadaq71@gmail.com:Falcon#22
aalex2531@gmail.com:arexarex1
aarushkhanna1967@gmail.com:Aarush-1967
aaronz666@hotmail.com:26689420
abdiel017@gmail.com:A1994y2004@
abcasarin123@gmail.com:Casarin10
aarushtastic@gmail.com:aarush12
abdul.el.houri@gmail.com:nekolove
abdirahman2111@gmail.com:abdirahman11
aatgilliam@gmail.com:10555501
abdiag3@gmail.com:bashiali
abbosergashev12@gmail.com:roblox13
aaron.batiste@hotmail.com:calibur1
aaronandrade831@gmail.com:andrade831
abdulkaskas77@gmail.com:Kaskas77
ab.illuminations@gmail.com:AnThOnY-09
abdullahiosmanm@gmail.com:Irving19!
aarondavid282212@gmail.com:Aarondavid12
aasmith822@gmail.com:Alex0822!
aaronmayers53@gmail.com:Avery101!
abdul.alsulaiman@gmail.com:Aalsulaiman_95
aarez117@gmail.com:steelert7
abdulrahman_aqqad@outlook.com:Akkadcom123*
abdullahalsaud86@gmail.com:abdullahf01
a.hussain949@icloud.com:Amir3011
abdoudiop@globaltechprep.org:maimai44
abduizzle@gmail.com:@Angles12345
abdallah.m.ali@outlook.com:Foryou77
abathingj@gmail.com:Indigo22
abad.jonas86@gmail.com:1qaz@WSX
aaron.eldad@gmail.com:uhukuhuk2
aaron.guidaarm@gmail.com:Marcus#84
ab0516@yahoo.com:Pizza123
abcbenjaminmallari@gmail.com:Mallari11!
a01568861@icloud.com:Antonio2003.
abenav12@gmail.com:sanjayu1
abdul_ak_xnc@hotmail.com:nohamoey
aaronong74@gmail.com:aaronthe32
aaronrhouston@gmail.com:houston7
aazzam10269@gmail.com:smeeek123
aboody121@hotmail.com:Amorg121
aaronhl1010@gmail.com:Soccer90!
aalvarado@college.harvard.edu:Janeth06
aaronshumate57@gmail.com:Rocky7654
abdi4_10@hotmail.co.uk:Sweetcap_86
aarcos214@gmail.com:Alex753!
ablyther@students.latinpcs.org:Alonzo456987
abielteklu@yahoo.com:pokemony
abboo92@gmail.com:pitbull99
abphethdara@gmail.com:Phethdara1
abdulmateenax@gmail.com:Mitram24$
abaut888@gmail.com:abalone7
abode.john123@yahoo.com:Ajmj2722
aaronjohnson312a@gmail.com:Qazwsx1!
abraham.walker87@gmail.com:Aidenw27!
abrahasimmons@gmail.com:Kidbuu1!
abdallah_elhouari@hotmail.co.uk:#Boufarik09
aaronsmet2002@gmail.com:Debbie23
abneycd01@gmail.com:bJcD0701!
aas328@cornell.edu:naruto123
abovetheclouds211@outlook.com:maggie494
abrego92@gmail.com:Ecko1992
abuelkb@icloud.com:S0cc3r@21
abudabi12123@gmail.com:Amadou2@
abdulmotaleb84@gmail.com:spain@66
abrown9211@gmail.com:One2!three
abernal081999@gmail.com:JamesB99
abrahimabdelaziz@gmail.com:Aa190587
abraham.angel.aa@gmail.com:Zerkaa2001
abi.shank.445@gmail.com:Leg0la$$
ab.resells123@gmail.com:Nov202002
abrin2001@gmail.com:Andreas125
ac204099@gmail.com:grace123
abutton8@gmail.com:4boardn8
abeast2000@gmail.com:Gtyufo17
abner.sadol@gmail.com:plastic123!
ablazek@gmx.de:Bezzycoco12
abarragan0718@gmail.com:Alex123321
abudsul@icloud.com:Abdiii23!
abrahamponce93@yahoo.com:abraham1
abigailr.rosario@gmail.com:xiX566req!
aaronwbaldwin3@gmail.com:Wayne012
aboon95@gmail.com:alexander17
abysince1998@gmail.com:Coolkids@12
abrahambryant02@gmail.com:eldesteragon
abidrizvi9@hotmail.com:ZxCvBnM123
acannillo13@gmail.com:raiders13
abhiram.nettem@gmail.com:abhiram27
abdullaalmehairbi4@gmail.com:Mehairbi4
aaronjaverto@hotmail.com:aaronjaverto123
aboucher404@gmail.com:Shadow#10
aalondra905@gmail.com:alondra23
abernarding7@gmail.com:superstuart17
ableguy1@gmail.com:Diego15!
aaronojeda59@gmail.com:Kaboom98
aaronmcdk@gmail.com:Lespaul95!
acexxfreedom@gmail.com:!Bamboo673
abdutam@gmail.com:adam1130
abbyaldeguer@gmail.com:Prosperity$88
aceboogi333@gmail.com:show7prove
aceking4u@yahoo.com:Iambored3!
abuxton6@gmail.com:ollie12345
aarontalabong1@gmail.com:Reborn1518
achrafrezqui@gmail.com:achraf88
abel.cruz55@gmail.com:Sipote1!
ac169j@gmail.com:Spike169
abjr00@live.com:BasketBall88
abernal1785@gmail.com:IMBATMAN
ace_357@hotmail.com:Hockey357
abdj15@gmail.com:pineapples14
achint.pushkarna@gmail.com:Chimpy12!
abusinger10@hotmail.com:Ausjayami3
aburby777@gmail.com:calvin777
ace.hansolo@gmail.com:eminem130
abelyax@gmail.com:Bluepsp10@
acalzadillas1@icloud.com:Alonzo.1
abrooksjr@gmail.com:badboy@12
abbasrahman99@gmail.com:Abbas010899
abalcells22@gmail.com:star4350037
a20031997@gmail.com:keryjames93
acharp@live.com:Football1.
aarenjones@rocketmail.com:Waterboy24
achanthaboune@gmail.com:Forgot123$
abwarden@comcast.net:Strax2016!
acanales127@gmail.com:elpuro65
abmodder16@gmail.com:ashton9669
ace123boogie123@gmail.com:CAM1NEWTON
abdc_321@yahoo.de:adidas10
abrams.trenton@hotmail.com:Trenton18!
achang9294@yahoo.com:qwerty007!
ac.monteirotdeo@hotmail.com:Clashofclans1!
abemitchcarter@gmail.com:Abe#1995
abrahamgrajeda5@gmail.com:BamBam@04
aaronspence31@gmail.com:coolguys12
abetheawsome@gmail.com:Leslie<3
acekingcantu19@gmail.com:Acemaster37
abmejia@millersville.edu:naruto12
abrahamb.146@gmail.com:ab016720
abdultork3@gmail.com:abdul991
aaronlam111@gmail.com:Aaron15214
achristopher243@gmail.com:Chris2004$
absrey1016@outlook.com:Absrey1016
aarueda20@gmail.com:#1Alexis
acarialexander30@gmail.com:awesome1020
acantu773@gmail.com:Rocker89!
abishang@hotmail.com:hilfenhaus
abre.prisci@yahoo.com:Incorrect23*
absansfan@gmail.com:ppod#123
aciidsilence@gmail.com:Shadlz00
abecohen888@gmail.com:winnIe12!
acm4500@gmail.com:Allstar234500!
abdeltayem@gmail.com:1,a2.b3,c
acs1223@hotmail.com:Snapple1307!
acarlos2002@outlook.com:Cherry@02
abdulajrulah@gmail.com:abdul05$
acunajacob05@icloud.com:Jacob1215
acescracked360@hotmail.com:4thecolony
absol99noscopedyou@gmail.com:jac2004!
aceyryno@att.net:1Chicken
acpsp4me@gmail.com:00Aaron!
aculzac@gmail.com:Demo1906!
ackellyps@gmail.com:drAgon11!
adam.mabilangan1@gmail.com:aadamwho1
adaelquezada14@gmail.com:Benny140
abner.ortiz1994@gmail.com:Lechuga.123
acuevas665@gmail.com:z5sqvb4u
adama4145@gmail.com:Afr2219367!
abrahamscipio@yahoo.com:Steelers-1
adam.buckles31@gmail.com:seattleseahawks
adam.burda9@gmail.com:adasadas1
abnergarcia.1105271@gmail.com:0619Roca
adamebengtson@gmail.com:AdamB6204
adamcvarela@gmail.com:Basketball12098
adam.macminn@gmail.com:fawcett12
adamhibbert21@gmail.com:Dodobird5
acm.hogan@gmail.com:@hogar94
adam_77paper@hotmail.com:Candy123
activefire762@gmail.com:Bm01/21/04
adamjrlopez@gmail.com:amjmarfil1
abodi2016@hotmail.com:Ihateapush2016!
adamb0927@yahoo.com:January15!
adampatterson1@live.com:banjo123
adamnatsheh@gmail.com:123/salma
adampopoca28@icloud.com:p2431777
adamjiumaleh@gmail.com:Basedgod!5150
adamgreen300@gmail.com:911Turbo$
adamschmick@gmail.com:Deadpool@28
adam.vennersten@gmail.com:zappah123
acrobinson1313@gmail.com:Drew.1313
adamryouri@gmail.com:July1985!1
adeeb.akhavan1989@gmail.com:ilikeps4
adam.johnson1752.aj@gmail.com:thecheese101
aboyd16@icloud.com:16Charlie16!
acohuo011@gmail.com:Aranda01
adanh74379@gmail.com:Trojans@744
adarth545@gmail.com:memes123$
adam.chang@gmail.com:Bro0m_123
adambenkessous@gmail.com:Mynewphone9
adamog7hunnid@gmail.com:Adam2202
adenbush22@gmail.com:9Oreo1jn!!
acidicmolotov1@gmail.com:gogeta12
adashflo@outlook.com:Wvuseawsh12
adanrevs1999@gmail.com:Chivas12
adeolainc@yahoo.com:kingsford
adeeb.akhavan@yahoo.ca:ilikeps4
addy_lin411@live.com:Patriots12
adam.p.zakaria@gmail.com:Fluffy1!
adamcontreras00@gmail.com:$Isaac1980
adamvega@me.com:Bateman5
adam.thompson70@yahoo.com:Qazwsx1-.
acoleman2081@yahoo.com:chris0908
adamastacio21@gmail.com:Giants21!
adamasoumahoro742@gmail.com:Dime1234
adesmedia13@gmail.com:ade1985e
adil.nawaz30@outlook.com:shooter1
adambrgs24@gmail.com:Not2good!
adamt66@gmail.com:ArkhamCork0!
acpeppas@gmail.com:Kimchi2019
addict2ffvii@gmail.com:Kaiter4634
adeajayi985@yahoo.com:Videogames1!
adilpatel497@gmail.com:Bread22*
acemou@gmail.com:lovegod12345
adamperez212130@gmail.com:3602605021
adare46712@gmail.com:bookman101
adidas.kevin.3@gmail.com:Kevin2301!
adcover0829@gmail.com:alt0829*
adamho8465@gmail.com:RockyDog24
admendez18@gmail.com:rotty1994
adamir.unb@gmail.com:Ttku1718!
adalricleung@hotmail.com:68audy32
adnanzantout123@gmail.com:Dodododo23
adeida@outlook.com:Shadow!01
adolfolucio93@yahoo.com:yeezus11
adonis.fortunato@gmail.com:neji4life03
adi934liife@gmail.com:Adiel28331
adeebahmadcoc@gmail.com:adeeby786
adamlau1999@gmail.com:skullcrusher69
adoublej3@yahoo.com:nelson14
adavis.davis18@gmail.com:Bobisthebest1
adiemas.constantine@gmail.com:Genesis333!
acrico46@gmail.com:1art1223
adrean.leal@yahoo.com:Chivas21!
adeb096@gmail.com:Isengaurd1!
acbputo@gmail.com:@Jaybird116
adityadharma@gmail.com:superman33600
aditya-hamdani@hotmail.com:lolipop02
adityakharel@rocketmail.com:minecraft116
adolfoandres3@gmail.com:October31
adnanantonio23@gmail.com:Landmark1
adam-lk@hotmail.com:region95
adnanopm@gmail.com:London123@
adrian.purdy.1@gmail.com:JAzz1185$
adamsheerr@gmail.com:Memory67
adrian.torres.h777@gmail.com:Ronaldo710!
adamhyu89@gmail.com:keeper23
adrian.vonroenn@icloud.com:Gubby2003
adnanbecirovicwork@gmail.com:Seattle1996!
adrian.pabalate5431@gmail.com:skullcandy2001
adrian_hoffmann@aol.com:Turtles.12
addison.hart1024@gmail.com:getbucketz7
adil2183@gmail.com:GianT$$11
adnate20@gmail.com:zane1234
adolphushoward53@gmail.com:Ahoward98!
adriandepena@optonline.net:AdrianK@01
adrian_s.th@hotmail.com:PinkYFreaK
adrian.chimbo9875@gmail.com:valley9875
adrian.pl.chan@gmail.com:juker101
adrian_ibarra10@yahoo.com:123lion5
adem1truong@gmail.com:tony1105
adrianglenn2@gmail.com:Moose123$
admitone1000@live.com:Je270732407
adiwelz69@gmail.com:178626AMw
adowahanna18@yahoo.com:Destiny18
acm1810@aol.com:Elvalle09*
adriadelsonn@hotmail.com:coco12345
adlguerrero@outlook.com:Dakota670
adamwaez@outlook.com:Hassoun70
adbrlawson@gmail.com:Frick420!
adriang516@yahoo.com:colts101
adj147@aol.com:Regis15!
adrianmercado0927@icloud.com:Money@moves8
adriancalderon12383@gmail.com:Pass@word1
aarshsaini@gmail.com:singh123
adamant732@mail.com:Adam5252!
actingranger90@gmail.com:Cooper0225!
adrian_lo2245@hotmail.com:Butthead2245
adriannhim21@gmail.com:Adri@n21
adisspahija04@gmail.com:Adis2004
adrianlin92@gmail.com:Poop1234
adrianjaquez860@gmail.com:stupid77&
adrianjohnson242@gmail.com:july242001
adiaz327@gmail.com:Consuelo4
adrianabella11@hotmail.com:Northstar100!
adriangandyputra@gmail.com:gpa23233
adnanpatelmanagement@gmail.com:Yahya@2014
adenbernal@gmail.com:superman209
adelkisr@hotmail.com:djwoo199
adrianmontoya55@yahoo.com:Am332035@
adriangree32@gmail.com:Patriots1996..
adrianqpq@gmail.com:Daddy209
adrianescobedo98032@gmail.com:Adrian4!
adubz95@gmail.com:Music12695!
adriiiigc24@gmail.com:AdrianaC.24
adzms@outlook.com:mexico911
adisuljkanovic@outlook.com:Eminem03!
aduzgr@gmail.com:konvict9312.
ae_it_24@hotmail.com:Gohan!0824
adrian201560@outlook.com:Coolkid12
adraham69@gmail.com:TORRES69
adrien.lombardo67@gmail.com:spike131
adrianrodriguez073@gmail.com:gingin_21
adamy185@gmail.com:Pokemony123
adrian1017k@gmail.com:Nigga1998
ae.elijah23@gmail.com:Chachi23
adriansam70@gmail.com:Skr!ll3x
adonaywoldegiorgis@gmail.com:eritrea91
adominique06@gmail.com:andrew123
adolfopenichec@hotmail.com:Roko2006#
adriandorn2001@icloud.com:Adriandorn2001
adri.marensi@gmail.com:anj1ngbuduk
adriancarrillo711@gmail.com:passWORD360
adrian.yeung0710@gmail.com:homelife09
adriananthonyrandall@gmail.com:Oneheartbeat66
adrox962@gmail.com:wwe619dx
adrianggr25@gmail.com:neworder45
adamwan8@gmail.com:Racekart1
afasanmi@unityprep.org:Buckets$12
adriangalicia85@gmail.com:Aa342022
adrieleusebio@yahoo.com:A32f0o91!
adrianconde2004@yahoo.com:Jayla1978-
adamnasr94@gmail.com:Mayser-68
adsnar01@gmail.com:Jordon23!
adrew4557@gmail.com:Drad@2004
aedrianvaldez20@gmail.com:aedrian2022
afarfan591@msn.com:Bella360@
aesdavidp@gmail.com:David0809
afahking@gmail.com:bronx718
aestioko@ymail.com:gAmbin0!
adrian.cy.ma@gmail.com:my3ru7f9t
adrianpierre798@yahoo.com:adri@158
aey.baangs@gmail.com:Oducks#8
afaq.haider1122@gmail.com:Awesomeboy1122!
adrianmelgoza65@yahoo.com:Tastedablast1
afrancois213@gmail.com:redrox213
adrian8525@icloud.com:200Bethel
afterlifesupplyco@gmail.com:disney1234
afropete83@yahoo.com:petedogg
aflor12345@gmail.com:aflores12345
adventuredude04@gmail.com:Torion.14
afbenny3116@gmail.com:Benny3124
aejdre22@yahoo.com:Pettis123!
agarybrown@gmail.com:8ist0uw6
afleituala@gmail.com:P@ssw0rd
afedzieelijah@gmail.com:junior1982
adamnaghavif@gmail.com:naghavi10
aeroboy305@gmail.com:sanits12
afsprinkle1@gmail.com:DrewWcu1
afuemana@gmail.com:nosnowho
agilderjr@gmail.com:Antoine22!
agerardo.cmma@gmail.com:Tennyson_2010
adrianabundis461@icloud.com:Adrian0610&
ag5739266@gmail.com:soccer25
adsloz02@icloud.com:Asandoval2
agmagahis@gmail.com:andrew13!
agreeley91@gmail.com:andrewrules
afkid1006@icloud.com:vfr4VFR$
afeef.zarraf2006@gmail.com:#Afz12345
acid126@icloud.com:Robles09$
afhowari@gmail.com:Austin@19
aggkar99@gmail.com:steel8911
afrogamingftw@gmail.com:Newman3325
ag260954@gmail.com:Amorsito3
aggienewme@gmail.com:christian03
adibh35@gmail.com:9876devil
afeltman548@gmail.com:Charl1e1!
agcangjaden@yahoo.com:Jaden531
ag9149036@gmail.com:Mimama27$
adoaid12@gmail.com:ao205403
aflo650@yahoo.com:Wvuseawsh12
ag5605@nyu.edu:Aman0398
agustin.miranda188@gmail.com:Blacky7thst
agumbel14@hotmail.com:Jalapeno1029
adrielbaybayan@yahoo.com:baybayan1
aggie1499@gmail.com:brothers2143
adelb26@yahoo.com:Toonami26
agst76@gmail.com:mmorpg76
aguilarheriberto@me.com:Smokey01
aestemil@gmail.com:bigred02
aguilar.sb11@gmail.com:Janoski11
adrianasuncion39@gmail.com:vandeene
afrobatman26@gmail.com:Shibby26!
aerodark23@gmail.com:WARhammer40K!
aherrera0777@gmail.com:Maxwell.09
afogo@live.com:1222597317
adrlyn040297@gmail.com:Autumn12!
ahashjeeva@gmail.com:bhnl651!
aferro05@icloud.com:gianna2929
afranchi1225@gmail.com:Echo1225!
afrasiab.zand02@gmail.com:Afrasiab17
aguy0810@live.com:asshole123
adam.salamoun@gmail.com:drago8854
aguilar9248909@outlook.com:12151412A.a
adrian9278@gmail.com:Adrian927
agrate1@hotmail.com:Arelwashere1!
ahmedjan87@gmail.com:pleomax09
ahmedwarsame2@yahoo.com:Ahmed123$
agentmullet@gmail.com:skilo123
agonza8989@gmail.com:loogle@11
ahmedshabeer01@gmail.com:starfox64
aejaygarcia@gmail.com:Aj_garcia98
ahcrouser@gmail.com:Godisgreat22*
ahmeda.ali94@yahoo.com:Illest949!
agutierrezwebf@gmail.com:snowman#12
ahmadnabulsi58@gmail.com:Ahmad_24
ahmedmesanovic15@gmail.com:ahm20104
agfarrell11@gmail.com:MJ23bball
ai.steven96@gmail.com:aqswdefr30
afbenkap@gmail.com:Giants80
aguilerav2350@gmail.com:Carti350
ahmad-k5455@hotmail.com:Qatar1234@
ahlikhalid@outlook.com:Khalidahli1
aidan.parente@gmail.com:p@r3nt3!
adrianbermudez45@gmail.com:Asaabu101
aicano918@gmail.com:Alexis918
adriancastro114@yahoo.com:chito1146
agustinmagana24@yahoo.com:Bollo2467
ahmudcarrington@yahoo.com:Swagswag!
agengzayem@gmail.com:Batman12
ahong786@gmail.com:Steelers.86
aguilardelllano.cesar@gmail.com:Wsxqaz2013
aida0999@gmail.com:arnurdilnara
aidan.r.gant@gmail.com:5Promises!
aidan.haffey@gmail.com:Hockey11$
ahsankkhan95@gmail.com:Ahsan@123
ahmon789@yahoo.com:Cowboy789
aguirrekevin12@icloud.com:Suckmycock@12
aidancpowell@gmail.com:parker1012
agarcia19961@gmail.com:abc123456789
aidand06@icloud.com:Sammoh96!
aeddingfield@hotmail.com:Jtcksabh300!
aidancash02@yahoo.com:aidancash1
aidanburst@gmail.com:2012Usmc!
aidanhartmann3485@gmail.com:Aidan_1247
aguileraalejandro253@gmail.com:superman88
aidanmohapatra@me.com:space102
adekukid@gmail.com:Alek2572!
aidanrmac@gmail.com:B0ll0cks!
ahmed.ahmed1001836@gmail.com:@Ahmed@377
agarcia.cmma@gmail.com:Tecosrocks13
aidanwhitethorne@gmail.com:Amberbmx2012!
ahtran858@yahoo.com:coolcool
afullenw@gmail.com:sosasosa
ahmedr1799@icloud.com:verizon008
aidanteradahadi@gmail.com:Chief2606
ahrum81@hotmail.com:Sunnyfresh1!
adrianfranco5952@gmail.com:Trophy12
aidenmferris@gmail.com:Winpan1*
aidena2016@gmail.com:Jan2004!
ahnafneptune@gmail.com:ahnafa01
afromanperl@gmail.com:mlpb4ever
aidanlivjennings@gmail.com:Fuckit231!
aidenescobarschool@gmail.com:Aiden3754
aespinoza4527@aol.com:ant22kia23
aidenweitzman@gmail.com:camden99
aharry2002@gmail.com:andrew1115
agreen91504@gmail.com:softball28
ahamdbey@gmail.com:Malik166
ahmet.aydin_70@hotmail.com:Kleine007!
afipanic@gmail.com:Chantel1320
ahmedsuliman@hotmail.co.uk:batoot99
adolfozavala246@gmail.com:Allstarz#53
aidenkyzer@outlook.com:Time4lunch!
aidenwalls99@gmail.com:football111
aidehurchalla@gmail.com:KingBoy1!
airlifter1237@gmail.com:lolop989
air_vandal@yahoo.com:bass1212
airjason44@yahoo.com:Vlone1997_
aidenjeanes99@gmail.com:Ch0c0late5
ahmadalqabandi0@gmail.com:121556677
ahmedalkandari27@gmail.com:Qa1@Qa1@
ahmadratat@gmail.com:caceteyo81
aileen.ea98@gmail.com:Baller98$
aiman.razer@gmail.com:china9979
adrielmartinez15@gmail.com:Hooper561
ahmedelking19981@yahoo.com:Messi_rone31
aidan.laufenberg@gmail.com:Daddy.123
adilene.ramirez96@yahoo.com:R@mirez1025
aidanhank123@outlook.com:Darla123!
ahmongainer29@gmail.com:Iamlazy12
aidansilverio@yahoo.com:superb0wl
ahsanmoinul1990@gmail.com:571e1115
aiquinones28@gmail.com:Ivan2828
afaracho@gmail.com:!QAZ1qaz
ainsley.watson@gmail.com:ainsley1
airjordan1retro2@gmail.com:Ferguta1
aikeemgoring@ymail.com:Finallyfamous#3
ailinkoh@hotmail.com:piyopiyo
aireyes183@gmail.com:Samantha2007!
aimangreen@gmail.com:aiman5555
adeida@me.com:Shadow!01
aiddenhayward05@gmail.com:Aidden109
afaye1738@gmail.com:Boomboom2356
ahelm2847@gmail.com:Buckeyes47$
aidenkindle123@gmail.com:@iden123
ahdappleid@gmail.com:Boridge1
aidansbday@gmail.com:Aidansbday2!
aidanbandres@gmail.com:Aidan1201!
ainuu12@hotmail.com:Colin123
ahed326@gmail.com:Akader47$
aidangalileo@gmail.com:AmaraG<3
aidanrgant@gmail.com:5Promises!
aidenwiltshire@gmail.com:Max12345!
aidanarena@yahoo.com:Basketball99
aidanh1302@gmail.com:cartoons1
aidenlewis27@gmail.com:Commonpeople1234
ahmedomar29@gmail.com:kobebryant123
ahqui7@gmail.com:OvO93400
aiden.normand@pennington.org:Celtic_2003
ahan.khiani@gmail.com:C00lcats
aidanbrowne469@gmail.com:Badpoggy2
air6980@gmail.com:Chicago1$
afurloughjr@gmail.com:Bubba50!
ahmedelbushra22@gmail.com:Elbushra22!
ahmed14774@gmail.com:Imtheboss_1
adilneemuchwala@gmail.com:King12347!
aid_hogan_12@hotmail.co.uk:mariaW123
aidanharvey123@hotmail.com:HarveyA7X
aidanhudson19@gmail.com:Boxing@day1
agcarson31@gmail.com:pizzas123456
aehalsulaiti@gmail.com:Aa@12345678
aj.abonce02@outlook.com:Abonce456
aidanright@gmail.com:Ajw27fun
aj_arcaro@hotmail.com:JIMCARRY1
ajalfaro31@gmail.com:Heroes1!
aj.manning123@gmail.com:Coolguy#10
ajaniharris23@gmail.com:skylanders27
aj_bosman@yahoo.com:Emma!lou12
ailtonteixeira24@yahoo.com:24teixeira
ajay.tan@ymail.com:kabiff*1
ajayaquino2001@gmail.com:yooloo12
ajax1052@gmail.com:cadence08
ajharrison27@gmail.com:James27!
aj.khah@yahoo.com:Dark-dudu2
ajdenoon@hotmail.com:hobbit22
ajaus112@gmail.com:Alexander123456789$
ajdejesus7701@gmail.com:ajpapa722
ajcarrillo28@yahoo.com:aleyaaj28
aijalonc5@gmail.com:Carrasco5
ajberggren32@gmail.com:Jingles12
ajnavarro41@gmail.com:Deadpool96
ajpinedo52@gmail.com:Baxter1!
aj_masau28@outlook.com:Skuxx2178
ajkaleta01@gmail.com:soccer#6
aj33zombie96@gmail.com:kipper96
ajgrant192@gmail.com:Reds!3655
ajortiz211@yahoo.com:Ironman29!
adtorres99@gmail.com:superman99
ajdavis2800@gmail.com:goonies2
aj.lopez81@yahoo.com:chevy9501421
ajarreau37@gmail.com:Bookworm1$
ajay_bhathal@hotmail.com:Kendrick22
ajluna@ymail.com:Norcal#83
ajmontes0130@gmail.com:Copausa1
ajmock9@gmail.com:176603Aj
ajc212@txstate.edu:Ajking2!
ajof25@hotmail.com:a0639984
akeenv@gmail.com:Inuya$ha7
aj.poncik@yahoo.com:bebtnt00
ajpacariem@gmail.com:0whatisit?
ajzands@gmail.com:greencar5
akantonio1231@gmail.com:audrik01
ajhassiepen@gmail.com:butterball13
ajhuiz006@gmail.com:Maximus14!
ajnav0512@gmail.com:Ajrules22
ak12doinwork1@aol.com:RedWings1!
ajsawyer1211@gmail.com:Bball1211!
ajblock@gmail.com:Zx3zc3jk!
ajbel00@gmail.com:Rampage00!
akhawaja@aus.edu:Magic123$
akitohayashi6@gmail.com:Condors.6
akapodemilade@gmail.com:Tamilore
ajgaming0616@gmail.com:bandit#12
ajhairasbell@gmail.com:Biscuit01!
akito.0126@hotmail.com:jackie279
akinang.1@gmail.com:96884487
ajimenez7125@gmail.com:aj8017125
ajfayad37@gmail.com:drowssap7
akeelota@hawaii.edu:Gainer123
akacherryblossum@yahoo.com:Rinmaru1990!
akhilkiran13@gmail.com:akhilkiran1234
ajward101402@gmail.com:Ward1014
akjohnson2020@gmail.com:johnson24
ajm0326@gmail.com:Moon#1123
akawalker123@gmail.com:Akawalker
akbas.enis@web.de:Akbas.1992
ajroque94@yahoo.com:JamesBond007-
akickscustoms@gmail.com:villalona21
aksenchukcole@gmail.com:airsoft101
akeenenrobersong@gmail.com:Catkid22$
akeemcaine1@gmail.com:Brainpower123?
akshitambastha113@gmail.com:austin316@
akumaonemc@gmail.com:@37Akuma
ajunpenguin@gmail.com:graciano01
alam23m@gmail.com:Thecool12
aknapp720@gmail.com:Chello720!
alan.nga.wong@gmail.com:Estherwong!1
ajtiger11@gmail.com:123#4567890Aa
alan.a.99@icloud.com:Alan.1919
alanalvarado71@gmail.com:Messi1017
akago08@gmail.com:Chicago1
ajvaligura@comcast.net:Austinv88
aks.m.das@gmail.com:Babai@123
akiliboii@aol.com:Simple21$
alahoti3@gmail.com:arjweb13
alabi66@yahoo.com:superman22!
alanassasin101@gmail.com:sasuke101
akash-25@hotmail.com:Percy.2000
akbarcarries@gmail.com:shadow444
ajrhomester@gmail.com:charlie007
ajdean2010@hotmail.com:dedicate2
ajudes24@gmail.com:Chargers24!
akilblast@yahoo.com:Cocoa2009
ajlykens3@gmail.com:alykens321!
alanaguirre12@icloud.com:Oct52003
alandras.conner@gmail.com:faster123
alangarcia518@gmail.com:Bulldog_33
alan.tutwiler@gmail.com:hawkbot6052
ajyanez8@gmail.com:ajyanez13
alainsargeant15@hotmail.com:S0ccer95
alabeaux14@gmail.com:Xxskyhigh10!
alancarngeavilez@gmail.com:2bluea.a
akeem1996@ymail.com:Rooney96$
ak.ghoman@gmail.com:cali2001
alaindjb78@gmail.com:Allan_78
ajhorfilla@gmail.com:ajhorfilla88
ajkthompson29@gmail.com:thompson17
alanmt123@gmail.com:alan123!
al2espinoza3@yahoo.com:Yamahar1!
ajaveoasis@gmail.com:Yuihorie123!
akutski7979@hotmail.ca:Archie77!
alan72@gmail.com:passbgtra
alanv6036@gmail.com:alan037568
alanvazquez299@gmail.com:Youngbeast40!
ajtjr123@gmail.com:Taylor25
alasonjones1234@gmail.com:Dondon12@
ajbuford36@gmail.com:a.buford
al3xmoya2004@gmail.com:Hope201!
alantrez10@gmail.com:Sobo1024!
alan.boper@gmail.com:B1gpimpin1!
alanhuerta123@gmail.com:bleach#1
ajsolis292@gmail.com:Daquan123
alansalazar972@gmail.com:Ilikeblue6
alanleal.1998@gmail.com:alanleal11
akashp50@gmail.com:akashpatel
akirawengrofsky@students.berkeley.net:Lumper2010
alahmusleh@gmail.com:a2s1a2s1
akibsahriar@gmail.com:Orange1!
albertdes84@gmail.com:Peanut!78
akselgaub@gmail.com:axel2002
akhazandi18@gmail.com:leap8922
alarosa96@yahoo.com.au:ANTHONY77
albarranalexis35@yahoo.com:Alexis274
akyriacou08@gmail.com:Lucozade_123
akasawnayhtoo@gmail.com:younghomies
alberto.delgado94@gmail.com:Broseph69
alan.tepoxtecatl@gmail.com:darkstrikerr98
albertmartinez716@gmail.com:Tata1234
albertlnguyen@gmail.com:Turboek9!
alansalcedo154@gmail.com:nalgonio1
alastairbeeson@gmail.com:legosrock
albertoicgjr@gmail.com:Sexyboy97
alan.mcdonald2010@gmail.com:Incorrect21.
alanquach2020@gmail.com:Timyen4040
alanisf@outlook.com:Already01
akshat.malkow098@gmail.com:Akshat!23
albeewu123@hotmail.com:Yw02389.
albertlim415@gmail.com:password123
albiehartell@gmail.com:Albie2007!
albertlarios5@gmail.com:Shadow@2
alb2195@gmail.com:1Myspace
akms02@hotmail.com:Maleeha12
akfboys21@gmail.com:gunsmoke4200
aldiddy21@gmail.com:Amariana1
albieisawesome@gmail.com:Albie2007!
alastairong88@gmail.com:deardear88
albin.svenneby@gmail.com:Bedford123456!
alanserrano000@gmail.com:Alanjesus99
akjdc95@gmail.com:Stanley38!
alcaggp11@hotmail.com:bender24
alberto_gonzalez@ymail.com:calilove12
ajc6114@gmail.com:Ashley1234##
albolegend@yahoo.com:albo4life&
albingustavsson19@gmail.com:kompis99
alangut2005@icloud.com:Gutierrez05
aldragoares1@gmail.com:K3nneth!
ajkonorosky@gmail.com:Slayer12!
albhyilano@yahoo.com:Bhybhy08@
aldasaravia@me.com:Sarav$a1
alanhenchel42@gmail.com:Pinkdog4
albert.chouw@gmail.com:albert3388
alecchoy@gmail.com:1234qwer
alancantu11@gmail.com:Papaye1265!
aldo.lunarios@gmail.com:#420blaZeit
alechall1016@yahoo.com:Hahaha12
alchemist333@gmail.com:daefish3
alackie2000@gmail.com:Kingswag55
alagos920@gmail.com:Iphone50
alecrob10@gmail.com:alec2rob
albertruiz61@gmail.com:nintendo64
ajc0203@gmail.com:alec0203
akinyemitomi@gmail.com:tommy2003
alecagnew@gmail.com:N704wr4$
albrianburns@gmail.com:Alistar98
aj.lorenzo@protonmail.com:Pepsicola@120
alarcon.samuelm@gmail.com:miller2442
alecdaniels@sbcglobal.net:Stoney02
alcantara.jose@outlook.com:Isofresh123
alecamendez@yahoo.com:Alpha33099
aldrin.catap@gmail.com:kittymon2
alecgomz@gmail.com:Alec2001!
albkill347@gmail.com:Ironfist347
albadeerobert@gmail.com:18Dummies
aleeelozoya@yahoo.com:lalolalo1
alason.s.l@gmail.com:7866Sosan
aldreyraf@gmail.com:gianissexy
alejandro.mendoza04@yahoo.com:Firetruck2.
alecsnow34@gmail.com:Snow3434!
alejandro.ramirez5@outlook.com:Fuckyou123
alan18clark18@yahoo.com:nikon184
albert11593@gmail.com:andrew90
albertito.ps16@gmail.com:Minecraft123
alastair_tan@hotmail.com:0SZ3bg==
alan_bernal93@yahoo.com:ramses1#
akanthonyk705@gmail.com:boogie1234
aleembynum22@gmail.com:Youngnigga123
alastair.dsouza@gmail.com:counter1.
albornoz212@gmail.com:albornoz.a15
al_ward09@yahoo.com:Patricia05
alanlovesramen@gmail.com:Schmitty8
alejandromorales99@icloud.com:Morales1
aleksanderr2003@gmail.com:Ponchiki13
alek158@icloud.com:Thailand158!
alcantara.josh@hotmail.com:niggachu12
alejandroesapellido@gmail.com:Dinosaurio.10
aldenjrb@gmail.com:Domino123
alchemist_acm@hotmail.com:Zabuza1!
alejo1414.al@gmail.com:Efra3372.
alec.skapyak16@gmail.com:54023Acde
alee1078@yahoo.com:deeznuts78
ajroque99@yahoo.com.au:ajoshua99
akovatsi@yahoo.com:Kovatsi5
aleksmeta002@gmail.com:Aleksi2002!
aldenballa@gmail.com:Pheerthee23!
alessandrobryden@gmail.com:cc0611126!
alandre609@gmail.com:Bedford1!
alaclopez@gmail.com:Itsurboi1
ale_corb@hotmail.com:alexcorbeil61
albertjaya777@yahoo.com:Justdoit12!
alecson@hotmail.co.uk:kimjongin1@A
alex.m.kinsley@gmail.com:bacon1234545
albertcliffordjackson@gmail.com:Adgjmptw1!
alec.pen93@gmail.com:!orange12393
alex.mendell@yahoo.com:Alphabravo123!
albertmonroy3@gmail.com:1$Camila
alex.murzea121@yahoo.com:minigun.123
alejesus2001@gmail.com:Nintendo2001
aldofong346@gmail.com:ftw346874
alex.ortiz.t.28@gmail.com:Ortiz#15
alex.valencia07@gmail.com:Feb1999$
aldoisfam288@gmail.com:Ab232247
alex.oesterling@gmail.com:chicken3.141
alekzambrano@gmail.com:Melohelo23!
alex.miranda714@gmail.com:laker4life
alessandrofarfan123@gmail.com:Wilfredito1!
alejoorteg@gmail.com:Linkzelda1
alex.vergara2001@gmail.com:alexstars1
aldair619@hotmail.com:chargers21
akselvences12@gmail.com:Gohurry12
alex.pardy@hotmail.ca:freakshow
alex.recovery9@gmail.com:tapout38
alessioromanino@gmail.com:Alessio1
alesalvagno2002@gmail.com:Hippodrome2$
alex27au98@gmail.com:Alex@2798
alex.sasuke@hotmail.ca:eaglecool4
alex.swassmit@gmail.com:Iexela@29
alanpham27@gmail.com:digibaku1
aldrichsolomon7@gmail.com:Aldrich7
ale.alvarezocasio@gmail.com:Alejandro.01
alex.mtz08.cm@gmail.com:Nikki025!
alerodarte02@gmail.com:buddha104
alessandro.fitsios@gmail.com:Quantum@23
alejandrolascano29@gmail.com:Sebastian29!
alejandroortiz527@gmail.com:Colombia27
alejandrocastillo654@icloud.com:Jordans654
alex.lndn88@gmail.com:Londonse16
alex.jean58@hotmail.com:Hotmail1!
alex.scheetz2@gmail.com:jin19980
albertozatto@icloud.com:Swimming10!
alejandroarriaga312@gmail.com:Rogelio.1
alekbakhashab@gmail.com:eyeball664
alexander.halseth98@gmail.com:Alex0Halseth
alex.yuan@wismettacusa.com:Tmac37412
alex@integra-csi.com:Integra001!
alexanderfurman55@gmail.com:alexfurman98
alanlopez1229@gmail.com:Isaac0101
alex2lowforu@gmail.com:theresa12
alexandergarnett1@gmail.com:Pokemon123
alex_302@hotmail.co.uk:smellycat1
alexalbach999@googlemail.com:alex007-
alexanderschultzdpm@gmail.com:kingdarian
alex.mcquerry@gmail.com:Supergundam1
alexander_mahabir@hotmail.com:Sonic_dx
albisnot@gmail.com:Gucci0203
alexander.brandon.sa@gmail.com:Alex5825
alexander@zinaeva.com:zina1026
alex.gericke38@gmail.com:Cool8dude
alex_simmons1@hotmail.com:Paintball01
alex.andino15@gmail.com:Pretty12
alex9121@aol.com:gators9121
alexanderj0114@gmail.com:Pokemon#14
alexarron3@outlook.com:Alex2003
alexcab2512@gmail.com:Bandit28.
alexa.b.pagan@gmail.com:alexa123
alexandermeuk58@gmail.com:alexander21
alex.gaugh@gmail.com:number1son2012
alex.wellens@gmail.com:@8Bananas
alexanduhhh@yahoo.com:Basketball916
alejandra.altamirano19@gmail.com:aleeh.0106
alberttorres0325@gmail.com:albert0325
alex9302010@hotmail.com:ariana930
alex.osorio317@gmail.com:alex5171
alex_davenport@yahoo.com:Hailey22
alexandereolsen@gmail.com:hundur11
alexbesh99@gmail.com:1235678a
alexander.szeto.a@gmail.com:!Cannonball17
alexbuckingham99@gmail.com:pwnhammer
aletsplaygameratitsworst@gmail.com:Logan0225!
alexandras21@rosevillecollege.com:W@lly2016
alex.matarozzo32@gmail.com:P@trick1
alexanderalcaide@yahoo.com:Blackops6
alex_marquez69@yahoo.com:Joker123
alexargo211@gmail.com:alex1997
alexcovington178@gmail.com:Baseball101
alecrod1993@aol.com:Bigarod02@
alex_zapata122@outlook.com:Alexpollo56$
alexander070295@gmail.com:Cocodaisy27.
alexdbishop@gmail.com:Paduwon1.
alexdang08@gmail.com:alex264312
alexbball12@gmail.com:Alex131949
alex.t480@gmail.com:jackson12
albertjsantiago@yahoo.com:Awesome12
alexcastrogonzalez@yahoo.com:Chelito34
alexej.zuse@gmail.com:Lollol123_
alandman1d@gmail.com:Andrew2009
alex.delarosa94@yahoo.com:Adonis98!
alee323827@gmail.com:Goldfish1!
alexandertate1230@gmail.com:Tiger2016
alecle19@gmail.com:Milano2020?
alexanderkarlgren@hotmail.com:Fotboll1
alexabram2017@gmail.com:Doubleaa1!
alejoda204@hotmail.com:alejo2004
alexcampbell94@hotmail.com:Alex#1452
alexandereang541@gmail.com:Alex2002@
alexanderyeet527@gmail.com:tarheels101
alex.draper69@googlemail.com:alexivor
alexcova97@gmail.com:shazzam8900
alexcantin14@gmail.com:boby0911
aleiftode@gmail.com:alxalxalx1@
alexcorpus6@gmail.com:Greatest22
alex_choh@hotmail.com:hippogriff
alexamonsin4319@gmail.com:reflex4319
alexiamyers2@gmail.com:Chickenis@1
alexeif3@outlook.com:Bluzoe123
alejandropequeno16@gmail.com:123456789010
alexander.ap990@gmail.com:babyblue
alecgagnon2@gmail.com:Airyeezy_1
alexandreleguilloux@gmail.com:google75&
alexisgomez122@yahoo.com:Peppersg123
alexikanovic@live.com:Nevena!123
alexisbarrazas117@gmail.com:Goku@117
alexdasilvarodrigues55@hotmail.com:alex_1702
alex.jwr@gmail.com:Alex1999#
alexdee.0@gmail.com:melton59
alexi.collazo13@gmail.com:Alex@2001
alexbpulver@icloud.com:Pretzel2004$
alexcm0702@gmail.com:alex1student123
alexhe88@gmail.com:mouthwateringk123
alexgunz951@gmail.com:Poodle1!
alexis9698@live.com:genesis31710
alexis1998ruiz@hotmail.com:Awesome236
alexfilms200@gmail.com:Alexisboss5
alexjrummel@gmail.com:Worms014
alexkalvarskiy@gmail.com:64912710
alexanderdasensio@gmail.com:0609027922
alexitoawesome@gmail.com:Alicia@2009
alexjermel9@gmail.com:00Jermel!
alexisxxdubon@gmail.com:Adubo316792
alexandergrinnell@ymail.com:dragon1234
alexishuitzil@gmail.com:spikey100
alexkuang1999@gmail.com:Burnerkuang1
alexjp1998@gmail.com:alex1998
aleksmika@yahoo.com:Alek$2005
alex7pro77@gmail.com:alexyanez123
alexisbelisle30@gmail.com:kolkol8.
alexismynameo@live.com:awesomeness1!
alexhdrew@gmail.com:Ah611834
alexis_cureton@yahoo.com:Familyguy2!
alexjuniorcx@icloud.com:Alex10550@
alexgourdet195@gmail.com:Airjordan1@
alexmeireles1988@gmail.com:Alex6914
alexks@comcast.net:alexander11
alexgaleana69@gmail.com:Ofwgkta69
alexmabe@icloud.com:Blackops2!
alexmaddock177@gmail.com:Austravel1
alexkitchen7885@gmail.com:Kirkland1
alex.qw.johnsson@gmail.com:hummerbil1
alexperales59@gmail.com:Alex1005
alexniece@gmail.com:firefox69
alexis650123@gmail.com:alexis650
alexeyshinkevich@yahoo.com:Grant1963
alexlittle1092@gmail.com:Slayer1122!
alexkondrackizylka@gmail.com:nikodem1970
alexpfont@yahoo.com:Atrain44
alexander1autiero@gmail.com:alex020123
alexiscarrie13@gmail.com:M0mmy12!
alejandro@floresvega.com:Papalotes.1
alexhmlee98@gmail.com:aboger00
alexli2954@gmail.com:iloveyourshit729
alexandr.battaglia@gmail.com:bobbob10
alexman243@gmail.com:coolman243
alexrickett186@icloud.com:Coolguy100
alexicanzoneri4@gmail.com:Diandrew1
alannovelo1x3@gmail.com:Sarah1x3
alexmajorleagues@gmail.com:patriots17
alexlazaro27@gmail.com:456123qw
alexliissexy@gmail.com:69alexli
alexseba2000@outlook.com:Chile1223
alexlau22@gmail.com:Godrocks1
alexpala88@gmail.com:casablancas
alexsybounheuang48@gmail.com:Motobecane7
alexshui@hotmail.com:22143356
alexmoan21@gmail.com:Heroman121
alexplata6@gmail.com:Alejandro3456
alexscecilio@gmail.com:$Sueno48
alexiscabrera0910@gmail.com:alexis052728
alexpfoote@gmail.com:sms82512
alexthagreat@hotmail.com:Tristan7*
alexisgutierrez774@gmail.com:Shadow759!
alexmjimenez003@gmail.com:Blacktruck#1
alexnoswagg@gmail.com:Shurima1
alexander.chrishaun@icloud.com:cda60450
alexwalley13@gmail.com:PoopFace4
alfiejose@outlook.com:Evin2003
alexvalle4565@gmail.com:vallesal70
alexrodriguez200310@gmail.com:Logic301
alfadalahm@gmail.com:Mohammad63!!
alexposa20@yahoo.com:Qwerty1.
alexwashere02@gmail.com:alexabel02
alexroblero982@gmail.com:it'sme12
alexpowarzynski@gmail.com:Alexander94*
alexwien4@gmail.com:casey2311
alexlotson98@gmail.com:Crazymix98@
alexflores2626@yahoo.com:Jordan@238
alexiansj95@gmail.com:Punisher1!
alexthebeast8989@gmail.com:Alex2003
alexsports646@hotmail.com:Mcjunkins123
alexandernerfguan@gmail.com:Alex@623
alextbyrum@gmail.com:abyrum123
alexsalas2998@yahoo.com:Salas2998!
alexrapino75@gmail.com:Xander08!6
alexyanez1213@gmail.com:Alex772415!
alexsm274@gmail.com:Bears1102!
alexjesus_2016@outlook.com:Xboxpro-13
alfonsoctoro25@gmail.com:Redgreen25
alexsk888@icloud.com:Alexiscool66
alfredo.gutierrez153@yahoo.com:Fredo123.
alextfuss@gmail.com:alexrooks049
alfredoxdiaz11@gmail.com:197811fred
alhambrasux@gmail.com:Chacon77
alexmurray1224@gmail.com:Alex1224$
alexjohnson699@gmail.com:C@lyps01
alexsvensen12@gmail.com:Pwnhalo1
alexmflanagan1@gmail.com:Michael1!
alia152@gmail.com:shootboxing1
alexo.olguin14@gmail.com:FALcon1414
ali.f.a@live.com:Aa55271199
alextianhongli@gmail.com:tretarewq1
alexudromero322@gmail.com:Michael1031.
alfredozenon@icloud.com:2434engle
alexmpuffe@gmail.com:5walrus5
alexisn.ndong@gmail.com:#Alexis2002
alexphamthanhtrung@gmail.com:ap010994
alhammadi85@gmail.com:Pass-1985
alextran1231@gmail.com:andyalex51
aliciacee@rocketmail.com:Gymgirl95*
alianagordon@gmail.com:Nanirose9715!
alexisbarrera890@icloud.com:Messi10.0
alidixiesoccer@hotmail.com:Alibutt23
alfredogiron61@yahoo.com:Topszn416!
alexprz83@gmail.com:Perez102
alhasan89@hotmail.com:Bulls23!
alexsanchez6921@gmail.com:anay4444
alexsamudio101@gmail.com:Alex101Cx
alexandria.galev@gmail.com:Alexandria14!
alfredovilla434@yahoo.com:I<3mymom
alexpadilla728@gmail.com:NewLife1!
alexinator5421@gmail.com:@Smokin22
aliabbas.r122@gmail.com:aether12
alexis22109@yahoo.com:Camila75!
alessioanzellini64@gmail.com:alessio@2005
ali823498@gmail.com:naruto90
alexxx.6212003@gmail.com:june-2003
alfredkeitel@gmail.com:master11
alfredothoe@gmail.com:alfred2350
alfred60396@gmail.com:Holguin347!
alexisayon8@gmail.com:Alexisayon#8
alexxortiz0611@gmail.com:Deadfaces718
alexmielak@gmail.com:spicek12
alexisoro99@gmail.com:Spade650!
alex.bceagles25@gmail.com:200253853
alexisa96@live.com:Amanda11
alildhar@hotmail.com:Adrian2001!
aliecheverry04@gmail.com:Alicia2015
alijah_johnson@aol.com:Sekani28?
alfonsobdbest@gmail.com:red11192003
alihasson101@hotmail.com:Sunshine@5
alfonso1423@gmail.com:poncho2314
alexmiele123@outlook.com:YAnkee$1
alexh12355@gmail.com:floppydoo
alexxhuynh@gmail.com:apple235
aliefamzari@gmail.com:pass3456
alialh01@gmail.com:Uberskillz1!
alishmaisani@hotmail.com:wtfnooblol123
alindsay2012@gmail.com:18TKPhi64
alfred.tantanini@gmx.ch:Popcorn_7
alexl0606@icloud.com:Monday10*
alicajic13@gmail.com:alicajic12
alexlovestacos2002@gmail.com:143Lucky!
algrimaldi08@gmail.com:Lucas1998!
alfonso.mejia88@yahoo.com:Vera1997
alexisg5559@gmail.com:isaac321
alexxelizabeth29@gmail.com:Salman1991!
alexrussellcook@gmail.com:Lamar0302
alfredoflores626a@gmail.com:Flores626
alfredbryan@live.nl:Vragen1.
alfie000e@gmail.com:Chelseafc123
alicewan@live.com:saywhatnow
alirayhan2001@gmail.com:Rayhan123
alielbana416@gmail.com:irule416
alexthecool85@gmail.com:wwerko619
alfredojuarez422@gmail.com:alfredo2728
aliabbas1075@gmail.com:fsd630374
alijah1234566@gmail.com:Supreme_0911
allantae13@gmail.com:721103ah
alicearana@gmail.com:serg1023
alextheswimguy@gmail.com:alextheswimguy
allansneddon2@hotmail.co.uk:Mkdons2004!
alisteeric@gmail.com:iloveJesus1!
alexander.lk78@gmail.com:Al12ex48#
alfonsomolina.1997@gmail.com:LAdodgers2
alkennedy29@gmail.com:Zx123456@
alexisasencio10@yahoo.com:Messi1010
alizejuarez3@gmail.com:Ajuarez05!
allen.chris0826@gmail.com:Bear1536!
alleshi90@gmail.com:Compaq1961!
allanjimenez1997@gmail.com:King$teelo47
ali.yudhistira98@gmail.com:aliganteng123
alipatel617@gmail.com:Galway#1
alhall199@gmail.com:Rutgers2012!
alkaabiali11@gmail.com:haider99
allen.pham2601@yahoo.com:AllenPham123
allen20ray@hotmail.com:allen0815
ali.hamadi@uconn.edu:NarutO1212!
alfcassim@gmail.com:tekken786
allisonmora80@gmail.com:Avicii916
alijah.shaw21@gmail.com:Oregon33
allan_bautista_pasian@hotmail.com:allan.22
allstonxz@gmail.com:oregon01
allishaosman@yahoo.com:Princess94!
allanychin3@gmail.com:idgAF202531
alienn5ik@gmail.com:corinteno
allister_2012@hotmail.com:Iwish4peace
almanzar.juan84@gmail.com:gyt5gyt5
allison.palacios.oses@gmail.com:allison.2003
allen2002@live.ca:8843K2kk
allen.cha93@gmail.com:Pac14217!
allanswaggedup@gmail.com:Barcelona99$
allenvinceyumang@gmail.com:vince_14
alg447@nau.edu:Oldspice!23
allstarmyles@gmail.com:speedlimit917
alexrom5969@gmail.com:miasanmia13
aliyounes@quickenloans.com:Dogfood1
aloetauhadley@gmail.com:Malama07!
alfonsojaredv@gmail.com:949701aV
alextong@live.com:kenshin69
allisterli@me.com:Luckyass1!
alexhoang2000@hotmail.com:alexhoang
alohajovanie@gmail.com:Jovanie#21
ally450897@gmail.com:123loveme
alexramirez22193@gmail.com:Barcelona
alize2zayzay@yahoo.com:084326jw
alossforaus@gmail.com:071790aa
alexjean7@outlook.com:Alexjean7!
alonzolunah@gmail.com:Hillmen#54
allenwlm@aol.com:Aqua1234
almendarez.oscar@hotmail.com:O$car2001
alonsoalcantar@hotmail.com:zoe098flx@
alexmtz5356@gmail.com:mike1995
allenyao09@gmail.com:Allen0909!
alexsim209@gmail.com:alexsoto91
alootk001@gmail.com:Allusion#123
alredaini@gmail.com:Hasan@123
alooisalhi@gmail.com:Alisalhi123
alonzogonzalez727@yahoo.com:Boxer727
alirashwan30@gmail.com:5818125ali
alshamisi96@gmail.com:nokia1996
altayindiana@gmail.com:Sonicaltay7!
altkt13@gmail.com:asian#13
alojoe468@gmail.com:M@rion64
alizzamaenunescaa@gmail.com:PASSWORD123
aloukuol@gmail.com:Alou1800
almightysosa2001@gmail.com:Cesar1234
alonsobarahona0383@gmail.com:Alianza.19
alsenicopat@msn.com:Coldplay1
alexiscmvevo@gmail.com:Ixtlahuaca1
alonso.sebastian1999@gmail.com:Picasso22!
alope12367@gmail.com:Anthony04
alozada593@gmail.com:brooklyn555
allenaj@miamioh.edu:Summer86
alorientejr@outlook.com:#April4590
allenpor1@gmail.com:Allen.123
alvarobarrios3423@gmail.com:11yearsold
alecalarakhia@gmail.com:Charlie1!
alonsofjohn@gmail.com:Alonso20
alsonklor@gmail.com:Kongpheng1
alphamampassi@gmail.com:Balde321
alvin.lianto5109@gmail.com:charizard006
alvarez.ramiro01@gmail.com:Ramiro@1
alucard666_50@msn.com:pokemon666
alonso.b.rosas@gmail.com:Ontothenext1!
alfonso.torres577@gmail.com:mexican4life
alexzhou@mail.com:6266273546
alexreyes12322@icloud.com:big12322
alexsmith2003@hotmail.com:Hard2Guess!
alvxxxn95@gmail.com:April1195$
aliu1989@hotmail.com:tomcat46
alvinmelvin95@gmail.com:April1195$
alpikaan.pamukcu@gmail.com:strong77!
alvn.lip@gmail.com:Ihatesnow123!
allanmelgarejo@outlook.com:melgarejo2002
alvinmendoza616@gmail.com:Guadalupe_12
alkan97@live.nl:Linkin_Park123
alopezcr72@gmail.com:LopezA1313
alvinbenjaminliaw@gmail.com:1087754a
alvaroaleman15@gmail.com:Batman_1992
alona.whatley@icloud.com:Alona_2005
alvarojr559@gmail.com:alvarito91100
alltimecade@gmail.com:Gracey13!
aluke12345@gmail.com:wpusd101
aly201160@gmail.com:Mendez100
alyssa.sangalang@gmail.com:chevanie3
alvjon6@gmail.com:BEARSS69
am4zerjr@gmail.com:asseat12
allymendoza825@gmail.com:allyson98756
alvin.samarnmitr.26@my.csun.edu:081890alvin
almackey1970@gmail.com:14243444
alvarado.jpg@gmail.com:Apollo97!
allenburton02@gmail.com:bigbadass1
alvinsdrago@gmail.com:drago768
amallari1@live.com:January29
alvarez.alfonso23@gmail.com:Campuzano_1998
alvaros06@yahoo.com:Nightwing23
aly94dw@gmail.com:Wade0003.
altobiyoussef@yahoo.com:Ali@2012
alexvintimilla2004@gmail.com:123456Av.
amandalaikitying@gmail.com:ballet93
amadodelgado@icloud.com:Ateam2013
amageebrown@gmail.com:Smurf123456
amandashelsher@westnet.com.au:Charlie24
aloysiuslovesyou@gmail.com:96395244
alyssaliu767@gmail.com:cool86!!
amaiekassa@msn.com:Kyletyler2.
altan1012@me.com:qwerQWER!1
alvin.toro@gmail.com:Lily091509
amarabbasid@gmail.com:Shani786$
alvaradochristian12@gmail.com:Awesome15
amanibrkl302@gmail.com:moneymaker
am917105@gmail.com:satfl101
alvincho754@yahoo.ca:Passworder123
am.deadpool98@gmail.com:alejandro98
alyssaowens7@gmail.com:Logic@97
allaffa@northvilleschools.net:Faris-0304
alobwedeviczaril@gmail.com:alobwede1
amaurynava624@gmail.com:!Amaury123!
alzeng98@gmail.com:Tiger456
aluzolo15@gmail.com:Prada246?
amarrero87@me.com:Jordan23
alphabuildsus@gmail.com:Alan@703307
alvarezmario09@gmail.com:Kiske091
amatoaidansec@gmail.com:Flamethrower123
amarionstorey8@gmail.com:Jamaal05
alvinomondi13@gmail.com:AOdisk82
alsaqrib@gmail.com:lmessi10
amanp9455@gmail.com:Windows7&
amart662@gmail.com:Robot@98
amarujhnsn@gmail.com:kook072699
alo.guez87@yahoo.com:bondocks1
amazingrace562@gmail.com:Unusual1?
alligatorsfer@gmail.com:camaro2011
amateowitdahoodie16@gmail.com:Amatthew23.
amedard1023@gmail.com:Tony102386$
amenz.137@gmail.com:Luc@2011
alvaradojesus77@yahoo.com:Julian2017.
alvinli2017@gmail.com:19990929a
amengidha13@gmail.com:Abgr1234
alyles100@yahoo.com:Drpepper914
amandabarnz@hotmail.com:4024manda
alvarorboughton@gmail.com:Alvaro14!
amenjivar11@icloud.com:Iamtony_11
alpan0420@gmail.com:Ollie2004
alphascout1324@hotmail.com:ackack77
amilz129@gmail.com:armani01
amathe9109@gmail.com:Tierra1!
alvarom0303@icloud.com:Supernova_123
amenleon04@icloud.com:angelzx3?
amaeshien@gmail.com:Amaeshi1!
amenamother@icloud.com:Braxton123@
amin.cressman@gmail.com:Flip123777!
america18919@gmail.com:Matthew113
americo8soto@gmail.com:thebeautifulgame
amberharrison40@yahoo.com:@Blueroach3
amerkle139@gmail.com:Stamp80#
amerdajani03@gmail.com:Amer1234
amer.sibai@me.com:nwsarata197800
amer.elsana@gmail.com:Elsana@2016
amirtucker23@gmail.com:ghoustrecon12
amanuelshifarw99@gmail.com:Policy100
amanwilliams@ymail.com:Makeila19!
amexdeo05@gmail.com:Amedeo05&
aminibraahim5@gmail.com:zeromax123
amanteaquino@gmail.com:87tolife!!
amirdagher11@gmail.com:sunny2003
amirandskobbar@gmail.com:Lenathecat1!
ammarzap@gmail.com:cocacola25
amhankie@yahoo.com:Deeper200
ammanp@icloud.com:Neymar17
amarib724@gmail.com:alb251824
amaya7dennis@gmail.com:hero7865
amirseze@yahoo.com:mother12345
amitai.pati@gmail.com:amitai89
amirkelker@gmail.com:Porter123!
ammurphy@eckerd.edu:Bokeelia18!
amdj5316@gmail.com:Adaboy69!
amkcheif@gmail.com:airplanes12
amber.chavez622@gmail.com:Chavez6#3
aminisadaf3@gmail.com:Sadaf101!
amirmoulden@gmail.com:moz000123
amoc2411@gmail.com:alan1248
amiinmuhudiin@hotmail.com:Asad2009.
amosisok@yahoo.com:ilovedorcas811
amielyko@gmail.com:darthyo1
amigodino1234566@gmail.com:Monkey#1
amhertweck@gmail.com:Gizmo#2510
ambitiouskidjayb@gmail.com:Jamesharden13
amir.langston14@gmail.com:Kicks4Days
amonaco1187@yahoo.com:Monks321!
amjadmedina92@gmail.com:October92!
amv2434@gmail.com:Scooter2434
amirramsey2006@gmail.com:pokemongo123!
amear16@gmail.com:amear786
amitaisegev11@gmail.com:aviv8237
amklein35@gmail.com:nutcake1
ameerzhari@comcast.net:Baseball97
alyssa.linton@aol.com:R00bin00
amersh47@gmail.com:Samina12
amrs74086@gmail.com:Jaydabugg1
amlogan81@gmail.com:W@nderlu5t
alvinchi@buffalo.edu:Alvin123
aminsb24@gmail.com:lakers24
amareeaster@gmail.com:akeaster1
amw052937@gmail.com:Dragon052!!
amusejoey@gmail.com:159499hn
ameenmulla4@gmail.com:Wcement4
amon_thomas@yahoo.com:ihatepeter12
amuqeet2001@gmail.com:Batman1092
amymikyongpark@gmail.com:iheartyu
ammarmalek7@gmail.com:trustno.1
amscord@gmail.com:ttku1718
anabassoua@gmail.com:askia1__
amygomora899@gmail.com:Lol12389*
anamaratne@gmail.com:achi2003
amosng97@hotmail.com:amosng97
amqamar3@gmail.com:abdullah1
amirsneakers@gmail.com:Redskins1
anangurung@icloud.com:youtube119?
amemem666@gmail.com:Ryan2014!
amykim0321@gmail.com:gongju0321
amirhafezi182@yahoo.com:2004amir
anacrystal1705@hotmail.com:Romeo2014!
amvitrano444@gmail.com:Aidan#5874
anbibone@gmail.com:Lovemenot1
andelthomasgordon@gmail.com:Kobe8124!
ananthan@hotmail.co.uk:phoenix360
amirhrashad@icloud.com:basketballA1
anasaperaza@gmail.com:Warrior2
aminluevano@gmail.com:spartan117
anandjiaaron@gmail.com:aaron1122
anderson.mason28@gmail.com:Nuggetsofsharts28
anbuminh@gmail.com:Minh034891
anastasiaswong@yahoo.com:aNas@steph1
amilcar.alarconjr@icloud.com:Citlaly14&
anasalimsultan@gmail.com:looloo0907
andersonsagala12@gmail.com:Whatthefuck12
anandmathewss@gmail.com:75huntspoint
ananassoklm@gmail.com:Adrian,10
andlee916@gmail.com:Blackops2
andre.m.jeon@gmail.com:aud238156
alsowailem.abdullah@hotmail.com:3Bdullah-619
amosdacool@gmail.com:Blumberg1
andre.akinkeyin@gmail.com:Andre.b123
amosewers@gmail.com:#Unhackabl3
andkop99@gmail.com:Dookie2011
andayleh@gmail.com:Andyle112000
andrades96@icloud.com:@Brentwood1996
andlara5213@gmail.com:Joeydrew2
andre.kraakman@outlook.com:Mastercard598
andradedominguezl@gmail.com:index12345
anderson.jajuan21@gmail.com:Gummyworms10!
andersondj26@gmail.com:dmaster24
ammopadda@gmail.com:2Morrow123
andi.2k@hotmail.com:destiny0103
andparedes2003@gmail.com:march1415
andreahe.2002@gmail.com:Emily2014.
an.na21@me.com:thisishe99
amruisanchez@gmail.com:Fabuloso69$
andrecabalang@yahoo.com:Drecc1997!
amirb3@icloud.com:troller32
andersondamon053@gmail.com:bianca302
anaheraroimata@hotmail.com:.Vanessa.1
andreajasso49@yahoo.com:@ndr3@12345
andreasparrondo2004@gmail.com:Andreas-2004
andreigayap@gmail.com:Joseph27_
andreorozco53@yahoo.com:Raiders47
andreas.gudmundsson98@gmail.com:7r33310oik
andramyra23@yahoo.com:computer23
andres.pocho130@gmail.com:pocho130
andres77rod@yahoo.com:Antrax_77
anderson.yang168@gmail.com:wisdom168
andre.walton39@gmail.com:Dreaking1!
andres2241909@hotmail.com:Alexandra11*
andresalexandeer@gmail.com:P@ssw0rd
andres.orduno@me.com:205389An
andres8947797@gmail.com:Andre$123
andreric16@gmail.com:Andreric199#
andresespaillat01@gmail.com:april2005
andresanciangco@gmail.com:Pogiako23!
andicampos123@gmail.com:andycampos
andreskullcrusher000@gmail.com:Raflesia_90
andreecarreno17@gmail.com:Loredo.122
andrerosado99@gmail.com:bitches123
andrej7703@gmail.com:Aio77031
andrelfda2012@aol.com:Cavs2311$
andresaragon464@gmail.com:Navas123
anderson_obongo@hotmail.com:Lebron96
amit_sachania@hotmail.com:shilps83
andreeeyoungg@gmail.com:Andre258
andrefacey99@gmail.com:WorrisomeShark5@
andonbringman2003@gmail.com:andon2003
andreainaedu@gmail.com:$Pennstate202
andersonwright901@gmail.com:Anderson1!
andresmrivera24@gmail.com:50159717
andrew.lam10@gmail.com:andrew11!
andresungson@gmail.com:ZoomZoom1@
andrew.miranda75@gmail.com:Dabears75!
ammar_johri@yahoo.co.uk:1Ammar's
andrew.j47@hotmail.com:Laceupp1
andres.lasanta5@gmail.com:123Andres
andrespeedbeast@gmail.com:goat0770
ancientzod@gmail.com:manofsteel32
andrea.espinosa2698@gmail.com:Espinosa98!
andrew5202029@yahoo.com:Access.520
andrew.verk@gmail.com:Gamer4404
andrew.wank7@gmail.com:Andrew794!
andrew1douyon@gmail.com:12063sand40
andrew.williams3461@gmail.com:spencer00
andersonhuynh1@gmail.com:password1
andrew3772@icloud.com:Epicface11!
andrew.carrillo@yahoo.com:Ilovemc1!
andrew.phillips78744@gmail.com:meatloaf99
andrew.sy.oh@gmail.com:awesome13
andres_gurat1993@live.com:k3ai5tiua
andrew.mullett58@gmail.com:Seventeen17!
andrewali40@yahoo.com:Drewski123
andrewany360@gmail.com:andrew@22
andre.deagostine@gmail.com:Harvard12!@
andreiarabit1@gmail.com:Limegreen23
andrewfalconi23@aol.com:falconi3
andrewbalderrama2002@icloud.com:Balderrama15
andrew1.r@hotmail.com:andrew2000
andrestabares14@gmail.com:Winner2020!
andreaxiang101@gmail.com:zumodenaranja5
andrew.mitchell1999@gmail.com:Password@26
andre020604@outlook.com:Frisco2016
andre_le_giant@hotmail.com:Tr0ll0l!
andrewjinkim02@gmail.com:andy0210
andrewaguilera2003@gmail.com:Andrew23#
andrewcagampan@gmail.com:Rokaplaya2!
andrewjohnsonlee1@gmail.com:Andrew123
andrekool321@gmail.com:soccer321
andreclark22@gmail.com:Arianna1.
andrew.gallardo12@gmail.com:Djeter002
andrewha789@gmail.com:5632220898059
andrewaguillon9@gmail.com:Qwerty123$
andrewkim093@gmail.com:minseok-ps4
andrew.hasman@yahoo.com:M@v3rick
andrewhbradley9@gmail.com:Andrew101!
andrewjaure@yahoo.com:#swagg999
andrewlantz58@gmail.com:Passw0rd.
andrecarlosss99@gmail.com:Fatguy999
andrea.pangemanan@gmail.com:SweetLuff4ever
andrewdefranco@yahoo.com:devilsown
andrewkmanderson@gmail.com:Am1600124!
andrew.f.coulter22@gmail.com:Blanket29!
andrewnnr@gmail.com:Amsterdam2405
andrew@inkforhire.com:G@tor2003
andrewabrera@yahoo.com:Arckon88
andrewlewis323@gmail.com:11happiness
andrewiskim@gmail.com:#Atrain123
andrewkim98@gmail.com:kim21218
andrew.bilal@hotmail.com:andrew56
andrewgresham1@gmail.com:password413
andrescarbajal22@gmail.com:andres68900
andrewcanosa4444@gmail.com:44Apple44!
andrew.najar.95@gmail.com:Boobies!2
andrewbeten@gmail.com:Cocobear3
andrewsetka@yahoo.com:1Pepper1
andrewlalberto@yahoo.com:aA2057362!
andrewweber.ime@gmail.com:Zapzap11!
andrewg913@gmail.com:Catcher@13
andrewkhem0@gmail.com:Nov61100
andreaava@outlook.it:Tartaruga1-
andrewpark812@gmail.com:apark812
andrewpelayo0404@gmail.com:Beardown1992
andrewhnguyenn@gmail.com:Hiromu0522
andrewsaddicted@gmail.com:Djrec113322!!
andrewseth.arter@btinternet.com:Speedy259
andrewjfilip@gmail.com:Af123123!
andrew.e.schaffer@gmail.com:Jun141980!
andrewsoto89@gmail.com:Jetfire89!
andrewprescott565@yahoo.com:andrew363
andrew_hart24@yahoo.com:Lakers24!
andrei_b_321@yahoo.com:22eX73Djkx
andvargas55@hotmail.com:gameone1
andrewgraham314@gmail.com:Johanna314$
andrew4m98@gmail.com:Sokker998!
andrewnr98@yahoo.com:Buddhakai.19
andrewekellzz@hotmail.com:Thunder#0
andy211@live.com:yarorang400
andrewbui389@gmail.com:Ilovecoco389!
andrewfrenkel@me.com:Beechwood54
andrew7shuhaibar@yahoo.com:tigertiger64
andrewjpiazza@gmail.com:Perkasie123!
andrewwuzhere12@gmail.com:Goreds2003
andrewjun0506@gmail.com:mj0633ys
andrewwiacek@gmail.com:kingshockey
andrewzeng2002@gmail.com:marvelman2002
andrewsje49@gmail.com:Alaska49!
andy.ross92@gmail.com:ap041992
andybarahonafc@icloud.com:Diana31!
andrewrivas28@gmail.com:Rivas628!
andy.castor@hotmail.com:Bonjour12$
andrewdaniels8210@gmail.com:Ivygreen@1998
amirruizhysaw@gmail.com:baseball03
andrewfusher@gmail.com:Google14!
andyhernandez2012@gmail.com:arsenal93
andrewpreston@att.net:Mustang!13
andrewbeglarian99@gmail.com:Booboosh1
andy57lopez@yahoo.com:Redryno6
andrewschultz218@gmail.com:Andrew101
andrewvillarini@gmail.com:ninja456
andrewdpham2@gmail.com:Disney123!
andrewpaulzimmerman@gmail.com:Ecuador123
andrewnguyen197@gmail.com:chickenhawk
andrewasilva15@gmail.com:Jadakiss-5
andycao@yahoo.com:Lilvietbo1
andrewramos0491@yahoo.com:amazing1*
andy.rivero13@yahoo.com:Sagitario13!
andrezquezada27@icloud.com:Ninja_Guy_101
andrewsmith@casaints.org:Messi#10
andrewwalker399@yahoo.com:Locker90
andypham711@yahoo.com:Pa246676$
andrewrodriguez500@yahoo.com:andrew2323
andrewmaidob@gmail.com:Seahawks132
andrewalmasi@gmail.com:Hunt77584
andychen2317@gmail.com:Maple123
andyosborn2012@gmail.com:860Faith!
andyquan123@gmail.com:Thanh0512
andrewahoang27@gmail.com:Andrew27!
andrewlaksana@gmail.com:Jakarta28!
andy.lung1007@gmail.com:a12081003
andyjames1738@gmail.com:brooklyn117
andygibbo9@hotmail.com:Manchester123*
andynguyen1245@gmail.com:159357Aa
andyyang655@yahoo.com:Iamtheb3st
andyl97@163.com:Andyliu98
andreacolazzilli10@gmail.com:@Andrea21
andy.phan13@gmail.com:zxcvbn123
andynjchen@yahoo.com:dayton123
andrickh01@gmail.com:Hernandez233
andyderousse@gmail.com:Roger_Federer16
anferneetran97@gmail.com:Football.96
andrewkhomala@yahoo.com:peglegjoe
andyliang2131@gmail.com:andy2131
andrewzwang27@gmail.com:ANDREW_2727
andyrestrepo15@gmail.com:Snoopy28=
angel97.pm@gmail.com:Panda2216
andygarcia2003@hotmail.com:Rosalina02
andyann888@gmail.com:Access4me$
andybear444@gmail.com:spocksigma444
andrewvoit3@gmail.com:andrew46536
angel.lynetta1993@gmail.com:Courage2512!
andyvalladares.av@gmail.com:andy1252
anewguru2013@gmail.com:An46101!
andyduarte58@gmail.com:Ad12345678
andrew_li07@hotmail.co.uk:naruto_101
andybarrera0620@gmail.com:miamiheat3
ang.kim22@gmail.com:Helloitsme2!
anferneerodriguez1997@gmail.com:Newyork7
andthen252@gmail.com:Stuff123!
angelayala9519@gmail.com:Goatline1!
angel.zheng99@gmail.com:lolpop90
andrewren08@gmail.com:fayang08
angel.camp320@gmail.com:campos32
angel.fuenteswork@gmail.com:Bravo-22
andyflash354@gmail.com:Darkstar688
angelb32761@gmail.com:Themexican1!
andyw2900@hotmail.com:Acer555$
angeldelgado8@yahoo.com:Qwerty1!
andywayda@yahoo.com:Lily3004
andygarcia319@gmail.com:Best1632
angelicaescamilla7788@gmail.com:Whatever0&
angel1583alvarez@gmail.com:Angel1583
andrewng4fun@gmail.com:Hands0me@
andrewlittle10@gmail.com:Andurand1@
andyt1103@gmail.com:19981103
andrewmmoon90@gmail.com:1984Caprice
angelconley211@gmail.com:rene2112
andynguyen176@hotmail.com:azngang50
angelj478@gmail.com:1qaz!QAZ
andrewblakew99@yahoo.com:football99
anfhollisty@gmail.com:sena2003
andreswag2151@gmail.com:Andre.2151
angelimpat23@gmail.com:Blessed.1
angelgar141@gmail.com:Ag141059
angelo110@ymail.com:angelo2206
andrewtran2638@gmail.com:Getrektm8!
angelmunoz123@gmail.com:614408Am12!
andrewjackparker0@gmail.com:Aaddss11
angelluis.w@gmail.com:MooMoo123.
angelob6193@gmail.com:Super123
andrescuautle558@gmail.com:Mexico558!
andythomas93@gmail.com:Blch@w287
anfernee.payton@gmail.com:December23
angelo0105ac@gmail.com:!kevin48
angelo_d23@yahoo.com:Masterz23
angeliowtt@gmail.com:lolilolsex
andrewyang002@gmail.com:x7nomor2
angelinavrnz@gmail.com:images07
angeldmingz109@gmail.com:Dominguez123
angelwaldron@icloud.com:Angel2003!
anferneeduffey94@icloud.com:Duffey@843
angel.juarez547@yahoo.com:Traplord300
andywu607@aol.com:hottopic13
anggrainilila@gmail.com:mayones1
angelsores@yahoo.com:Apjsm2004
angelv1230@gmail.com:Angelv12
angelicapolonia@hotmail.com:Randy05!
angieprasomsri@ymail.com:angel123&
andyramos402@gmail.com:P00pkate
anguuntushig@gmail.com:Poptropica1!
angelramirez5511@gmail.com:alexis97
anekesheldon@yahoo.com:coolharold
angelben1534@gmail.com:angel123$
andy.chi42@yahoo.com:simba123
andyjfeather@gmail.com:expo1234
angel_tovar12@aol.com:Aug302003
angelb32761@yahoo.com:Themexican1!
anirudhram37@gmail.com:We1c0me!23
angelmr88@gmail.com:Fireworks0704*
angelsanabria569@yahoo.com:sanabria12
anino1@twu.edu:Jai2day1!
andyyoun999@gmail.com:June0628
angelshadow1999@gmail.com:chuckmoney99
anhvu.nguyen1996@gmail.com:ranger4ever
angelrwr@aol.com:Fuhs2011!
animeislife522@gmail.com:Toan1114
animegoldenboy@gmail.com:goooogle
andrewsaldana5@gmail.com:jeffrey10
aniq_yeo@yahoo.com.sg:01Feb1998
angelv99jr@gmail.com:Angelv99
angelatorreblanca@outlook.com:angelita
anime2601@gmail.com:naruto2601
animatedsolidsnipe2@gmail.com:Aug27/03
anickhaha@gmail.com:nikolas20022002
angryfijian4@gmail.com:angry19081998
anish.welde@gmail.com:117788044
anishmantri02@gmail.com:aditya98
ankitmoudgil007@gmail.com:mnbvcxz0A
anhphuongle@hotmail.com:Kunta420@
aniyah519@gmail.com:Aniyah101!
angelineshorts2@yahoo.com:Wimbledon123
andyarroyo1000@gmail.com:Nvsunny62691745
angelvasquez6987@gmail.com:Palomo123
ankurbhatti777@gmail.com:Manjeetmann
angelduran571@gmail.com:Swimming101@
andystewart1222@gmail.com:Andoo123$
anilismailzada@gmail.com:iamlegend1
anlam231@yahoo.com:free2518416
angeloluciano116@gmail.com:Awesome116
angelrico2025miguel@gmail.com:miguel5.0
anna.l.kerr@gmail.com:Katana012!!
angeloila.99@gmail.com:pokemon123
angelosorrento2001@gmail.com:Angelsnow1
anesh357@gmail.com:anesh1997
andrewnguyen533@gmail.com:nguyen04
angellorens32336@gmail.com:angel#32
annettehatcher1024@yahoo.com:Romeo69!
anne0302r@gmail.com:Simba0302*
angelalvarez5063@gmail.com:Angelito0930#
angelsoli.as@gmail.com:israel21
anhle.2103@gmail.com:Ivywhitess213
anitahaircutnow@gmail.com:Ultamite5!
angelo.danna69@gmail.com:angelporn13
anousterlor@gmail.com:Kongzoon1
anneittamucker@hotmail.com:Austinmahone!3
anojh99@hotmail.com:Piaman1234
angelods350@gmail.com:andelossantos
antenor19@gmail.com:Infamous1!
angelwtt@hotmail.fr:lolilolsex
ant1228@hotmail.com:harlem12
anoneil89@gmail.com:Maximus123$
antdogwow@yahoo.com:bigmac75
aniyumhayes3@gmail.com:corncake
antho-l-c@live.fr:Vortex1500
anonymousraps@yahoo.com:Popcorn7195!
ant636@yahoo.com:milkncereal1
anson.tran@gmail.com:backtrack
andydeng12345@hotmail.com:Dragon12345!
annaliciamj@gmail.com:Leelee550!
anikethprasad123@gmail.com:Anikethprasad321!
anhtheboss12@gmail.com:Khongco#1
anthony.harvey32@gmail.com:Twonfish12!!
angelitoymarbelys@gmail.com:Angelito18&
anthony.wong12@hotmail.com:Bloodninja12
anthony24476@gmail.com:Ilove1234
anthony.khon@gmail.com:Preston!0312
anthodgejr@icloud.com:10Legoman
annayvo97@gmail.com:cute42330
anoor9330@gmail.com:hassan2012
angelosotrill@gmail.com:Athlon213
anthony31090@gmail.com:23allday
anthony.gugliotta02@gmail.com:mustang02
ansonliu324213@gmail.com:Ansonliu1219
antanttyler@aim.com:antonio9
anthony2929rodriguez@gmail.com:Computer$1
anthony.pisabaj3@gmail.com:Apisabaj33.
angusmacqueen2114@gmail.com:Charles2004
anthony26365528@gmail.com:rath2099
anthony_white19@ymail.com:Amplifier_10
anthony.batista1993@gmail.com:Gomes1995#
antgbatman@gmail.com:smmolod1
antdoan123@gmail.com:doan123456
anthony.oloruntoba@gmail.com:@1Tamara
anthony_a27t@yahoo.com:deathb0y999
ant.20_00@yahoo.com:ashley_17
anthonycolquitt.ac@gmail.com:Anthony123!
anorvell20@gmail.com:Kingme!09
anishksk@gmail.com:njb43San
anthonyarmy22@gmail.com:@USarmy22
anthony.walker5874@gmail.com:Paramount1$
anthonydj319@hotmail.com:Anthony319
anthony.r@hotmail.fr:richer13
anthonygriego31@gmail.com:unclemike#1
anthonybrown02724@yahoo.com:Money2500!
anthony86629@gmail.com:starkiller
anthony21410214@gmail.com:1Flamingo1
anthony.tremallo@yahoo.com:Christopher2001!
anthonygrinn@gmail.com:Native_141
anthonyb3565@gmail.com:@nthony16
anthonydube00@icloud.com:racecar123
angel_tellez_10@hotmail.com:Legnais1!
anthonyeduardoperez@gmail.com:Anthony117
anthony.77duarte@gmail.com:Anthony.77
angela-doro@live.com:Smiley55
anthonyjosechavez45@gmail.com:Mediacom1!
anthonydicarlo13@gmail.com:$occer13
anthonyjballesteros@icloud.com:Catcatcat13
anthonycmiller93@yahoo.com:freeman127
anthony.hugh.daley@gmail.com:Anthony1
anthony.quiroz9@me.com:Transformers3
anthonymitchell812@gmail.com:mitchell1112
anthonyjackson344@gmail.com:Jackson14
anthonypineda99@gmail.com:Disd@2018
anthonygato06@gmail.com:W@rrior13
anthonyecheverria200@yahoo.com:Antonio100
anniecamlic@gmail.com:Ilov3bacon!
anthonyisdope211@gmail.com:naveyseal1@
anthonygarriga1@gmail.com:Mommy1976
anthonylopez22212731@gmail.com:909257le
ankitsri.email@gmail.com:ankit123
anthonysoraka27@gmail.com:65evaridge
anthonyortwein17@gmail.com:PA$$word01
anthonyquiroz58@gmail.com:Alocs1997
anthonykafrouni@hotmail.com:Jeepjeep1
anthonythach@hotmail.com:27/05/2000
anthonyw627@gmail.com:Grammys11
antoine.jones08@gmail.com:B@hamas07
anthony240699@gmail.com:lee240699
anthonymtse117@gmail.com:16469386686
anthonydavis36@gmail.com:Anthony1
anthonysnowballs@gmail.com:Andrea778907!
anthonykhachatrian@gmail.com:coolio2003
anthonymasferrer@yahoo.com:Chocolate25
antianna.beal@gmail.com:Antianna5!
antmancilla05@icloud.com:Anthony125!
anthonyt0424@gmail.com:Patriots12!
anthony182003@icloud.com:fernandes82
anthony.d.hilario@gmail.com:Kobebryant821!
anthonyskim771@gmail.com:Jikimi2288
anthonyocampo1990@gmail.com:Stunt101
anthonyluong_21@hotmail.com:Aluong123
antonio.chorro@gmail.com:normal123
anthonywatson1996@gmail.com:awatson20
antki15@gmail.com:shyshy77
anthonytt423@gmail.com:answer423.
anthonymok6@gmail.com:Iphone8$
antoniogomezr34@gmail.com:NitroPistol
anthony.castro8140@gmail.com:Anthony_24
anthony_luong21@hotmail.com:Aluong123
anthonyy.linaress@gmail.com:AAL192313
anthonyyveras@gmail.com:naruto123
antisch@me.com:xx39812Xzc
anthonygamboa86@yahoo.com:Ortiz@2012
antonio0505@icloud.com:Antonio0505@
antoniocluis7@gmail.com:Laks0192!
anthonylee0926@gmail.com:aboger00
antonio_tamilio@live.com:Pepperoni_123
anthonymagno93@gmail.com:kyubitatsu7
anthonylawlewis@gmail.com:Saysoil123!
antonioaguilar102097@gmail.com:Summer16!
antoniosolorio4@gmail.com:Common211
antoniopinkston@yahoo.com:1qaz1qaz!QAZ!QAZ
aomatt1989@gmail.com:Blink1989!
antyfa@live.com:feb41998
antony.clarke96@yahoo.com:bellmore96$
antonio_zamorano@icloud.com:Antonio#10
anoluckb@gmail.com:Football32!
antonio.armas555@gmail.com:Blancito11!
antoasis7@gmail.com:Batian13!
antiabe74@gmail.com:Nirvana213
antin.zach@yahoo.com:Moosemonster7!
antross007@gmail.com:Simbaa65!
anthonybatistanator@gmail.com:@1Whitewidow
anthonywr.ting@gmail.com:etarded!
antwanswervo@gmail.com:Frijolx3
anthonysteele1223@gmail.com:Friday@999
antonio.mast23@yahoo.com:Soccer23#
antw3527@gmail.com:antonio27
anthonyrm47@gmail.com:arod0528
anht7412@gmail.com:Anhyeuem1!
ap49433@gmail.com:Ap480617
anthonybracuti11@gmail.com:Squirtle6
ao215boxer@gmail.com:fanboy12345
anuran14@hotmail.com:SUNchips1234!
apco2013@hotmail.com:king4522
anthonyguijarro4@gmail.com:gamepro01
antoniocorea6@gmail.com:Ac172002
antjohns15@yahoo.com:julissa23
anthony_silva25@yahoo.com:Wesley.25
ant312osan@gmail.com:#EDC8uhb
anvas1411@gmail.com:rock0102
anthonymendez5678@gmail.com:Anthony13
antonio.martinez1020555@gmail.com:sergio44
antwan.herrera64@gmail.com:herrera1123
antonio_jaimes@yahoo.com:jog6by123
antohknee@gmail.com:Holidays1!!
anungah@hotmail.com:amakie123
apbronco@gmail.com:tony1234
antwest50@gmail.com:theboys4
apexeuphoria69@gmail.com:jorgerdz12
antoniozavala14523@gmail.com:@Taco1120
antoniogrullon45@yahoo.com:Getbuckets09
antonioalvarezjr02@gmail.com:ALv6325#
anthonydiegosandoval@gmail.com:anthony.123
apfelvan68@me.com:homokidhuy49
applesrgood2me@gmail.com:Parker03
apiercebell@tx.rr.com:Dimeboss4
apedia1@gmail.com:tpieeggnog2
apmozie@icloud.com:southfield2
appletreeland@yahoo.com:sengt2009
antonio_marco5643@hotmail.com:Marco564!
antoniobell23@yahoo.com:jumpman23
apexkarnage115@gmail.com:williams15
antonio.beaupre@gmail.com:Strong23
aqr.binh@gmail.com:17021990
aopha7@gmail.com:CSHDas52
april_s3161@yahoo.com:April100!
antonio_jones85@yahoo.com:0190747Aj!
apfel19663@gmail.com:E-Gitarre1
anxie1999@gmail.com:andrew88
anthonyy.rodriguez6@yahoo.com:@Nthony12
anthonyn5479@gmail.com:iamanazn09
antngo1129@gmail.com:Warriors3011.
archergomez08@gmail.com:Archer08
anyekjs@gmail.com:Lop3zfamily
anuragagarwal58@gmail.com:Zlatan99
arbysimbulan@gmail.com:heroes10
anunseenenemy@gmail.com:000026162mM
arberrexhaj46@gmail.com:arber2004
aqeelcollins@gmail.com:sneakerhead11
arelcaansino@hotmail.com:damianlillard01
anvihd@gmail.com:Hello1337
arajairosser@gmail.com:Arajai55!
arely.m.vasquez@gmail.com:Pizza!123
aonley98@gmail.com:Mommy32!
arevalok7@gmail.com:Texas214
arceus5619@yahoo.com:Casco123
applied714@gmail.com:Terraria21
aray0326@gmail.com:Ariadad2017
areliacev@icloud.com:yuhyuh@02
apavon09@gmail.com:Andrew29!
aralshamsi21@icloud.com:Durian21
aramirez.98.cali@gmail.com:Cooldude15
arham.haque@gmail.com:#Candle01
aramos472@yahoo.co.uk:Angel2003
aphan1291@gmail.com:an4874112
ardi098@gmail.com:Mrman!23
apalevic92@gmail.com:pokemon92
arcinedadaniel@yahoo.com:Sparks2130
anthonyhernand456@icloud.com:Anthony123
ariane_lacurom@yahoo.com.ph:123456Aa*
archetapp@gmail.com:C0venant!
antuan.johnson33@yahoo.com:Stilez09
ardir8@gmail.com:butters12
ariera97@hotmail.com:andresedu
ariidx.tj@gmail.com:duke.bball1
arindalcarlven@yahoo.com:22103111
ariusb1@gmail.com:Ilovekopol10
arittraarko@yahoo.com:arittra12
antoniovillegas7699@gmail.com:Brianna10!
arath.munoz2@gmail.com:Am26287!
arian.jakupi@outlook.com:Prishtina1
anthonypitch@icloud.com:Snipers101&
aquil2933@gmail.com:99Camaro.
archibaldterryl2000@gmail.com:Rellz_00
arjmoncrief@gmail.com:aidan4us
appletmh15@gmail.com:lou2sell
arjunshan29@gmail.com:Sgaa2345
arjunsuri89@gmail.com:Swordfish@1234
argin.baharians@gmail.com:argara123
arielwong111@gmail.com:Theawesome1
arjae.grospe@gmail.com:arjae1007
arifjunaidden@gmail.com:2177mami
aricannmonn@gmail.com:canales90
arjeldupi@gmail.com:12Ab34@@
antondino70@gmail.com:Rayallen1
arbikhas2002@gmail.com:Arbi2002.
arif.ashman@outlook.com:Ashman.1234
ar2394991@gmail.com:Ramirez.1026
arianedwards@icloud.com:ea186254
arjun.chatrath@gmail.com:Goliathus24
arigotgame3@gmail.com:Blingage03
antoniobrownn120@gmail.com:harsh120
ariel24miranda@me.com:Angel2005
arjr2002@gmail.com:jacobrhea
arisrapada@gmail.com:batman12345
arilikespizza@gmail.com:afsoon00
arihantparsuram@gmail.com:Gogiants1!
ariscardenas2867@gmail.com:Ricky_0305
areg63@yahoo.com:rabap246
aramisu1@hotmail.com:Newgodflow1_
areitman7@yahoo.com:Gar14921
arielpena1234@hotmail.com:Thebest1
arjunsilverberg@gmail.com:Arjun714$
ariesyang100@gmail.com:Hmongvaj123.
ariyonkidd@gmail.com:Ballislife#2
antonio.flunory@gmail.com:Jeremiah04
aponyo123@gmail.com:aiden1235&
aots24@gmail.com:miniclip
ariza.padua@gmail.com:Mikobear121!
araujo8711@gmail.com:vicente8711
arischristou7@hotmail.com:Joanne_11
arjun4swag@gmail.com:goodjob123
antjaresco@gmail.com:allstar#5
applesjohn088@gmail.com:Japples1.
ariqatnedal@gmail.com:nedal321
ap40558@gmail.com:Anthony8031
arianmaz05@gmail.com:Arian2005
arivera0510@gmail.com:SlimShady5
arie.field@gmail.com:Frogy962
aramakopian23@yahoo.com:Ilovekb3824
arifbunayya@yahoo.com:killers619
arielguzman368@gmail.com:Ariel.123
aqua10038@yahoo.com:Yahoo12!!
arjayrosaldo89@gmail.com:twetae89
arital256@yahoo.ca:turbo432
anton723@hotmail.com:anton123!
armandhanda96@hotmail.com:Nik!1996
armandom30@hotmail.com:Gaspar21
ar320897@gmail.com:Animus2.0
arevaloandrew08@gmail.com:yourmom45
armand94541@gmail.com:mando2002
armantosunyan818@gmail.com:Arman818
armando_riyadi@hotmail.com:12september98
armaan.kidwai@gmail.com:27621522
armaad21@gmail.com:pa$$w0rd
armont@me.com:age6racer
armonnow@yahoo.com:Sharmon2004
arisd@me.com:Igo2work
armaniman15@hotmail.com:Abcd4567!
arlington.rodgersiii@gmail.com:spartan116
armandomunozaguilar@gmail.com:Monday23!
armyofdarkn322@yahoo.com:Anthony13
armando644971@gmail.com:@Cookies1
armandocastillo794@gmail.com:Armando163
armyvue@gmail.com:Av_8579935
armin.jahjefendic@gmail.com:Hedgehog2497!
armanatt@gmail.com:ar121800
arod071705@gmail.com:Amaya@01
arnoldgonzalez223@gmail.com:littleman01
armandolabrada25@gmail.com:Fluzahy0
armanroshannai@gmail.com:arman2001
arranmdm@gmail.com:Billy@2010
armobeast1@gmail.com:Arno2000
armandoceciliano@yahoo.com:Armando2003
arnaldoramos83@gmail.com:Alejandro_10
armandeeps@gmail.com:asker101
armstrongdonovan3@gmail.com:jumpman23
armandmarcelosilva@gmail.com:Ecuador1!
arnostandaert@hotmail.com:Tetris12
areader7@gmail.com:truelove99
arminshakeri@hotmail.com:armin2000
arroyojesus89@gmail.com:Jonathan13
arman.arciaga17@gmail.com:Angelo@01
arslanhirani@gmail.com:hirani08
arocha92@yahoo.com:Accruzeiro10*
arrowhype@gmail.com:Joey7299
armonb13@gmail.com:trenbluv99
arrangrewal@icloud.com:flash-19
armannit@hotmail.com:topfin10
armin.timofei@gmail.com:Armin@2005
arkredmoon@gmail.com:Prodigy06
armanix8@icloud.com:armanix8
arsenal_2003_ahmad@hotmail.com:Arsenal_2003
armandog12339@yahoo.com:Raiders1
arsalang@outlook.com:Arsalan_2002
armstead.anthony@gmail.com:Father82!
arteabry@outlook.com:Panthers79
armanifagan100@gmail.com:Ilovenelly5!
arman.puri10@gmail.com:Ashish143
arshan.begpour@gmail.com:arshan2005
arthurxu_@hotmail.com:arthurxu123
arthurwaescher@hotmail.de:9Geburtstag
armaanelli@yahoo.com:slifer123
arminronaghy@yahoo.com:Rock4120!
artieblade@gmail.com:Lolita1.
armando309148@gmail.com:likeaboss16
artiga.alberto@icloud.com:Je$u$.75
armadmincey@icloud.com:ShakobeM24
arthurlamata@hotmail.com:Arthur@03
arturosanc000@gmail.com:Sanchez12
arthurtallqvist@gmail.com:3maRs104
armaandave@outlook.com:Superman!23
arthurm321@hotmail.com:Sharperimage!81
armanitaylor@live.com:december24
artooor023@yahoo.com:gagegage11
arthurlwest@yahoo.com:Wout2121$
aronde38@gmail.com:Naruto78
arreolaviv@gmail.com:jamiedelgado10118
artix6234@gmail.com:master6234
artkibbe@hotmail.com:Ninja!123
arnezhooks32@gmail.com:flip1817
arturothagod@gmail.com:Xbox36069
arthuravr1@gmail.com:@Cuba2007
arturorebuelta@icloud.com:Whitworth13.
armandozamora57@gmail.com:zamora12
aroache95@yahoo.com:Ar013358.
arthy1583@gmail.com:Arthy4875
arthurx19@gmail.com:fenix-19
arsal.afzal3@gmail.com:tiger1799
arthur1678@yahoo.com:444104ab#
armando.bibi.m@gmail.com:qazcxz123
arnoldomontes96@gmail.com:rareair23
arreaga.a.adrian@gmail.com:Adrian#12
arshisboss@gmail.com:homerun1
arthurcrouzier6@gmail.com:@rth2009
aroyal92@gmail.com:fallen12!
artagparsa@gmail.com:Platypus5611!
armsteadamador@yahoo.com:Armstead1
arturob1104@icloud.com:dante1104
arturorobles46@yahoo.com:Sierra117!
arturo.rubi.c@gmail.com:abcd1234.
arriaga.anthony98@gmail.com:infddi98
arthuratilano676@gmail.com:apple676
arturorios1@outlook.com:Boss021*
apexerz@yahoo.com:Silent50
arthur.nahmias@gmail.com:arthur6969
artemiyanosov9@gmail.com:kukukaka1
arthurfarhat1@gmail.com:Connor213
arquelionegron@hotmail.com:Revenge1996
arturolimon76@gmail.com:Limon123
artino277@gmail.com:Brothers2!
arturo101178@hotmail.com:Monster47
arshanparvizi7@gmail.com:Arshan77
artistrybyanika@gmail.com:Amithumi2!
artemioanastacio@gmail.com:artemio12
arnep999@web.de:Basketball1!
artur.k@web.de:Warrock123!
arun.10p606@gmail.com:Tonystark@68
armando17acevedo@live.com:Mercurial17
arubio13.ar@gmail.com:bvb@4ever
asadmuhammad1978@gmail.com:Iymaani@54
asanijohnston@gmail.com:Flare45289`
aryanusingh@outlook.com:Pokemon2!
arzateruben22@gmail.com:xbox36078
arthurwj01@hotmail.com:Loli12321!
asakarntava@gmail.com:1Eugene0
arzuemmanuell87@gmail.com:102790003
ascendingpluto@gmail.com:Newport@48
asapeddie144@gmail.com:8534515Ev
asainisaiah@yahoo.com:Isaiah07
aschreiber09@yahoo.com:assassin09
arty.wisuttisresil@gmail.com:arty1998
asaycocie1@gmail.com:Saycocie2005!
artworkbychristian@gmail.com:Christ1an
asa.lynn.hall@gmail.com:Sonicthe)12
asdfjkliang@aol.com:Ilikecake091612!
asa.newman1@gmail.com:Asaisthebest
asapfiasco@gmail.com:Buckeye3!
aryanabresham@gmail.com:barcelona212
arvand@aidun.com:Ardeshir101
arward90@gmail.com:Spitfire_132
arun.afzali1@gmail.com:Striker1132!
arunfootball8@gmail.com:andrewluck1
arun.sri.0501@gmail.com:Asri0501
ashe338@gmail.com:Sabot#38381
asher.mintz@outlook.com:Lego131!
asherrrrr@gmail.com:A$her123
arun.nickerson@gmail.com:Arunravi12
asetiyadi407@gmail.com:May31945!
aryanjain0826@gmail.com:abcde123
aschep16@gmail.com:Carolina16!
asanchezmang@gmail.com:yabuddie
ashari2393@yahoo.com:Tekken23
asepulveda0254@gmail.com:Sepulveda_16
asher.siegel@gmail.com:Cres13!!
asher_weintraub@yahoo.com:asheroony
asherjaeckel@icloud.com:22Edgemont!
asdgmb@gmail.com:Gundam00
ashley.ducloseille@gmail.com:Ashley15$
ashleymarie08@yahoo.com:Fuckfuck1
asaptj@gmail.com:2013Grad
ashleyrsantiago89@live.com:Nate1806!
arvis_13@hotmail.com:Ch4mp10n
ashantiaikins@gmail.com:hyphey123
asaka723.as@gmail.com:andy233!
ashleybencosme5@gmail.com:first123
asherwh5@gmail.com:Larson!5
ashton1pulver@gmail.com:Ashton92
ashrodriguez@icloud.com:Larissa01!
ashleyrincon11@gmail.com:Ashley1998!
ashmorelucas1@outlook.com:pokemon01
ashneel_sen@hotmail.com:Lakers24!
asherperry0507@gmail.com:nick2236
ashur.jones@gmail.com:wrestling
arnell.brown3@gmail.com:Phatboys3
ashtonwash2017@gmail.com:Killer2!
ashlxyx@icloud.com:Eyecandy1!
ashtinmichael@gmail.com:Garden801
ashton.galera@me.com:4197Beng
asaritoyo@gmail.com:tui76597x
ashleyschell4334@gmail.com:Cooley-1
ashlyrob3@aol.com:Cookies#11
asis.ware0@gmail.com:Motive33
ashleyfnsc@yahoo.com:Shadow40_
asliddin_a@yahoo.com:Chessmaster798
ashmcneece0898@gmail.com:Joseph#8
ashtonmay3@gmail.com:Waffles.37
ashten.lipscomb10@gmail.com:Classof16
ashtonramlakhan@gmail.com:killer147
asady98@hotmail.com:n33asd64
asosa6double0@gmail.com:Hollister17
ashrijain03@gmail.com:orange#3
ashtont2015@yahoo.com:Bluewater1!
asriel051603@gmail.com:pokemonrulez
asmith_1994@outlook.com:Smitty92.
asia.dinkins@gmail.com:PWam207!!
asmataraza17@gmail.com:Idontknow1
ashtontaylor626@gmail.com:Naples123
aspark94@gmail.com:bball052116
ashton8264@gmail.com:ashton1234
asteffler8104@gmail.com:Bacon8104
ashassan99@gmail.com:Ashassan99
ashleylau930@gmail.com:ashley930
asiansensation70222@gmail.com:cj209018
asysavath@yahoo.com:sysdabeast25
asinnott716@gmail.com:Hell0d0ggy
ashten0501@icloud.com:Kicker07!
atasharm@gmail.com:Sidney23!
asanherr2015@gmail.com:ronaldo12
asten.james@gmail.com:donkey75
ashleymills81@gmail.com:creeperKC17.
asipaque@gmail.com:Vortex123
atallabib@icloud.com:Kinghigh9!
atek128@gmail.com:kreative12
ashleylove388@gmail.com:coco1234
ashtonliese@gmail.com:Ashtons1#
ashleyedwards2611@icloud.com:mater2000
assilbawss@hotmail.com:manel2004
asurjana123@gmail.com:5012022123a
asjmd@hotmail.com:emmdee51
atjeremy@yahoo.com:Jeremy062703
atgoins3@gmail.com:Answer03
atorr893@gmail.com:Themiz17
ashutosh0414@gmail.com:Namikaze4!
asphaltsavage235@gmail.com:Charlie_2004
ashwin7gaming@outlook.com:$c00byd00
aterrone@hotmail.com:Patsfan98
atomicaxew33@gmail.com:ariboo11
asomelord@gmail.com:Faraaz123
asuasunikoeli@yahoo.com:Oakland!1
asyavious16@gmail.com:Bigdog1!
atorelli8@gmail.com:Gunner1388.
atopthelog@gmail.com:#Pinkpony007
atroske13@gmail.com:#1Stunna
astev2004@gmail.com:godisgr8!
asuarez221@gmail.com:nothing95
atlantadude04@gmail.com:Jordan99$
atb_123@msn.com:866079aU3!
athip-art@hotmail.com:pebblebeach
atkesonb@gmail.com:Arsenal20
asuncion_ronald97@yahoo.com:Asuncion29
atomech333@icloud.com:Anshuman@1
asvpgt@gmail.com:eam11428
atate21355@gmail.com:Anthony21
asduell@gmail.com:engineering15
ateo10123@gmail.com:Sameer786
ashley_dsouzar@hotmail.com:ashley1912
astonmartin260@gmail.com:Marques260@1
asimm2000@gmail.com:mete00r2006
atelliott407@gmail.com:Integra1
atograbic@icloud.com:Meris2003
asiannoodles4@gmail.com:mp050702
atodd98@yahoo.com:Jermieri98#
atown3596@aol.com:Nuts1313
atila.furtado523@gmail.com:atga*2013
atomanlogan@gmail.com:107462AT$
astrocameron@gmail.com:Hamish01
ashton6921@hotmail.com:Thomas21!
asmalahmed4@gmail.com:1234Ahmed
ate_the_pie@yahoo.com:fallen18
atkinstyriq@gmail.com:atkins22
at027931@gmail.com:Zuniga00
ashton.schrump@gmail.com:Pukar3b0
asuarez360@yahoo.com:America8276.
atsbobice@gmail.com:Lolroflok1!
ashleytobon22@gmail.com:Onedirection1!
asdaylightends@gmail.com:fallen48
ashley.lalicata@gmail.com:October2017!
asutherland8219@hotmail.com:5Browse8
assassinmanvir1@gmail.com:Staymelo_7
asuncion.markdavid@gmail.com:115Somers
attardoleo@gmail.com:zurka98.
atom.johnson@outlook.com:Adamis#1
audrey.gabriel@live.fr:Audrey94$
atwell.leigh@gmail.com:Sleezyl#11
augharvey@gmail.com:malkavian_364
asif86154@gmail.com:halamadrid<3
atulyalohani@gmail.com:atulya123
audrey.defeo@aol.com:Sallys123
augustusjaron@yahoo.com:live4jesus
atuk413@gmail.com:godsgift5
ashtontruong@gmail.com:Steam1290
aukurycowart@gmail.com:Makaveli2@
austafish123@gmail.com:alexander0718
augustvranizan@gmail.com:PokemonGo!27
augustjohnrv@icloud.com:14Bowdoin$
austin.beas@gmail.com:Cookie13
austin.e.schultz@gmail.com:june1991
attackdog4@gmail.com:redsox19
aukrit44@gmail.com:328756931
austendreyes@gmail.com:Aggies12*
auguillardkaylee@gmail.com:Volleyball11!!
austinerve@yahoo.com:wwewwe12
austinconiglio@yahoo.com:loafers1
augustinezaw123@gmail.com:Jokerlol3!
austinlewis.lewis933@gmail.com:austin13
austin_ennis@icloud.com:Bballs24!
austinfoxman@yahoo.com:gizmoFox123
austinramirez17@yahoo.com:Proofy123
attasrosch@hotmail.com:srosch11
austinpalm1994@yahoo.com:Broncos94!
austinhua10@gmail.com:Basketball10!
austinmilling@gmail.com:Footballboy120
augustin.peter2003@gmail.com:lP006989
austinmhowle25@gmail.com:wertery4
austinchastant@yahoo.com:Dogwood1$
aurod93@gmail.com:Ofwgkta20
austinsanders2002@gmail.com:austin619
austinwong1@yahoo.ca:Austin99
austinhtsang@gmail.com:kailing12
austinp1215@gmail.com:uncharted92
aurora.pineapples17@gmail.com:pineapples17
austynsargent@gmail.com:sparrow21
austinwadewhite37@gmail.com:Tyson0145!
austinkeunholee@hotmail.com:dlrmsgh8449
atwan2123@gmail.com:xtreme2123
austrialbania2@yahoo.com:Cadillac1!
austinsim@gmail.com:lamesquare
avalladares4@gmail.com:Jazper206!
austinjavier@gmail.com:dec1997309
avendano987@yahoo.com:Fallout4@23
ave.allan101@gmail.com:alastair101
avery.weinwurm1999@icloud.com:Actor1999
austin.wahl03@gmail.com:Tucker03!
auri.walker.will@gmail.com:Aquarius16!
austinquach@utexas.edu:Nitusa495813!
averypomar22@gmail.com:Lakers2422
autmeg97@gmail.com:Autumn97*
audrenwilkerson@gmail.com:Carley33!
austinmaranan1@gmail.com:austino69
austin14826@gmail.com:67094118
austinrichard156@icloud.com:Austin123*
aucrisostomo@gmail.com:Boytoybindoy1!
austin.dewitte@gmail.com:Aust!n99
audry.ferrell78@gmail.com:tatum323
avance1052@academiaavance.com:beastkid11
avariel55@gmail.com:vazquez55
austingreenwood123@gmail.com:Newyork1@
austria.elijah@gmail.com:Austria2001!
avie_sahota@aol.com:raiders209
austin03201@gmail.com:animefan1
averybowers03@gmail.com:Pannell03#
auktion.gautschi@gmail.com:nitmik21
autofillteam@gmail.com:Autofill@37
awcompetitive@gmail.com:brownie10
atul.mpab@gmail.com:razorsharp123
awap58@gmail.com:Donbosco69!
avokovich@gmail.com:Ash13579!
austintsai197@gmail.com:swe77903
avillalobos310@gmail.com:eternal310
avelazquez0713@icloud.com:Anthony69$
avonj44@gmail.com:swaggerman
avaliente3300@gmail.com:Antuans12!
awawa21@gmail.com:Eyeshield21!
austinmella@hotmail.com:Aileen0726!
austin.callies03@gmail.com:austin12
austinrodriguez8213@gmail.com:Butters1234!
awan.ahmed444@gmail.com:Block123!
austinandrew403@gmail.com:Mobileme1
austinb0505@gmail.com:Pitchchange05
averykrzmarzick@gmail.com:Tigers00!
awallace244098@gmail.com:Anson1210$
awholeparagraph@gmail.com:Samples9!
avargas199129@gmail.com:Jeep1996!
awesomemonkey84@gmail.com:monkey84
austinlim99@gmail.com:2wsx2wsx5
awesomeshaun96@gmail.com:Xh960710
avitia_martin@yahoo.com:Indigo143*
austinlin55@gmail.com:B@$ili$k10
avramesh17@gmail.com:gogetta14
awright054@robertmorris.edu:Basketball2!
avifcdrum@gmail.com:Avi@1234
austindunn01@gmail.com:Detour100!
attanasiodominic7@gmail.com:Dublin12
awesomeness2391@gmail.com:Dragonboy54
axel.ito@hotmail.fr:29juin1995
austenlagesse@yahoo.com:#Mexico12
awesomeyou12@gmail.com:Crue777!
aurelioflorezvalle@gmail.com:31082000au
austin.shuler3@aol.com:Hugo112030
avinaash175@gmail.com:5688abcz
aveensarya@gmail.com:baseball2@@@
axelmartinezrose@gmail.com:M@rt1nez
axiexz@gmail.com:grayson_2012
axelmateo2000@hotmail.com:Jellyfam-1
aubreypalhegyi@gmail.com:swimlane4
axelc356@gmail.com:blackops321
avizuet7@yahoo.com:#Spooky19
averyguthrie95@gmail.com:Averylg1!
avery12262001@gmail.com:Avery1226
averyhardmon1@gmail.com:MooMoo991
avi.gottimukkala@gmail.com:Avi#2609
axlenava16@gmail.com:A8303pbg
awpcsgo123@gmail.com:Butterman123!
awnxix4@gmail.com:Chris1104
austinkhosho@gmail.com:tango1997
ayenvy@gmail.com:Academy1901!
awaleg3@gmail.com:college3
austin.beaton@hotmail.com:Au$tin18
ayerichy@gmail.com:mermaid151
awesomedan746@gmail.com:Buddy2671
aydenbot10@gmail.com:Irule4ever!
axlrosebangit@gmail.com:axlpogi456
avaz012789@gmail.com:Daisy24!
ayocurtislee@gmail.com:ukulele1
ausutley@gmail.com:Leon3000
ayomidea6@gmail.com:panters1
avedisbuyuker@yahoo.com:Destroier12
ayeitsrei@gmail.com:Ourheart<3
ayoubrached10@gmail.com:Gameover@0
averyvicks@gmail.com:Soccerboy250!
ayalaozcar@gmail.com:minombre12$
ayechankoko93@gmail.com:93ayechankoko
austinwood3765@gmail.com:Ruby1234!
axelrider77@gmail.com:Bleach77@
awesomesauce2022@gmail.com:Nerfgun03
awesomer13@yahoo.com:!As@Df123
ayuan17@gmail.com:Tmac37412
axl213d@yahoo.com:Ateneo@88
ayl.perez@yahoo.com:twloha719
ayushmarata@gmail.com:Workshop31!
ayoviktor@gmail.com:Naruto101!
axelcrimson@hotmail.com:jethu21(
aydin.aladinov@yahoo.com:aydin123
axew1246@gmail.com:abbass13
axelceballos10@gmail.com:sibley10
ayublahiani123@gmail.com:chiquito123
axrivera0910@gmail.com:Bellaboo10!
averysattler9@gmail.com:LEBRONjames23!
aymnaldo7@gmail.com:Nahed1997
azamnyear@gmail.com:2926azam
aymen80@live.nl:Aymen123
ayokunnumi01@gmail.com:Aysooo12!
aybarmiguel@yahoo.com:07November
aymanemahboubi6@gmail.com:uchihamadara
azaelcruz96@gmail.com:chivas09
ayar7790@yahoo.com:Argentina77
averyjacques09@gmail.com:Gordon2004
awholebee@gmail.com:yogscastzoey
ayzaiah@gmail.com:Blueball21!
austin_tan2000@yahoo.com:Akobudoy2
ayendewatson@gmail.com:jelani10
ayalajon01@gmail.com:Tapatio22
axelrod_brandon@yahoo.com:Pokemon1"
ayealan@icloud.com:Alandope1
aydenxharris@gmail.com:Cobras12$
aznboi11072000@yahoo.com:Edw8rd!m
awesomeniels11@gmail.com:Moo_Moo_11_
atonsans@live.com:awesomeness13
aznkid921@yahoo.com:aznboy921
azocca400@gmail.com:Alchimia99.
aymanmarah@icloud.com:Qwertiop1
azncaboy114@hotmail.com:teachers
au.abel@gmail.com:Qabala79
awsmiss17@hotmail.com:Mr.Meaty101
axellmalinao@gmail.com:shadows123
ayden0106@gmail.com:qrte1234
ayan.nath16@gmail.com:rock44139
azn_trooper@yahoo.com:airborne
awesomenathan7578@gmail.com:nathanlee2003
b.allen.kc@gmail.com:Foshizzle1
azaelvargas2010@gmail.com:Bodybuilder4life
b.shakari58@gmail.com:Jerome78!
aziz26awudu@gmail.com:Hourglass13!
axrivera13@gmail.com:vampire1025
ayaz.jiwani@yahoo.com:March81997#
azizwavy@gmail.com:Whysofly1
b.kollstad@gmail.com:Dogcity4
avinash.paluri@gmail.com:banterg0d
azheng139@gmail.com:zombie139!
azzy20011220@gmail.com:15838262736Zz
avawanwan.wan@gmail.com:Wa294578#
axelvo3@gmail.com:Yugiohzexal1
axel.r.riley@gmail.com:security115
azonez@gmail.com:@zOnez87
azzhir00@icloud.com:azzhir02
azdruwaldoz@yahoo.com:Jarritos1
ayumifan42@hotmail.com:pokerfaces
azdarwin.jack@gmail.com:Leahjack1028
azim.ahmed2015@gmail.com:Compute@12
b_hernandez2001@yahoo.com:Hernandez_01
avilajr22@gmail.com:Carlos1010
b.sesay98@gmail.com:Derrickrose1!
azndougboi@aol.com:Rofl123321!
azndoggirl@yahoo.com:70380481
aziz.alshiha@hotmail.com:DarkKnight11!
babykim267@gmail.com:babykim1402
babyj102644@yahoo.com:Lorali02!
b_e_v_i_s@hotmail.com:bevis270697
babbtrey@yahoo.com:Young#10
babyshaq0822@gmail.com:kobe_bryan23
aznsh8dy@yahoo.com:Mm6121987
babb2001@mpsedu.org:Gohangt5
babogreen2@gmail.com:Asif1973
aznpro133@gmail.com:Death132$7
b.lachelleperry@gmail.com:Cupcake1.
bacanikj@gmail.com:Bacani24
ayyylmao123456@gmail.com:Anixie123
azncutievan@yahoo.com:Thanhvan101_
ayanna28@icloud.com:penguin28
awuahdavid08@gmail.com:David1256
ayodelgado@gmail.com:Juice22?
b.schramke25@gmail.com:Emerson*7
awunityfc@gmail.com:ocja55**
avicii_19@icloud.com:Avicii19
b.melios@hotmail.com:Melios986
awspringsteen@gmail.com:431141Aws!
azirar.walid@outlook.fr:walid*98
babirai1996@gmail.com:Netflix.17
b_aminian@live.com:(Kronos99)
b3atz.fam3@gmail.com:cooldude10
avery.wellls9@gmail.com:pi3.1433
b.vile@outlook.com:lavender11
b.miller53@aol.com:Cookies360
averymillsaps0@gmail.com:Avery1998
badlymage@gmail.com:Pokemon00!
azeng6601@bths.edu:Jeremylin7
badillo_erik@yahoo.com:erikb300
baileyhummel1@gmail.com:Junior51
b.isaiah83@gmail.com:personality89
aydanharrison5@gmail.com:Wisc1848!
b3rz3rk03@gmail.com:Joeymac03
b.akash2@outlook.com:irock123
bablanchette@hotmail.com:bball123
baileyfisher668@gmail.com:horseface5443
bagarcia05@gmail.com:Thebigboss23
b.e.aleisa@gmail.com:bader4466
badhabit734@gmail.com:passcode7
babyandyf11@gmail.com:babyandy
bahaawollv@gmail.com:ownn00bs
bagorunner@yahoo.com:Runner2014!
baldo.bedolla@yahoo.com:Bedolla1!
balakebourne@gmail.com:Drewbrees97@
aznswagg132@gmail.com:Titans93
b_ashley21@yahoo.com:Californ1@
backboardosrs@gmail.com:keith62680
aznxstunna@gmail.com:Dawnsp0214
baileywharriman@gmail.com:Tammy11!
ballajay11@yahoo.com:Rockets11$
bamargeradio@hotmail.com:broout88
babymamba123@gmail.com:Mamba123
baggkalle@gmail.com:Simon3862
ayush.potdar@gmail.com:Ayush123@
baileys9dt@gmail.com:Dannyboy2
baileyhansen22@gmail.com:rafferty71
b13villanueva@gmail.com:B1r2y3a4n5$
balajeem@gmail.com:Anamika123*
bamandn22@gmail.com:Crash12345$
bamia28@gmail.com:Niceday7!
baccacraft@gmail.com:Bayern21
b00b0y0610@gmail.com:laffy143
ballscanard@gmail.com:Slimpickens22
bananbananafana@gmail.com:Schweini123
bad128dud3@gmail.com:Fallout4
bacaj0399@gmail.com:D!gital2
balooh@hotmail.de:Joyistcool
baileychambers18@gmail.com:bailey100
baileyrodgers342@gmail.com:Harry1976
bamit4262@gmail.com:Packers1!
bammcco3@gmail.com:penn2003
ballislife198887@gmail.com:Pizza123#
balinoam@gmail.com:Noambali1!
baeshin3@gmail.com:freaking1
ballisourlife@gmail.com:ihateaaron231
bakergg123@gmail.com:Twopick98!
bamariusio@gmail.com:cartoon5
balltimeali@gmail.com:ASDFFDSA1#
badandy728@gmail.com:deadmau5
barajasalex004@gmail.com:mylove0913
banks.deandre@yahoo.com:3Deandre
bananajimmy2005@gmail.com:Josh2ua?
banksjalen14@yahoo.com:Jalen2011
ballin2340@gmail.com:Ikenna1@
baluyut_justin3@yahoo.com:Skateboard362@
baileybradshawnuttall@gmail.com:329909jo
bansenshukaizen@yahoo.com:shinobi00
bapebusyworkzzzz@gmail.com:Jesus2002
bacan84isgood@gmail.com:Tammyle84
b.stone1234@yahoo.com:falconswin
babykady2000@gmail.com:Texas1969!
barbosajorge30@gmail.com:Argue58$
barberiluis1@gmail.com:Alberto00
ballnolai@gmail.com:1ronstorm
babydreads10@gmail.com:kaiser#1
baoduy.nguyen2003@gmail.com:Duy#1234
banan5z@yahoo.com:isaac1378
bananaking102@yahoo.com:nicholas1
awsomeswag56@gmail.com:master360
banki3z@yahoo.com:karla0430
baller.jr2004@gmail.com:Rash@2004
babbouk77@gmail.com:adamka_04
bantolinaftw@yahoo.com:under200$
bananaman1234566@gmail.com:stuart101
balaji.satagopan@wmich.edu:Kitkat14!
barcelona.sam@gmail.com:idonotknow9
ballislife.zt@gmail.com:zaire123
baokendric15@gmail.com:skyress1
barbozajavier11@gmail.com:Javier21
baodtrangg@aol.com:replies1
backwoodskennelstn@gmail.com:onetwo34
bakr.marwan@outlook.com:irockomg123
bambamm701@yahoo.com:srixon701
baithnaladobawa@gmail.com:Fruit073
ballislifewilton8@gmail.com:Knicksny8
bandgeek021@gmail.com:Fartface1980
badelval@hotmail.com:benji1021
balajqureshi@hotmail.com:Hasan413
baolokwong@gmail.com:jlc7jlc7
bapeexpo12@gmail.com:avaters123
baronbacon24@gmail.com:Racecar1
banko4231@gmail.com:Saad4231*
barranca_e@yahoo.com:Eddie7890
barneyworster@gmail.com:barnster
barnestyler@outlook.com:Zipper123
barraganjose18@gmail.com:Working?
barrerabryan@me.com:Bryan2004!
barron.kamal@gmail.com:125elliot
barkerc24@gmail.com:Blackmamba23!
baovinh111@gmail.com:Clouddie123!
barraganalan47@gmail.com:barraganalan47
bachn1911@gmail.com:Chowyun8!
barnettalexm@gmail.com:Aa@23102310
bamogh99@gmail.com:N0rwalk!
bananaz1226@gmail.com:fetch321
bartekjordan@yahoo.co.uk:sonic2345
baronalexander84@gmail.com:Alexander0615
bakedpototo@gmail.com:USmc3531!!
baseball.trey2@gmail.com:Treytrey@2
basham3400@gmail.com:Yoloswag3400!
baseballncb@att.net:Sushi432!
bartmanmt@icloud.com:green1234
baplogbusiness@gmail.com:Naruto22!
b_leifheit99@yahoo.com:Advocate1!
bajancalifone@gmail.com:Padilla2
bardock9212@aol.com:Happyday1!
bashigelle@gmail.com:gelle2002
barbarian21@icloud.com:Messi209!
bainsdanny7@gmail.com:#Ronaldo7
banwaree_kamari@yahoo.com:Vegeta11
basedhamid@gmail.com:1011Ruben
banksaj9@gmail.com:Zumiez123
bat_batuka@yahoo.com:99114333dad
ballzdeep451@gmail.com:Awesome1708
basilalrebh5@gmail.com:beso123-
batman31723@gmail.com:emmalogan
barcelona.edwiin21@gmail.com:Isaac1010!
basti.rance@gmail.com:sebik07!
bastian.vall@gmail.com:bastian_007
barmenta_23@icloud.com:Techno23!
batmaniscool932@gmail.com:Sidhu1234
bassgs0@yahoo.com:Apple1234
bascom.d@yahoo.com:meathead88
baumontantoine@gmail.com:Antoine2015
bata37@hotmail.com:number37
bayleyborrett69@gmail.com:Intersect01
batarabj@gmail.com:Williams1609!
barregav000@gmail.com:gavin2004
bamba24681012@gmail.com:bamba13579
batboy1221@yahoo.com:avatar1221
bardia.95.pourvakil@gmail.com:5eaa5ae113
baseballroderick@icloud.com:lockness
barnesleealex16@gmail.com:Thekidisback15$
bastacio35@gmail.com:sonicx30
bawbros@gmail.com:baw31045
bb667452@sju.edu:Vegas1998!
bball3789@yahoo.com:kblj2423
bbarendseng@icloud.com:b012997s
bbhowling@gmail.com:hitmanreborn11
bballncheez13@gmail.com:qaz1@QAZ
baonaruto1995@yahoo.com:Dk123456
batu.i@outlook.com:Batuhan.8
bbomar1@icloud.com:Omarba11in
baski.salifou2@gmail.com:Salifou1
bashersrus@aol.com:chiefs16
bbranson413@gmail.com:Br@ndon2002!
bart.ernest@ziggo.nl:Bart2511
bbproductionzz@gmail.com:simonjune06192001
bborirath@gmail.com:Somchay1
bbacongamer@gmail.com:Csd2006!
bcc4198@yahoo.com:Dleifnac1!
bbonilla10@yahoo.com:Benjamin69
baykope@gmail.com:bk123456
bavila512@gmail.com:Texas78!
bcampbell9495@gmail.com:Cobain94&
bboycelly@aol.com:Marcell123
bchristopher288@live.com:epicface45
basicdefaultx@gmail.com:Maddy12345!
basedgodish@gmail.com:Letmein1
bccb79@hotmail.com:aA!111111
bcboyd222@gmail.com:Steelers2
bcmg02@gmail.com:Vail2002
bboyt667@gmail.com:Sun$hine30
bcrugnola@gmail.com:Trophy7$
bbygurl649@gmail.com:Kohls@123
bdens96@yahoo.com:patrick1!
bcruz01420@gmail.com:Kobe0012
bcjensen2001@gmail.com:coocoob1
bawtcheeks@yahoo.com:760Newera!
bdd235@nyu.edu:Viper123_
bcastilla33@gmail.com:Qwerty33!
bcuk88@gmail.com:tenchi22
bchang0301@gmail.com:mario0301
bdotson25@gmail.com:Godsgift03!
bcintx@hotmail.com:dante00245
bcovic4@gmail.com:Aussie823!
bcarr2002@hotmail.com:Packers2002!
beandonle@gmail.com:jesusftw!
beal.106@osu.edu:Chrisman23!
bbenhomaid@gmail.com:Pokemon13
batteriesatwar12@gmail.com:marco123
bdthompson04@gmail.com:Taytay134
bbarendseng@gmail.com:b012997s
bdriker10@gmail.com:Ajax1717
batsslugger@yahoo.com:Bbaseball23
bcsevarino@gmail.com:Bsev6951
beaubrooker@yahoo.com.au:bridie08!
bbabayel@gmail.com:Babi1010
bbperales10@gmail.com:BBAP2010
beauud@gmail.com:Watupyo123!
bballjoe77@gmail.com:videogame17
bballjor@gmail.com:Jordan#1
bb_kar-lok@hotmail.com:Lokbmon123$
bdubj@yahoo.com:Thedub015
bdgarris@gmail.com:Yankees1
beboperez03@gmail.com:Test@12345
bconger@live.com:Ri52042@
bashirnader@gmail.com:Bashirban1!
bchau95sum@gmail.com:bengundam987
beau.broomfield@hotmail.com:Daddoo12
bblewis5@icloud.com:Liverpool1
beavers_blake@yahoo.com:blake117
bdop555@gmail.com:basketball1
battlefelipe@gmail.com:Felipe09
bbychurch12@yahoo.com:bjbbjb12
beckers.justin@gmail.com:jusb2000
bboheem@gmail.com:Krystal#23
bebo.681@gmail.com:islote681
bedon.brian@gmail.com:Moonbase0
beasthawk24@gmail.com:arzn2424
bbison6014@icloud.com:Bbison60!
bcorbishley@icloud.com:W@$h1ngT0n
bcorasmin@student.fullsail.edu:Dr@gonba11z
bdresher1@outlook.com:warriors1
beardalsass@gmail.com:Chris@1220
bearbrunstein@gmail.com:PLEEZZ@1
beacam43@gmail.com:edwin2002
belgardjoseph@gmail.com:Creeper@01
bastiieey@gmail.com:sogold99
becerrajunior39@gmail.com:nemo4972
beatsclutch@gmail.com:bradl369352
beheerder01@gmail.com:0625157224
believeinlifeds5@gmail.com:mickeymouse251
bdatdude01@aol.com:drake2010
beldenlee@gmail.com:Blee01/11
becheng8899@yahoo.com:sunrise3
beastn1995@gmail.com:Machojoe13
bebab1026@gmail.com:Baller26!
beda399@gmail.com:marco123
beezuscristo@gmail.com:Passion0622!
ben.bolitho@yahoo.com:MOney44??
beborosa@gmail.com:Gualberto1
bebeluv718@gmail.com:Trang718
ben.alecu@gmail.com:casper007
bembo.mcwalker@gmail.com:Miller58!
benborn2rock@hotmail.com:taithien
ben@katanic.com:Blake311$
beerad2002@gmail.com:pepe1902
bdsnezik23@gmail.com:Blake0116
ben.lado247@outlook.com:GodsGift!23
bendawson97@outlook.com:Cricket123
ben.barzelay@gmail.com:Andromeda88!!
benatkccards@gmail.com:jackthomas55
belchercorbin@gmail.com:Sammy0314!
benfriedland1@gmail.com:benjamin2003
benbenshort@yahoo.com:246607Ben
ben_caothanh@yahoo.com.vn:Kinggod85
bendcooper12@aol.com:december
benjamin.lemon@gmail.com:!QAZ2wsx#EDC4
benbschu@gmail.com:bebe02816
benfranjione@gmail.com:Ben123@ben
benfrische88@gmail.com:frische88
beneklug@web.de:bene.812
beardabomb01@gmail.com:#Beardabomb01
bchavez2013@yahoo.com:Music.1234
beautynotes1002@gmail.com:Karma_09
ben.richard@gmx.de:11.Januar2003
bej1995@gmail.com:Brand0n1995
benjaminearle@icloud.com:asdwer123
benecio.zambrana1@gmail.com:Sunshine1
benjaminreid941@gmail.com:Mypwis42
benghttc@gmail.com:legoman1027
ben.t.cousins@gmail.com:Benjo-22
benjamingilbert973@gmail.com:Moya1987@
benjaminloran@yahoo.com:Guyana11!
benjamin.r.hunter2@gmail.com:Benjam02
benjiarjona10@gmail.com:8Million
benitokamela0907@gmail.com:Toledo239!
benjaalex_05@hotmail.com:Benjaalex_17
benantonn@gmail.com:sophie7072
benmcnaught0289@gmail.com:Rangers_1
benjohnthomas9@gmail.com:benjohn8
bengarrett2907@gmail.com:catcat123
benjahi@hotmail.dk:123asdfgh
beniciofg@icloud.com:Gallegos0413
bennett_hong@hotmail.com:SammY77$
benmoreno81@gmail.com:Burrito11
benbrooklyn@hotmail.com:lamaison33
benjay210@gmail.com:street97
bennettb1993@gmail.com:Fucklove93$
bendewhurst111@gmail.com:Eclipse(99
benkimberling@me.com:skunky15
benellis1581@gmail.com:!Benjamin2003
benneegeek@gmail.com:halocog2
bcarrasco638@icloud.com:Carrascos3
bellewaaron@yahoo.com:Mommysboy12-
benjonber@gmail.com:ben123,./
benjamminjoel@gmail.com:batman1115
bennett.rashae@yahoo.com:Paul34pierce
benoit.grosjean06@gmail.com:Benoit.grosjean06
bennvanderveer@gmail.com:vegetalol
benjikiddle10@gmail.com:Reginald
benjaminsantibanez7@gmail.com:wolfganG7
benjaminarce8400@gmail.com:ben1234$
ben.oun1@outlook.com:Onepiece3133!
beckettpilling@gmail.com:Sunshine@1916
benjaminrivas05@icloud.com:Pineda098
benkramer614@gmail.com:Viola2018!@
benkolasin@gmail.com:tatsy2128
benji7229@gmail.com:Nuthead10
bennettdegeorge03@gmail.com:lowen2006
benteef99@gmail.com:ivy20101
benjamin.hanning@gmail.com:Levihanning4
bennnguyen@hotmail.com:xkiller09
benjisedano@icloud.com:123456Bs!
benchisholm1996@gmail.com:Moomoo59!
bensleyjoseph@gmail.com:Comcast-13
benwilsonthehuman@gmail.com:Canadarox123!
benitez.a2012@gmail.com:Alex.2012
benwyman24@gmail.com:benjamin24
bautista.kvb@gmail.com:Pivotmaster99
bentaylorljbc@outlook.com:Tammy1234
benalonzo2003@gmail.com:benny9803
benyoon2003@gmail.com:Benny1229
berheyonad@gmail.com:Yonas123&
bclysdale@msn.com:Clysdale-2
benoiight31@gmail.com:Guitar234
benjaminpius@rocketmail.com:Natwest1
benvile1234@gmail.com:Benbenben1
bentleyterry25@gmail.com:Finesse1
benslapelis@gmail.com:R1s2D3b4!
berchiekubi@gmail.com:Ronaldinho19
benttrann@gmail.com:min19an94
bernal.kevin6@gmail.com:Nivek321
bernardwright2010@gmail.com:bernardW2010
benzokavanagh7@gmail.com:Liverpool-7
berons@gmail.com:061895Bs!
beharry91@gmail.com:10111950i
benjithebear1@gmail.com:Bryanvtam12
bern2oh9@gmail.com:serqia34
benvichi@icloud.com:Lego1515
bergkvistfrans@gmail.com:Fernando1!
bernard.cranford@yahoo.com:#Detroit313
bennybongong@hotmail.com:megamanx
ben.hernandez@hotmail.co.uk:@C0rn3tt0
benfellows12193@gmail.com:omicron66
ben3dichoso@gmail.com:Dragon04!
benschneider028@gmail.com:Funguy72!
bestman15431@gmail.com:Devin123
bennett.j.mason@gmail.com:mike0564
bernardsamuel85@yahoo.com:Shalene12$
betodomo2004@gmail.com:walkingdomo
bernie_8@live.com:Godisthe1
bermudezyael@yahoo.com:Spanky15!
berw10115@gmail.com:elephan22
bentesfu4@gmail.com:Kingwing12
beshotoni@gmail.com:lilwayne07
betoromo1@gmail.com:THUNDER0
bert010426@gmail.com:wzh010426
bewaynepierce@yahoo.com:Aspen0924$
benkuang97@gmail.com:546452707
benjaminzheng@mynla.org:momandben123
bgert117@gmail.com:Doll@rs1
bestbobbybst@gmail.com:likasumbodee1
bgdru@yahoo.com:n1234567
bernieb431@gmail.com:dagolden1
bhagirathodedra23@googlemail.com:Bhagirath1998*
bettymyers6554@gmail.com:Pokemon1!
bernie.joel@yahoo.com:bennyds12
beshea72@gmail.com:@Camron02
betzballplayer7@gmail.com:b03082001!
bgrier730@gmail.com:fartlord
bezwr@hotmail.com:rhett123
bfermin4298@gmail.com:dominican20
beta.nicholasbui@gmail.com:blahblah03
bernalrj@live.com:andres01
berniegbe420@outlook.com:Legofan67
bhawkins83556@gmail.com:brandyn9
bhall606@gmail.com:Darccide4
bgblaze500@gmail.com:bingobg90
bhoopendersingh7482@gmail.com:Singh@9654
berlind0115@icloud.com:Dawson01
bernardokevin01@yahoo.com:odranreb01
beyblate10@gmail.com:batman77
benjaminjflowers@gmail.com:Lifesupport1!
bigamari119@yahoo.com:Window123
bernyeatingchips@hotmail.com:soccer1315042890
bernardogregorio@icloud.com:Bernardo2006
biancaherrera048@gmail.com:Apple2018@
bgonz103@gmail.com:Gd9aaKc6
bharatsali614@gmail.com:adiadi12
bencosi098@gmail.com:Snoopy123
benjamin.liljegren@icloud.com:Benj@min2004
berrelez04@gmail.com:Tacoman14_
bhschraa@gmail.com:brad101!
bigariel10591@yahoo.com:nibbles1
bgavina1992@gmail.com:Red2006!
bigbray16@aol.com:thekid16
bgroob@gmail.com:pizza247
bettychipman23@gmail.com:Jean#1998
bia_13cm@hotmail.com:bbc123456
bernardocon8@gmail.com:Simba808!
bibinho117@gmail.com:Pescador99
biancazarate@yahoo.com:Michi98!
benjiro45@gmail.com:Candyman1000
bigandflufykali1@yahoo.com:Bigdog#1
bensgadgets10@gmail.com:Classic2001!!
benvail12345@gmail.com:Gusbus@890
bigjimbolee@gmail.com:pandoric123
benjwright23@gmail.com:Dogdays1337@
bibibruh7@gmail.com:renie2011
biancasantana15@yahoo.com:music034
benvaneekeren@gmail.com:Terraria11&
benjamincroft7@gmail.com:Socrates1?
beto_alvarez8828@yahoo.com:Cowboys95
bigesmyles@gmail.com:Marvel#247
bhanu.garg@yahoo.com:bhanu4444
bf95102n@pace.edu:Bella228!
bebechen132@gmail.com:elmoelmo
bigant598@gmail.com:Hello1124
bfacegm@gmail.com:bobobaba123
bhogalinderdeepsingh1125@gmail.com:@Inderdeep1
bigmanjr2@aol.com:blackguy99
bigal333a@aol.com:Mexico123
beto_1999@icloud.com:Bustamante1.99
bigtimelegendblitz@gmail.com:benedict625
biguinny@gmail.com:penguin1171
big_e410@hotmail.com:Stinky2-4
bigirving10@gmail.com:sigma999
bigbossman186@gmail.com:Isaiahboy123
bill.tran123@outlook.com:andytran123
bguzman408@gmail.com:831755benny
bigspanish2491@gmail.com:tatyana1
billdanhel@gmail.com:Danhel16!
bigsoccerboy@gmail.com:McLovin2.0
bigpark01@gmail.com:Rekrap01
bigm231@aol.com:bballer11
billingsamir700@gmail.com:2Million$
bigescheel2@gmail.com:eriklyman2
bhavinved96@gmail.com:bhavin13
billy1000k@aol.com:Bill2312
bhpendragon@gmail.com:Tyutyu12
bigbroz2@yahoo.com:Olemiss#1
bernrafael@yahoo.com:Yuanriver_05
bilal2001play@gmail.com:mnasrfb7
billy.wln@hotmail.com:berkley22
bigmck1991@gmail.com:12qwaszx!@QWASZX
bill7fred@gmail.com:Ps34life!
billystewie@yahoo.com:Porzingis6
bigpaul10522@yahoo.com:121325l$
bishopcortezz@gmail.com:1002bbc**
bigman7028@gmail.com:dayday05
bhanley168@outlook.com:Helltown1!
bintrility2321@gmail.com:Diamondlife99
billbelumy@gmail.com:lastking1
bionicleseahawks911@gmail.com:fartpop8
billy612@comcast.net:billyl123
biigboy14@me.com:michael12
bishwab7777@gmail.com:ilovechips
biowalkerr@gmail.com:Silver01
birra.negeri@yahoo.com:Lakergang1
biospear15@yahoo.com:firedragon22
bigjuice58@gmail.com:lebron23
bizzychopstick97@gmail.com:Baconator97$
bishopootw@gmail.com:Killer898
bhaskar.atmakuri@gmail.com:bachi123$
bigdan249@gmail.com:tostada24
bevo.mono3308@gmail.com:Halibut.1
bjlee1013@gmail.com:domo1013
bj.ray326@gmail.com:brandon326
bjklaus4843@gmail.com:kida1999
bjohnson6@albany.edu:Computer98!
birko.marlon@googlemail.com:Lachesis132
bjsatisfield01@yahoo.com:TheBoys01
bjthaxton1972@gmail.com:Mustanggt5.0
bisquick04@gmail.com:kindergarden1
bigtimyo@aol.com:Supra2jz!
bjhusaf@gmail.com:Avengers2018!
bkelly1392@gmail.com:69-wolverine
bfoster1020@gmail.com:1Freedom!
bitsofbaconstrip@gmail.com:cookie999
billyrodgers61@yahoo.com:gamerboy1
biteyec@gmail.com:c1h2e3i4c5h6
bjsenker@gmail.com:brandons8
bioscout0@gmail.com:F3dDrav3n
bisht.abhay.227@gmail.com:hello123
binneh207@yahoo.com:danny207
black24booz@gmail.com:blackbooz24
bimmerphreak@yahoo.com:Playtime#9
blackkillerptgamer@gmail.com:sousahugo10.
bjornsneakerhead82@gmail.com:jordan23
bjvera1990@gmail.com:pisces12
bkrevose0129@gmail.com:09294122464
bharatsharma1002@gmail.com:Kumar10!!
bjn727@yahoo.com:Jordan727$
binrose30@gmail.com:binrose124
billylaskaris@outlook.com:Lilly*98
bishiyusuf@rocketmail.com:perc1234
blackhippy122000@gmail.com:eaglesnation7
bjohnson1997@hotmail.com:Lashon1997
blair.n@yahoo.com:Blair123
bladebrown333@yahoo.com:detroit1
blademaster8@yahoo.com:nintendo88
bhuynh2@gmail.com:popcorn95
bladerx32@gmail.com:pokemon000
blackopssonny00@gmail.com:mamasboy00
bintran037@gmail.com:Binquynh037
bl.elmolla@gmail.com:ghostx44
blaireric33@gmail.com:Dragon2256
blakemm@gmail.com:Iloveabbe#1
blackstar20131@yahoo.com:Happy1013
blakebartholx3@gmail.com:Blakebb3
blackmannx@gmail.com:Bullshit#12
bhumph6@hotmail.com:revs1999
blackt99@hotmail.com:Tiger-99
bkcarter3889@gmail.com:R@nger12345
bjorneng3@gmail.com:royals23
blakej77@icloud.com:$w1mm1ng7
blake.jorden@icloud.com:Football2200$
bjoaquincentenobrown@gmail.com:Centeno1984
blakeyturner35@gmail.com:Kiska12345$
blakecbarnes@icloud.com:Bbarnes3!
blackberryjonny@gmail.com:eagles36
binderty@hotmail.com:Lakers15!
blake.mccafferty@gmail.com:netherboss102
blake@gilbertunited.com:Cygnus55!
blakegomez0731@hotmail.com:Soccer0731!
blakeabutler@icloud.com:Pokemon1$
bkhan05@gmail.com:taha2005
billyprojectz@gmail.com:Derpydendi1
billylinh132@gmail.com:Billylinh
blazkx74@gmail.com:mayikill
bleach4710@gmail.com:William88
blakelinkous10@gmail.com:Aug19.3602
blakedicus1@gmail.com:Bl@k3123
blackopslord321@gmail.com:Takiyah82!
bjbailey3216@yahoo.com:giants32
bjornnienhuis0@gmail.com:costarica.53
billyfahey1@gmail.com:Underpaid1
blackinesenika@yahoo.com:Black69!
blakermiranda@gmail.com:Pepper22!
blazefanatic13@gmail.com:Aid3n03!
bladedunford@gmail.com:Raining52
blaise.atkinson@icloud.com:Blaze35$
blakolas99@gmail.com:Brt#98900
black_mantra2000@sbcglobal.net:Sugarfree#1
blackrimz397@gmail.com:monkey397
bilalace@hotmail.com:bilal123
blbsosmoove@yahoo.com:bryan7400
blaketurner35@gmail.com:Kiska12345$
blaze4speed@gmail.com:Tyler123
bkexhq@gmail.com:Alxs.lpz1
blhj92@hotmail.com:torres94ever
blerz40z@gmail.com:Faithful-7
billythek10@gmail.com:Footy123
blindmonkey77@gmail.com:Natashaa-44
blacktopking319@gmail.com:zaqwsx91
blountjaiden@gmail.com:juju1230
bloon5sec@gmail.com:jjj080602
bishopband9@gmail.com:Rock.On1
bluemarshmellow1@gmail.com:bombo@1209
bluedevil901@hotmail.com:Money901
blipster.blip24@gmail.com:Cheese_and1
bld408@gmail.com:Blues408!
bizcuit88@gmail.com:CHAMPLOO08
bluemacneil@hotmail.com:Blockbuster
blueboy678@hotmail.com:jaycrack123
bklynico1@icloud.com:Buster2119
blue0x152@gmail.com:adam2004
bluejaygaming31@gmail.com:kingboo1
bluetyler@hotmail.ca:19030019
bladenmcgee@icloud.com:Allstar318!
blousmith96@gmail.com:Dolphins1!
bluedrank@icloud.com:PurpDrank23!
bluemonkey808@yahoo.com:Steelers2002!
blockerterrell23@gmail.com:Sports#0123
bmathie77@gmail.com:Eldest_1
blkbowdoin@gmail.com:Brandon1990
billphil247@gmail.com:password
bm.m@hotmail.com:!@#Bader123
bilaalsaid147@gmail.com:Bilaal4081-
bkhawks60@gmail.com:Superman16
blake.r.shepherd@icloud.com:Socal909?
blakeundrwd@gmail.com:Mr.hankie1
bmirz001@fiu.edu:niggas123
blitzgt500@gmail.com:AlexRuiz321
blake.bryant156@gmail.com:Elvis56!
bgermall@yahoo.com:Gb1268808
bmojere@gmail.com:kindboy2
bima.saleh1@gmail.com:Batman1101!
bmarchan18@gmail.com:Hanna1812_
blakerob9x@gmail.com:Xlrfkp21
blueeyedboy2006@comcast.net:mAjestic1$
blackdoggyz@yahoo.com:Waterz12
bmendiola07@gmail.com:brandon1
bli@gprep.org:ANDY200049
bjobanion@gmail.com:Baseball3$
birgenjo@gmail.com:Chase@2004
bjaygarcia@gmail.com:brand0njay
blake.vince.williams@gmail.com:Dog_444555
blusmurf@gmail.com:Qwe123!@#
blackf845@yahoo.com:may12345
bmbabb41@gmail.com:Br@nd0n123
bleza_kennedy@yahoo.com:calderon24
blissazeab@gmail.com:300722jb
blauzon29@gmail.com:lauzon100
bmitch626@gmail.com:Halo4odst!
blu4454@gmail.com:fghjklA1
bnagamine@gmail.com:P0is0n12!
blaketheus@yahoo.com:Vegeta176
bmcleon350@gmail.com:Dwade2340!
blitz4924@yahoo.com:sirah100
bo.franklin2319@gmail.com:Nuketown2025$
bobbydiaz35@icloud.com:Wildcats35
bleeds-fearing@hotmail.com:confused
blessedyvng@gmail.com:Conner-02
bmxking58@gmail.com:benmeeks11
bmorris148@gmail.com:Rsterling31
blxckmxrs@gmail.com:Ikram#123
bilbobaggins0648@gmail.com:hunhun123
bobiskelvin@gmail.com:kelvin23
boa7430@yahoo.com:Biscuit01!
bledsoejalen@yahoo.com:Drosemvp1*
bnhatley@yahoo.com:Mavsfan2
bmorg200@gmail.com:Mlghwn$35
bocajthomas313@gmail.com:walethoorer
bmart333@outlook.com:Screenwf33!
bobbymaloneabdullah@gmail.com:mayat123
bogar1112@live.com:23Teenme!
bmvanderkolk@gmail.com:@1Brandon
bogyjlevesque@gmail.com:7acas#ad
bobosduke@gmail.com:pocono123
bloomyboy23@icloud.com:Moneygang1$
bmwest8@yahoo.com:Hithere1
blindsipher1@gmail.com:Freak123!
blakewaldner@gmail.com:codycube7
bolamarsan@gmail.com:Mrawesome3002
boltydot@gmail.com:890890890
bobbyobrien44@gmail.com:iOptimistic89!
boldenmyles@yahoo.com:sept162001
bnnaji00@gmail.com:football93
bnguyen23422@yahoo.com:nguyen2000
bobcatsnumber2@gmail.com:istate02
bonadonna_anthony@yahoo.com:Anthony7!
boi.ulises@icloud.com:N.a21953
bobjeff4@hotmail.com:campos1234
bnk110406@outlook.com:Lucylou1!
bmagan11@icloud.com:NYRanger30!
bmohc525@gmail.com:Branphill6760
boo_5@hotmail.com:123.o123.p
bobjanebob123@hotmail.com:Pi3.14159263
blmmccalla@gmail.com:Theultimoa1
boonedog321@gmail.com:Sprout123!
bobbyrisko271@gmail.com:Inshallah23!
bomma.rithvik@gmail.com:sairam3699
bobohead915@gmail.com:Mikolben915
bnbriannguyen8@gmail.com:00qazwsx
bmatican@gmail.com:Bjizzle0
borego.1@hotmail.com:Setsail1
bobbypourier@gmail.com:Ing$oc1984
bmurry14@gmail.com:Blackppl1!
bone072004@hotmail.com:1357913579
boring1998@hotmail.com:s9809771f
boi2gangster@gmail.com:versai123
bookingkaismith@gmail.com:@Pasadena626
bossjoey39@gmail.com:giuseppe13
borna.kvart@gmail.com:Borna2001
bossjc123@gmail.com:bossjc123
bobbyguerrero.12@gmail.com:Bobbyg.12
bostonp4107@gmail.com:blackie11
bossdaemurka@gmail.com:Tempest8!
borumtyler@gmail.com:Golf2319
bowashington99@yahoo.com:gohan4455
bobbycrowell23@hotmail.com:Bobby$23
bosjoshuacandra@gmail.com:godiamond
billy.cropper@gmail.com:COBmaster!317
blazekiller030@gmail.com:juju1996$
borhyaena@gmail.com:12gtarget
botarelchristian@gmail.com:fanpsae1
boazwc@gmail.com:Boaz2004
bosslife976@gmail.com:destroyer11125
blueram33@gmail.com:maya2002
boulaisalex6@gmail.com:B@ndit01
boy.genious02@gmail.com:Aaron125
bongabinkleton@gmail.com:domrox123
botelloadair@hotmail.com:Redpurpp17$
boumpoutou@outlook.com:Manga@1993
blumaan123@yahoo.com:Guillermo1
bootsgrowroots@yahoo.com:Newjersey
bobbymok2207@gmail.com:BobbyMok1
bossbro65.bb.65@icloud.com:bossbro65
bookspk@hotmail.com:dummy123
bobbypornjaroen@gmail.com:Lowlife96.
bohenriquez96@gmail.com:Goat1996
bnorton31@gmail.com:Shelbygirl1
bomboleo2001@gmail.com:ofwgkta1927
bogemia@hotmail.com:Spaceship#001
bplum121@gmail.com:lunalizard
boldenmikal@yahoo.com:MJ040599
boylpatr@gmail.com:Benj_1975
bnguyen9190@gmail.com:soccer11692
bossross22@gmail.com:Balla22!
bouachanthongdara@yahoo.com:carlos123@
bobwiskus10@gmail.com:WW!!ww11
bpham0006@gmail.com:Matter.1
borgermester2@gmail.com:atipici9
bonclar_matudio@yahoo.com:Luna0527!
bostoncassel@outlook.com:spanishcandy8
borgw1223@gmail.com:borgw2846
bobcorwin@yahoo.com:Robert01$
brad.kotack@gmail.com:jefferkot88
bpinnace13@gmail.com:Crb2017!
bobsagetismyhomeboy@gmail.com:morganfreeman
bradenr98@live.com:barcelona10
bloodytiger88@gmail.com:Sunzsonn115!
bossguy6464@yahoo.com:Ab4022773
bradbesh17@gmail.com:Baxter2008$
bowdenstormy@gmail.com:Crystal2013
boogerlalow@aim.com:Lm73902!
bowlah12@gmail.com:lowwater8
bracamontes_christina@yahoo.com:Tina1991.
bosslin0316@yahoo.com:456rtyfghvbN!
bpw44@hotmail.com:3772080ben
bracegription@gmail.com:Freekill33
bobwu19@hotmail.com:thewuster
bradleybaske@gmail.com:papa@0411
bracey.6@gmail.com:thatguy09
bradleydurden2001@gmail.com:Bradley1
bradleyzanderng@gmail.com:bazooka@123
bradshaw2203@gmail.com:Dallas12!
bobnikojr@yahoo.com:spitfire1
bradleywilkinson456@gmail.com:Bradley2005!
boulandpatrick@gmail.com:Beats1999!
bowlinallie@gmail.com:candy1010
bobila_david@yahoo.com:Olympics2013
bradgreenwood8@gmail.com:L1f3st1nks01!
bradleybarnes1001@gmail.com:qwertylol90
bradleystoner10@gmail.com:Pokey@007
blakelipscomb5@gmail.com:Swim2565!
boyce.tahj@gmail.com:Tb120498#1
bpschanno@yahoo.com:Delaney01@
br4y4n@icloud.com:Messi#10
bradleycj@pacbell.net:Boogie_2293
bmkline1994@gmail.com:whtsup22
bradymartin12@icloud.com:Luxray12
bobbycbs@yahoo.com:Football2002
brand187@icloud.com:Soap1234
bmckenly16@gmail.com:Paulette1
brady.erhart@icloud.com:Amber.13
bradshawbriar@gmail.com:Gourcuff8
bossdatt94@live.com:$GangGang6
braedoncrodriguez@gmail.com:smokey0429
bradyscaggs3@gmail.com:Bradyboy22
bosnaaa.123@outlook.com:Goku.123
brahmawan@gmail.com:brahma2355
bradlawson951@gmail.com:Bc011006!
braedennojiri647@gmail.com:nickbrae1234
brandon.flocas17@gmail.com:Castaneda17
bradley.rideout@gmail.com:Oscar201!
bparent1854@gmail.com:Bernie37
bradfordtim1@gmail.com:tjbradford
blopez84@live.com:Jemaine@2004
brady123dudley@yahoo.com:123Brady
bradygreene12@gmail.com:bradyg12
brandon.parnell91@gmail.com:regina91
brandon2e4@gmail.com:bob0228!
blor15@hotmail.com:assassincreed1
brady.wells@me.com:meghan11
brandon.marino@cheshireacademy.org:fuyaseb8
braelynblaze22@gmail.com:Braelyn02
bogie2001@sbcglobal.net:3rexman3
bostoena@gfacademy.org:snoopdogg
braganceanthony@gmail.com:Antoine_10
brandon6401@aol.com:password6401
brandon.carroll07@gmail.com:bSc1015212!
bpigg30@icloud.com:Brayden@30
brandon.hunter.5.56@gmail.com:Alexis09
bradley.lawson@yahoo.com:alyssa0609
boxheadbountybeast@gmail.com:chidori1
brandonbowen0495@gmail.com:Broc0495!
brandodeschamps0506@gmail.com:Nicole0506!
bookerkendrick3@gmail.com:Basketball1!
brandoned30@gmail.com:45645645jkll
brandoneason23@gmail.com:marquise23
brandon.brathwaite04@gmail.com:Brand0n!
brandon@bankes.org.uk:BloB54B*
bradenfalvo@gmail.com:Bobcat624!
borosariel@gmail.com:Titkos21.
brandonjpowell8@gmail.com:Thatguy1!
brandonaskme01@gmail.com:atlanta12
brandon.iafrate7@gmail.com:yolo12345
brandon477409@gmail.com:carol6401
brandonkanger@gmail.com:Batman23!
bradleyphal@gmail.com:asian1337
brandonelius@icloud.com:Gamecrown
brandonlewis525@yahoo.com:Brandon99
brandonhoover1996@gmail.com:paintballer1122
brandonckuang@gmail.com:bk8260314
brandonleepho@gmail.com:May312006.
brandon.l.c.19@gmail.com:Iceman13.
brandonkhenry@yahoo.com:Betaalpha10!
brandonmoeckel615@gmail.com:brandon1
brandongribble@comcast.net:eighty732
brandon_newland09@outlook.com:Thunder1$
brandonboy93@yahoo.com:nosports1
bouloswassef@hotmail.com:boulos111
brandoncaguioa@gmail.com:thizzkid47
brandonsavoie4@gmail.com:Brandon4$
brandonr.nyc@gmail.com:mommom101
brandonsmgrant@gmail.com:bgball4life
brandonquiroz325@gmail.com:Cherica1998!
brandon.a.hang@gmail.com:logitech5448
booge306@gmail.com:Danny101
brandoncjs12@gmail.com:Senior2013
bosscam57@gmail.com:Cameron@14
brandon.turr@gmail.com:Cowboys88*
brandy.guox@gmail.com:bale@1123
brandonv248600@gmail.com:lakers24
brandon.west28@yahoo.com:@Brianna12
brandoncolon22@hotmail.com:Mountain1
bratruiz714@gmail.com:Justdo1t!
brandoncorbishley@gmail.com:W@$h1ngT0n
brandonlane667@gmail.com:capril30
brandonjoshy02@gmail.com:Summer01!
brannonimamura@gmail.com:S3cshun8!
braulioruiz81@yahoo.com:Slayer1981
brandonjwilson3@gmail.com:hilar211
brandoncastro03@gmail.com:136557ty
brandonu151@gmail.com:Family51
brandonleger@ymail.com:Durango1
braryash@icloud.com:Yash2345
brandoneswift@gmail.com:Onese7en!
brandontong44@gmail.com:Hthrhou123
brandonthomas1906@gmail.com:Alpha1906.
brandonvela25@gmail.com:bv071499
brayangonzalez254@gmail.com:Lion1234
brandonsyme22@gmail.com:Maddie22@
brandonpelletier207@gmail.com:Bangorfb47!
brandonbab1@yahoo.com:Alex!s!23
brandonmarkevion@gmail.com:M@rk2400
brandonram9@gmail.com:Ramirez97
brandonvega813@gmail.com:Flykiid813!
brandonou3@gmail.com:Bengals18
boricuakid_787@hotmail.com:snoopy123
brandon.quainoo15@gmail.com:bayblade1
brandonbaldwin702@gmail.com:Dirtbike0702!
braninbrown@gmail.com:Antec123
braxtonbonner2@gmail.com:Rosequartz1
brandonnewman654@gmail.com:cocopops1964
bradyterrito@gmail.com:Starwars1
brandontyler02132@gmail.com:BBasketball23$
brandonkthompson1018@gmail.com:Basketball305$
brcollet10@gmail.com:Gordie!1
brayansilva18@icloud.com:Pavilion18
brandonruelas34@gmail.com:metalgear*
brandon.bradley8800@gmail.com:@0088Brandon
bradyhorn5@icloud.com:Drewbrees512!
bosnia586@gmail.com:bosnia1586
brandongordillo27@gmail.com:gordolobo02
breeinu16@gmail.com:goku_vegeta12
brandonricegum@gmail.com:BILLY1961$
brandonalcantar943@yahoo.com:therun831
brandonzero01100@gmail.com:brandon11580
breescotto@gmail.com:Shania@1
brandonvinh2003@gmail.com:Awesome100!
bransonjustin13@gmail.com:Always223!
brandonliranzo@icloud.com:Brandon1
brandonoinneh@gmail.com:brandon117
brandonfujii@gmail.com:Absabs11
brandonthamwj@gmail.com:brandon93
brandoncrowie63@gmail.com:Tigger12-3
brantczimmerman@gmail.com:Cooper535!
braulidude@gmail.com:Matthew2011!
brain0507@sbcglobal.net:nicod123
braynzuniga@gmail.com:Bz50579!
bjorn8675@gmail.com:Alexquigley1
bravecyco@gmail.com:cyco12345
brandyeady@gmail.com:Amara0301
brandonhernandezz13@gmail.com:July201!
brayancuevas50@gmail.com:Fabian-509
brendan.norman.020@k12.friscoisd.org:07192002
brandonwjones93@gmail.com:Poptart13$
brendanflores1221@gmail.com:Cali1999
brandspankingku@gmail.com:Unguessable99!
braww@cheerful.com:nodnarb24
brendanjshiu@hotmail.com:.Sugar98.
brandonavalos50@gmail.com:Serious/49
brandonanderson5494@gmail.com:Swoosh5494
brendonlow3@gmail.com:windows1
brenden.methvin@gmail.com:Cool1236!
breezey_d@yahoo.com:dimas1821
brennanfarmer7@gmail.com:Backhair4$
bradykoza@gmail.com:AwesomeMan123$
brandontrevino222@gmail.com:minecraft789
brenden.tehrani@icloud.com:Mushi123!
brandonwong00@gmail.com:roykeane16
brandonsilva91@hotmail.com:takashi7
breallacey@gmail.com:Quagmire98!
brennanjuden@gmail.com:thegutbuster
breescott915@gmail.com:Bree@0612
brandondelcarmen@live.com:Marley2010
brazillife00@gmail.com:1Abcdefg
breezeriches@hotmail.com:Raquel21!
brandonseng643@yahoo.com:Brandon0829
brendaneastwood360@gmail.com:Flames123123
brendanstalcup@yahoo.com:brendan7600
brandonjamesdelacruz@hotmail.com:number25
brentknight@live.com:rootpw14
braydenjurgeneit2@gmail.com:Braydenj1
brandoncantey15@gmail.com:BlackMigo1017!
brenda.mairena@outlook.com:Hithere123
brendenjohnson399@yahoo.com:blue815!
brettcorbett@suddenlink.net:Whitehouse-2015
brenngo95@gmail.com:7rst64rst
brennanephgrave31@gmail.com:bd122899
brettd808@yahoo.com:111!!!qqq
brendenmccormick@yahoo.com:Labanzia24
bradfordaaron1223@gmail.com:Flamenco12345
brenner99@me.com:Imaboss911
brian.cheng1117@gmail.com:brian1117
brian.ceberio@hotmail.com:iverson03
bradleybt8@gmail.com:Bryan2003
brent.knight9@gmail.com:Poptart007
breen.matt@hotmail.com:matthew9!
brenden.blum1@gmail.com:spiderman1*
brian.reyes6962@gmail.com:Briguy94!
brandon.jackson13@gmail.com:Patch1313
brandonvj.17@gmail.com:balejandro28!
brian_m@outlook.com:Arsenal_23
breezyballer1014@gmail.com:mary123456
brettpell427@yahoo.com:Brettp2427
brian.zhou8@gmail.com:2154277661
brian@3dminds.com:Bubbachaz#3
brettfukudabrits@gmail.com:A2rrb5xj!
brettdisco@gmail.com:cutie123
brian.x13x@gmail.com:Nike_187
bretturioste1992@yahoo.com:Shifty22!
brettdanzer@gmail.com:Redsox@2004
brendan.liao1@gmail.com:Brendan95
brianchambers02@gmail.com:Irving_2
brianclough940@gmail.com:Peacock718!
breanne.nalani95@gmail.com:meowmeow95
brian.philip@gmail.com:8Hollax7!
brianhains@gmail.com:jumpman97
breezybryanwong@gmail.com:bryanwong1
brian.regan867@gmail.com:briansr1
brianmcochrane17@gmail.com:Michael817!
brett.bowman@gordon.edu:Tanner22
brettemory@yahoo.com:Beetle11
brewtondavid5@gmail.com:Bigboi21$
brendan.toast@gmail.com:Ihave5dogs
brian.francois11@gmail.com:prestige3#
briangibson18@gmail.com:Plongo12
brianbarajasbb@gmail.com:Mo22@@00
brianlee.03@gmail.com:green429!
brendontan93@gmail.com:Password19!
briannairb26@hotmail.com:159357zaq!
briananelson2006@gmail.com:bribri_1
brian.duc.truong@gmail.com:Black12#
brian_bustos10@yahoo.com:Atreyu88!
briankandel123089@gmail.com:p0schair
brianf12193@gmail.com:Skater93!
brian_gaydos@verizon.net:icecream10
brandonriestra49@gmail.com:Joseph0524
brianboloix@gmail.com:Lalakers24
brian.barrera360@gmail.com:Card$551
brian.brunner18x@gmail.com:Schneem4nn!
brendan.talbot90@gmail.com:Sweet420!
brianngo89@gmail.com:Shadowx1
briangrantgilligan@gmail.com:brian2020
brettkeller1110@gmail.com:Bronco81
brianmarin543@gmail.com:giants543
brianpark9@gmail.com:thebatman112
brian.19@yahoo.com:44258560
brettfavrerocks4@yahoo.com:jersey44
brettmoton@yahoo.com:Always#1
breemack1999@gmail.com:Zooyork17
briantkho@gmail.com:Brianspace1
bri.may@gmail.com:Annette1!
briantran616@gmail.com:Falcon$1
briangillens13@gmail.com:Briandg2
brenner.ryan@yahoo.com:koreanguy7
brian.barajas0412@gmail.com:snoopy619
brianporrua@gmail.com:Seahawks25
briantran888@gmail.com:Briantran1
brianmarch@twc.com:blue2571
brian97gallegos@yahoo.com:Kayla1028!
bricejames104@gmail.com:Brice0104
brianburriss18@gmail.com:BusterB123.
brianhsieh74@gmail.com:Yugioh123!
briano8771@hotmail.com:Pens8771
brianjokes1998@gmail.com:Tenor12!
brendan.lucente@gmail.com:Walters7263
brendantheking23@gmail.com:244236xyz123
brianrangel56@gmail.com:California5
briankhalaj@gmail.com:Maddym3!
briano_14@outlook.com:Colorado101
briansooksampan@icloud.com:Swoosh123!
brianchan204@gmail.com:Brianchan201
brianluu562003@yahoo.com:Hongkong-21
brandnewjerr@gmail.com:Nala5237!
brianjyouk@gmail.com:Youk1998*
brightedits@gmail.com:Snuggles432
brennonjlee@gmail.com:F31Hung!
brianerlangga15@gmail.com:Sonic2002
brentwhittingham45@gmail.com:physician77
brianmata1337@gmail.com:nerf123123
brianpeoples10@gmail.com:Winner64!
brandonnunes34@gmail.com:Tigger21!!
brenden511@yahoo.com:green2001!
briantlawlorjr@yahoo.com:AlphaBravo1
brianmicro210@gmail.com:brian210
briantang40@gmail.com:Badong123@
brianpark227@gmail.com:park0923
briantovalles@gmail.com:briant123
brighthappykatie@yahoo.com:tigers03
breslingamino254@gmail.com:Deathsin1
brian11698@gmail.com:77waterloo
brianharper1992@yahoo.com:Charper92
brianonggabean@gmail.com:freedom920
brighton.mayfield@gmail.com:kobe2413
briannacherfils@gmail.com:Icecream0$
brendan.whittemore@icloud.com:Andrew106
brandonmcal@gmail.com:Ctrlaltdel1!
brendan.such@gmail.com:Bren1992@
brianmunoz2202@gmail.com:rhythm22
bridgetklorer@gmail.com:StrangerThings12!
briang184@gmail.com:brian1478
brethour80@icloud.com:Redbull@99
brian.dr.kim@gmail.com:darkice203!
brianwbuggs@gmail.com:Influentia1
briantheophil@gmail.com:Basketball4$
brendanlatsko@gmail.com:Baileymarie123
brilliantdavid10@gmail.com:yoyoyo36
brilldave@aol.com:MAdden13boss
briggs@citypolyhs.org:Chester395
brianbw98@hotmail.com:0518mommY!
britonathan2463@gmail.com:nathan2463
britishgamez10@gmail.com:Dolly$33
bris.gunna@gmail.com:mcfly646
brittani_1998@hotmail.com:antoinette101
briansalas6969@gmail.com:Samuel1998!
bristolcorp1@gmail.com:Operations1!
bristlaball@gmail.com:Wimpykid55$
brianreyes@live.ca:11241998
brianyun323@yahoo.com:Computer213
brianna_hankins@yahoo.com:Shola@08
brisavila2681@gmail.com:Brisa123
brimill206@gmail.com:Honduras2
brianreyes2047@gmail.com:minecraft64
briggebo@hotmail.se:Filippa1?
brimen_m@yahoo.com:Putong@1987
brianml92@gmail.com:Mishka1992!
brittknee52@gmail.com:Nettles007!
brklynbash47@gmail.com:babylatia1995
britters35@gmail.com:britters23
broark100@yahoo.com:Brandon7
brock7005@gmail.com:reese7140
brogxd@gmail.com:zzxxzz123
broncos.dave27@gmail.com:dadada123
broderick.johnson4@gmail.com:Broderick4
brodysveryniceemail@gmail.com:Flipkid9#
brogamersforever@gmail.com:dominic2601
brobles@stu.striveprep.org:Robles.123
brookberhanepaec@gmail.com:april21997
britneyvu@gmail.com:devin0922
brocktonwest1@gmail.com:BrocktonWest1
brockmurphy15@gmail.com:Brendall2002
brohan863@gmail.com:railroad65
broodsinatlanta@gmail.com:penis789
brokensword56@gmail.com:vegeta46
brockperk05@gmail.com:sammygus1
brokeboyeli@gmail.com:Penguin14
brock.henderson11815@gmail.com:henderson123
brookebass@msn.com:zxcvbnMa
broganpmurphy@gmail.com:Brogan4321
bronxmann@live.com:awesome22
brokeboiy1253@gmail.com:Arizona6_
brjarvis1@gmail.com:Tennis99!
brobertforrester@gmail.com:Superman1!
brooksjonathan75@gmail.com:Coolman1234
brooks.galbraith@yahoo.com:Leland456
brossalino2003@yahoo.com:herman158892
brooksmax2103@gmail.com:Franky90!
brownbros2005@gmail.com:Brownbros2005!
brucestnguyen@gmail.com:comgee117-
brookessinc@gmail.com:kimjones1
brownskinariana100@gmail.com:ariana100
brooks.jaelon@gmail.com:Jdb.0523
brsteveee@hotmail.com:whitemamba1
bruhchill247@gmail.com:ricky718
bruhh7773@gmail.com:jasnik123
brostare428@gmail.com:brianyi123
bruno.mauneau@gmail.com:Oblivion-40
brucezayas4087@gmail.com:Jaylouch1
brodriguez9486@yahoo.com:Ohiostate1!
bryan15pb@gmail.com:bryan12345
broque1611@gmail.com:Xazsder16!
bryan3walker@gmail.com:Boomer210
brucehill25@outlook.com:Badgers25!
bruceroberts213@gmail.com:batman0213
brooklynstripes@aol.com:Jayden23
bryan.r.moose@icloud.com:Asdf123!
bryanchenkx@yahoo.com:paul287287
brunye.adams@gmail.com:BA89Odea$
bryanhcshen@gmail.com:mmmm2399
bryanhoang1231@gmail.com:callofduty4
bryanguarin@outlook.com:Virtua)3
bryanangelosantiago@yahoo.it:Narut011
brown.lester24@gmail.com:Kobe4mvp$
bruhbruhbruh91@gmail.com:60717978chun
broscoe23@hotmail.com:Cassanova11@
bryanhunter56@yahoo.com:12Rabbit
bryandang100@gmail.com:giatrinh
browderalandre@yahoo.com:Cadillac77
bry.jardin@gmail.com:Bryan0716!
bruce.waxers.9@gmail.com:bruce2002
brotype3@hotmail.com:mrfrosty01
bryanljs@hotmail.com:96827732
bryan.signo@gmail.com:Sw0rd1mpulse
bryanluna0524@gmail.com:Bryan0524
bryanpixelgun@gmail.com:Champion33*
bryanfury808@gmail.com:Sheriff1!
bryanrodolforubio@hotmail.com:Secondaire1.
bryanpurnomo2003@gmail.com:Superboy2003
bryanjosh23@gmail.com:sunnymead
bryan.232169@gmail.com:Bryan.2369
bryanlr_psn@yahoo.com:0375110a
bryan_francisque@aol.com:lightning123
bryant.vasquez@icloud.com:Mercedezbenz1
bryanilunga@gmail.com:Pizzahut31!
bryan.kryzantos@gmail.com:Happyfeet8@
bryce.hernandez04@gmail.com:Bryce_01
brycecanillo@yahoo.com:starwars123
bryanvasquez000@gmail.com:Elchavo1
bryantmendez@email.arizona.edu:Whambam13
bryanmedeross@gmail.com:0puppyboy
bryannavarodriguez45@gmail.com:1024Bryan
brvrez17@icloud.com:Brayan17$
bryantrutherford4@gmail.com:paperboy
bryancampusano42@gmail.com:Worse2019!
bryanthebeast11@gmail.com:Bblanco06
bryanyapxuekang@icloud.com:akatsuki53
brybertm@gmail.com:purple/gold12
brucekirkland16@gmail.com:Jizzle1205$
bryanbee1717@gmail.com:bb970109
brysnfer@gmail.com:sassi123
bryant712@gmail.com:lB071298
browniebearv@gmail.com:entrar123.
brrljlian@gmail.com:b3c3rril8
bryanalfaro.515@gmail.com:gearsofwar3
bryanescalante64@gmail.com:Herminio1@
bryankred180@gmail.com:mydad100
bsherpa19@gmail.com:nepal349
brycrerobinson04@gmail.com:Joshua104
bryankmwai@gmail.com:Kanyua$1
bryanlee714@gmail.com:Googleme123!
brs28222@email.vccs.edu:brian123
bsims008@gmail.com:Clarissa74!
bryanshoi@gmail.com:Oozora11
bryanjasonnguyen@gmail.com:inuyasha123
bskrill@email.arizona.edu:Generalzod1!
bsrandhawa22@gmail.com:Rockets.1
bryce@ce2that.com:Dodge426hemi
brycethomas270@gmail.com:Beckleyboy1$
bryannevelarde78@gmail.com:Justine@2
brycef911@gmail.com:gateway24
bruno.rosas02@gmail.com:Agua1234!
bryan062391@yahoo.com:2277caps
bryanfrench1044@gmail.com:french55
bryangerry@gmail.com:Skittle1!
bryanmcinturf@gmail.com:Dodgers1x
brycetello.04@gmail.com:Brycee!1!
bsmart21399@gmail.com:Villuminati1
bryce.burdick24@gmail.com:isaiah05
bsayles13@gmail.com:selyas13
brotheryusef3@gmail.com:swagger12
brucelemique123100@gmail.com:lbz4sure
bstuffy@gmail.com:Doglover12*
bsolomon21@msn.com:benhur21
bskgeorge0829@gmail.com:Fenwaypark22
bt.kemble@gmail.com:bonjoursalut
bryanparker139@gmail.com:zman3300
bryson710@gmail.com:Bryson112$
brycestensrud61@gmail.com:Hockeystar61
btsolo1@aol.com:nomolos1
bryan.agar@gmail.com:dreams32
btraeger418@comcast.net:Bradley@2003
buckeyeduffy34@hotmail.com:Bryce2003!
buffpara95@gmail.com:Paraguay13
bstarks03292005@gmail.com:Candypop101$
bryce.wright12@yahoo.com:Tomcats63
bugatti1113@gmail.com:Apple4771
btay128@yahoo.com:Btay1031
bucknerkids123@gmail.com:GuessThis1!
brystontmitchell@gmail.com:Clemson2005!
budimanenzo@gmail.com:Sitigarsiah88
buellinwall@gmail.com:rennoc0700
btaliafero@yahoo.com:Roseline1?
brookstyran0@gmail.com:365grind
btoyama@gmail.com:Seanjohn2k3!
brycendhall0112@gmail.com:deadpool12
btnguyen1514@yahoo.com:Nguyen12
bryce.r.rob@gmail.com:Sarneybryce123
btunkey@gmail.com:1123!^U$a
bumpadump70@gmail.com:Molson07
brownbn2014@gmail.com:Orioles13
bryce_tindell@yahoo.com:Clutch0410
bucketteamrob@gmail.com:RobertT2
buddhakoraladilan@gmail.com:dilan123
brucexie18@gmail.com:XLR8R360
burger2582@gmail.com:Hollaback25@
bucklao80@yahoo.com:Shadow145234
bulls23and1@gmail.com:Towel99.
bundybrandon00@gmail.com:desperaux1
bumpdavenport@gmail.com:Aaronmd1
bryantsalazar13@gmail.com:Adidas10!
bulletproof10249@gmail.com:columbus*1
bubba112103@yahoo.com:Turd2103
btmosier@uh.edu:baseballbeast96
buda854@gmail.com:Gamer4life!
buksuah619@gmail.com:Tinthavo1
bui.dorothy@gmail.com:dongyoungbae
bugaruga@icloud.com:Osmin123
bunleng_thai@live.com:514b0457507
burke.raymond57@yahoo.com:rayray01
bullswingz@gmail.com:roxanne1435
bunnylaces@yahoo.com:Bths2010
burchfielddrake@gmail.com:671243Drake.
brysonmarshall1998@gmail.com:98bryson
bubblethymusic@gmail.com:Aa670125!
btubaces1@gmail.com:benito123
btauro2429@gmail.com:samson17
btam1994@yahoo.com:bt102094
bunsansong@yahoo.com:Shawn316!
bushahri@gmail.com:Tezol486@
burley.floyd@gmail.com:Lilquezzy1
businessmajor83@gmail.com:Clarkkent1.
bubbapenny@gmail.com:Latoya12
bryant.chivaz@gmail.com:ChelseaFC99-
bulls_jay@yahoo.com:Gbs4life
bryan.nguyen503@gmail.com:Basketball9!
burramudgee@gmail.com:Dalton901!
bsill62@gmail.com:siBR1019
bullseye290@outlook.com:Hicks-296
btitus@hotmail.co.uk:Listen123?
bstudent3@gmail.com:Doorknob106#
bryankashawn@yahoo.com:jenifer6
btrosebr@gmail.com:TomBrady12
burneremail0219@gmail.com:Lamar87!
butt11200311@gmail.com:11200311
butterman0805@gmail.com:wyattclark08
bryanvaladez511@gmail.com:Number811
btamanaha12@gmail.com:Brady0708$
burnerademan@yahoo.com:vexedskate1
brunomz23@yahoo.com:Floydp4p
bryanxvii@gmail.com:BrY123!?
brucenguyen2001@yahoo.com:123456DDa
bugle_boy95@hotmail.com:$kateBoard2
buckyandrandi@gmail.com:Doppler1!
buisnessmandavid@yahoo.com:sexybeast@
bwh11702@gmail.com:Avellino.02
bvespinosa@gmail.com:Lakers1990!
bvinccent@gmail.com:Tercero13
bryantcrew17@gmail.com:Emmajean2#
bwilcox13@hotmail.com:Spurs@1998
butterpenguin43@gmail.com:1Likep$e
brycejam2003@gmail.com:1100313979
bups98@gmail.com:Barcelo#41
bwfowler25@gmail.com:210936L7
bwenger04@gmail.com:Littlebear#4
bylee93@gmail.com:pandapple0
bxdoughboy@gmail.com:Titanic28
bsgrace17@gmail.com:kempokid
burhan889@icloud.com:Burhan556
byeo0923@gmail.com:Packers12!
bulaclacrainer@gmail.com:mheat6106
bushmiremark@gmail.com:trtwig123
burritoman2346@gmail.com:elijahmills23
byronvega89123@gmail.com:knight33
bvb12363@yahoo.com:Slipknot8/
byunjohn2000@yahoo.com:Young7846!
bwg2003@gmail.com:Gl0ver-05
burciagam23@gmail.com:Iloveyari7!
burkhalterdandre@yahoo.com:burk1997
c.avalos018@icloud.com:Sunshinelily2010
butron0019@gmail.com:diablo123
byrness5@yahoo.com:beasty55
byflashy@gmail.com:Loo-ool99
bulls1998ca@gmail.com:bulls1998
c.cotichini@gmail.com:cc121234
bryan_mejia123@hotmail.com:Colly1001.
c.briggs1976@gmail.com:Blake812!
c.bryant24@hotmail.co.uk:Kobe2496!
bzamani88@gmail.com:Master99
btk35@georgetown.edu:Tk021295
buygundammodels@gmail.com:junwei26
byball2013@gmail.com:ie43en42
byronrcca@yahoo.com:Dcba4321!
buterz1995@yahoo.com:Josh1995
c.gosey39@outlook.com:Saints39$
bubbygomez7@gmail.com:Smart12!@
byronrichardson1@yahoo.com:JAY12JAY@
c.spillmann@web.de:darksider
budderpoopa@gmail.com:Coycoy345
byron_r_brown@outlook.com:Pumb@123
c.deluna626@gmail.com:Moonman21!
c.resto@yahoo.com:Apollo_26
c.vurun@gmail.com:HipHop88
c.brezden@gmail.com:james1998
byrdboi22@gmail.com:byrdman22
c.j.l.1696@gmail.com:UnKnoweNUKN123
c.kline0711@gmail.com:Cameron0711
cadenstorms@gmail.com:Storms@2002
c.ferminmedina@gmail.com:Foaj8847!
c.d.robertson@hotmail.com:Windows7
cagaggza@gmail.com:elangel13
bumskek@gmail.com:Gutierrez#10
c.anderson0198@yahoo.com:kika3242
bxmanny12@gmail.com:New12york!
c.winkler@live.de:#Halloduda1
cacd32@yahoo.com:ajjpca123
cagarza87@hotmail.com:weasel1023
cadenh560@gmail.com:Whiskey1*
cadavis0522@gmail.com:Chris522!
c.williams87@icloud.com:Megamanx1339
cacydeen@aol.com:@babygL0
cahymes@gmail.com:Lulubear1!
ca180764@misdmail.net:!Watson2016
byronparis9@gmail.com:Karate200!3
cadenceethel1212@gmail.com:169140122
caisglencross@gmail.com:Psyche#1995!
caitonbussard@gmail.com:Buster#9
byahsxc2016@gmail.com:battler1211
caine.dorrelle@gmail.com:March2nd!
cadekarl@me.com:Silver1020
bundit.phe@gmail.com:zxcv1234
bustdownelijah@gmail.com:Shield355
cak1221@live.com:Paco21$$$
caitlint965@yahoo.com:notredame
c485arias@gmail.com:asshole8
c.duggirala10@gmail.com:HaasD@10
buckingham.luke39@gmail.com:NavySEALs14!
bwil33@hotmail.com:Lakers33
caden.jeffreylew@hotmail.com:Tjcjtjcj13
by102030@yahoo.com:Angvag12
caifanesbunbury@gmail.com:Kevin@123
c.hong7288@gmail.com:lazy7288
bwduval90431@yahoo.com:bw198131
c.walker1400@gmail.com:Faith193!
caitlin.kitkat3@yahoo.com:@#$werSDF3
c.banks6@yahoo.com:Baller#23
c.musgrave02@gmail.com:09131997mE!
cajigasmarcos0917@gmail.com:kilo1289
caelanpeak@gmail.com:Pepper1982!
cadenmiller14@gmail.com:mizzou14
byronmazariegos75@gmail.com:Maxpower48
calebatwood510@hotmail.com:Atwood.5
bw.is.epic@gmail.com:connor05
caitlingarner123@yahoo.com:Yves123!
caddell366@gmail.com:destroy1
butter12pearson@gmail.com:Pearson3
caleblev23@gmail.com:Baseball23!
calebpetty05@gmail.com:Luckyman99!
caleb.crook1999@gmail.com:patriots13
caleb5291999@gmail.com:caleb0529
calapai1010@gmail.com:Turtle0717!
calebfett8@gmail.com:cooper7170
caleb.sanabria@gmail.com:400babies
c.mike0510@yahoo.com:Minzgaw13!
calebadegoke@gmail.com:Jordan23!
calebtylerthomas@gmail.com:Ballin15
caleb.schonfelder105@gmail.com:112200zZ
c.j.merritt@hotmail.com:#1Goldie
cabrerafrancisco37@gmail.com:ps.1144life
calebmonroe45@yahoo.com:Family98
calebwe@gmail.com:Sharlette11
calebstoyles69@icloud.com:Caleb123
caleb.walker03@gmail.com:Lebron06!
caitlinxquach@gmail.com:fifthlovato<3
calebbaldridge@rocketmail.com:Fatkid1!
cadeqcooper@gmail.com:c0906574
calebkim363@gmail.com:1Qaz@wsx
calebschim@gmail.com:Lilbro2002
calebrobbins54@yahoo.com:Football55$
calicalhoun15@gmail.com:Midas111
caesarzin.2000@gmail.com:Blackbirds07
cademer@icloud.com:Rocketrunner5
calgoldenstate1@gmail.com:neinnub1997
c.wal214@gmail.com:@Marissa23
calebturner27@gmail.com:Helicopter123!
calebwilson134@gmail.com:cw168305
calebhonore@rocketmail.com:Holiday21$
calebseward@gmail.com:football57
bubstert@gmail.com:Pokemon30!
caedynchris@gmail.com:Caedyn#24
caguila1998@gmail.com:Carisa121518!!
c.andrien@yahoo.com:Shark101
caidenschwab@gmail.com:-Ootm-2009
cabelloblake@gmail.com:Momdad25
calipinkchiken@yahoo.com:b3stm0nk3y
calebo.santos@gmail.com:Calebo25
calebjdh@gmail.com:GameOn#222
byron2391@gmail.com:Sammyj23
bwetzlich@gmail.com:bew55752
callmehiro27@gmail.com:warhawk18*
brycepesak1313@gmail.com:18pesakb
caitlynn_davison@yahoo.com:Kcjsldcnsd99!
cadentb2003@gmail.com:Tree2003$$
caimeric@gmail.com:rewrite1
caleb0816@yahoo.com:Abcd#1234
calamba03@gmail.com:peacemaker2014
calebjones47@gmail.com:Calebjones2001
calisterblade@gmail.com:wwwokcom
callmeedwins16@gmail.com:Santo@2002
cakpeneye@gmail.com:camtheman210
callanrussell2002@gmail.com:callan08
caleblowry595@gmail.com:calebl10
calvinlui65@yahoo.com:Cal123vin
calvin5randall@gmail.com:Password205
ca.basileus@gmail.com:Pridelions
caleb98.lofton@gmail.com:Hooper98$
calvy.wong@gmail.com:calvin987
calvinnguy3n@gmail.com:jordan23
cainsmark248@gmail.com:Kobe5rings@
callumw36@gmail.com:intervention36
calvin.v.shepherd@gmail.com:Chiave01
bwesley63@gmail.com:Bw81599722
calvin.cameron5@gmail.com:nihongo.14
calebvasquez212@gmail.com:fireball1879
calvinjohnsoncj@yahoo.com:Idontknow#1
calvinkid2@gmail.com:tang1235789
businessteennow@gmail.com:Panda711!
cam6251@gmail.com:cam24658
bryan.rodriguez.2002.89@gmail.com:bryan.2002
calebball800@gmail.com:qazxc800
calvinkaul@gmail.com:HelloItsMe4.
cameron.mustafa@gmail.com:islam123
calebkkbar@yahoo.com:123noah123
camacho.b670@gmail.com:pokemon2*
cambruce2006@gmail.com:Bruce2006!
camdenhosn@gmail.com:camden123.com
cam.denson21@gmail.com:cameron21
calvinhangg@gmail.com:Calvink3
calvincastillo12@ymail.com:monkey0812
calystanicole@gmail.com:Purplerox1!
camariw9@gmail.com:Camari123
caleb.gonzalez2001@gmail.com:blackwizard13
calvinhuang000@gmail.com:lostboy1
camerongregory92@gmail.com:Diesel2001
cameclancoleader@gmail.com:kitokemp96
call.eli@yahoo.com:Eli2002!
cameron.k.smith.cs@gmail.com:Panther1!
calvint99@hotmail.com:desmond199
camereynolds1@gmail.com:jeffhardy1
cameron.gosha@gmail.com:Andrew1234$
calvinwhume@gmail.com:fun4me2!
cameronmcgregor10@gmail.com:Indians12!
calvinsaechao00@gmail.com:Saechao00
cameron_bender3@yahoo.com:Baseball_3
cam.hooks@yahoo.com:Chloex2430$
cameron.jang14@gmail.com:Waffles470
cameronstull4@gmail.com:MicrosoftXbox1!
cameronrose861@gmail.com:Cameron_1
cacart33@gmail.com:Camden1030
calvin.wann@gmail.com:shadowboy1
calliesiu@hotmail.com:initiald
cam.goheen@yahoo.com:Parker2002
camjaccobb@gmail.com:camjaccobb2002
cameronsmithical@gmail.com:Angel@14
cameronwood784@gmail.com:18857csw
cam516@sbcglobal.net:cavman1121
calvinduong17@gmail.com:lakers12
cameron.bias16@gmail.com:aesd1234
cam.b.johns@gmail.com:cateye93
camlee7879@gmail.com:CamLee4647
burghflexn@gmail.com:Oliver02
cameron.donnelly@hotmail.com:Snowballs12
calnhill32@gmail.com:Polopolo00
campos.jose199@gmail.com:campos12
calvinjwang8@gmail.com:calvin8*
calebjustice27@yahoo.com:Cbrabham27
camrypulls@gmail.com:Abman911
cameronjacobbaker10@gmail.com:Jesusfreak1234
calvinhill8771@yahoo.com:Crosby8771
camsgotgame@gmail.com:Cameron0733
c.touandiro@gmail.com:jahone06
campagano27@gmail.com:cpagano72
cameronkhan15@gmail.com:Cameron123
camden.smith11@icloud.com:seahawks
camnumber64@gmail.com:cameron1
calvinmetellus1@gmail.com:noflexzone
calvindixon@yahoo.com:dixo6348
cameronespn06@gmail.com:Espn2006!
calvin.sentosa@gmail.com:Lgssd1234
camonsterr@gmail.com:Hornets2003
cammcdougal25@gmail.com:Camron1!4
camron112c.g@gmail.com:astro206
caleblooney02@gmail.com:Caleb2002!
candrews421@yahoo.com:basketball04
cammyondiscord@gmail.com:Skuzybear12!
camx1010@gmail.com:Lokualca5
calvin.small2014@gmail.com:Rawne$$1
cannonsteffen@gmail.com:1Cannon23
car.gonzalez099@gmail.com:Bulls23!
captain_diamod_leo@yahoo.com:Discordant1
calchiu03@yahoo.com:darker#1
capsdad1@aol.com:coolcat2000
cameronfiorini@gmail.com:R2d2c3po99!
cammerinscott@gmail.com:cammerin12
cannonatoriei@gmail.com:Dominic1
carcamochris@gmail.com:blue0824
cameronbatcules2011@hotmail.ca:poseidon1234
cameronnolson@gmail.com:Cubbydog1!
camtom1999@gmail.com:batty123
campbelj23@yahoo.com:jordan23
